
> Configure project :app
WARNING: Using flatDir should be avoided because it doesn't support any meta-data formats.

> Configure project :capacitor-cordova-android-plugins
WARNING: Using flatDir should be avoided because it doesn't support any meta-data formats.

> Task :app:preBuild UP-TO-DATE
> Task :app:preDebugBuild UP-TO-DATE
> Task :app:mergeDebugNativeDebugMetadata NO-SOURCE
> Task :app:javaPreCompileDebug UP-TO-DATE
> Task :capacitor-android:preBuild UP-TO-DATE
> Task :capacitor-android:preDebugBuild UP-TO-DATE
> Task :capacitor-android:writeDebugAarMetadata UP-TO-DATE
> Task :capacitor-cordova-android-plugins:preBuild UP-TO-DATE
> Task :capacitor-cordova-android-plugins:preDebugBuild UP-TO-DATE
> Task :capacitor-cordova-android-plugins:writeDebugAarMetadata UP-TO-DATE
> Task :capgo-capacitor-native-biometric:preBuild UP-TO-DATE
> Task :capgo-capacitor-native-biometric:preDebugBuild UP-TO-DATE
> Task :capgo-capacitor-native-biometric:writeDebugAarMetadata UP-TO-DATE
> Task :app:checkDebugAarMetadata UP-TO-DATE
> Task :capacitor-android:processDebugNavigationResources UP-TO-DATE
> Task :capacitor-cordova-android-plugins:processDebugNavigationResources UP-TO-DATE
> Task :capgo-capacitor-native-biometric:processDebugNavigationResources UP-TO-DATE
> Task :app:processDebugNavigationResources UP-TO-DATE
> Task :app:compileDebugNavigationResources UP-TO-DATE
> Task :app:generateDebugResValues UP-TO-DATE
> Task :capacitor-android:generateDebugResValues UP-TO-DATE
> Task :capacitor-android:generateDebugResources UP-TO-DATE
> Task :capacitor-android:packageDebugResources UP-TO-DATE
> Task :capacitor-cordova-android-plugins:generateDebugResValues UP-TO-DATE
> Task :capacitor-cordova-android-plugins:generateDebugResources UP-TO-DATE
> Task :capacitor-cordova-android-plugins:packageDebugResources UP-TO-DATE
> Task :capgo-capacitor-native-biometric:generateDebugResValues UP-TO-DATE
> Task :capgo-capacitor-native-biometric:generateDebugResources UP-TO-DATE
> Task :capgo-capacitor-native-biometric:packageDebugResources UP-TO-DATE
> Task :app:mapDebugSourceSetPaths UP-TO-DATE
> Task :app:generateDebugResources UP-TO-DATE
> Task :app:mergeDebugResources UP-TO-DATE
> Task :app:packageDebugResources UP-TO-DATE
> Task :app:parseDebugLocalResources UP-TO-DATE
> Task :app:createDebugCompatibleScreenManifests UP-TO-DATE
> Task :app:extractDeepLinksDebug UP-TO-DATE
> Task :capacitor-android:extractDeepLinksDebug UP-TO-DATE
> Task :capacitor-android:processDebugManifest UP-TO-DATE
> Task :capacitor-cordova-android-plugins:extractDeepLinksDebug UP-TO-DATE
> Task :capacitor-cordova-android-plugins:processDebugManifest UP-TO-DATE
> Task :capgo-capacitor-native-biometric:extractDeepLinksDebug UP-TO-DATE
> Task :capgo-capacitor-native-biometric:processDebugManifest UP-TO-DATE
> Task :app:processDebugMainManifest UP-TO-DATE
> Task :app:processDebugManifest UP-TO-DATE
> Task :app:processDebugManifestForPackage UP-TO-DATE
> Task :capacitor-android:compileDebugLibraryResources UP-TO-DATE
> Task :capacitor-android:parseDebugLocalResources UP-TO-DATE
> Task :capacitor-android:generateDebugRFile UP-TO-DATE
> Task :capacitor-cordova-android-plugins:compileDebugLibraryResources UP-TO-DATE
> Task :capacitor-cordova-android-plugins:parseDebugLocalResources UP-TO-DATE
> Task :capacitor-cordova-android-plugins:generateDebugRFile UP-TO-DATE
> Task :capgo-capacitor-native-biometric:compileDebugLibraryResources UP-TO-DATE
> Task :capgo-capacitor-native-biometric:parseDebugLocalResources UP-TO-DATE
> Task :capgo-capacitor-native-biometric:generateDebugRFile UP-TO-DATE
> Task :app:processDebugResources UP-TO-DATE
> Task :capacitor-android:javaPreCompileDebug UP-TO-DATE
> Task :capacitor-android:compileDebugJavaWithJavac UP-TO-DATE
> Task :capacitor-android:bundleLibCompileToJarDebug UP-TO-DATE
> Task :capacitor-cordova-android-plugins:javaPreCompileDebug UP-TO-DATE
> Task :capacitor-cordova-android-plugins:compileDebugJavaWithJavac NO-SOURCE
> Task :capacitor-cordova-android-plugins:bundleLibCompileToJarDebug UP-TO-DATE
> Task :capgo-capacitor-native-biometric:javaPreCompileDebug UP-TO-DATE
> Task :capgo-capacitor-native-biometric:compileDebugJavaWithJavac UP-TO-DATE
> Task :capgo-capacitor-native-biometric:bundleLibCompileToJarDebug UP-TO-DATE
> Task :app:compileDebugJavaWithJavac UP-TO-DATE
> Task :app:mergeDebugShaders UP-TO-DATE
> Task :app:compileDebugShaders NO-SOURCE
> Task :app:generateDebugAssets UP-TO-DATE
> Task :capacitor-android:mergeDebugShaders UP-TO-DATE
> Task :capacitor-android:compileDebugShaders NO-SOURCE
> Task :capacitor-android:generateDebugAssets UP-TO-DATE
> Task :capacitor-android:mergeDebugAssets UP-TO-DATE
> Task :capacitor-cordova-android-plugins:mergeDebugShaders UP-TO-DATE
> Task :capacitor-cordova-android-plugins:compileDebugShaders NO-SOURCE
> Task :capacitor-cordova-android-plugins:generateDebugAssets UP-TO-DATE
> Task :capacitor-cordova-android-plugins:mergeDebugAssets UP-TO-DATE
> Task :capgo-capacitor-native-biometric:mergeDebugShaders UP-TO-DATE
> Task :capgo-capacitor-native-biometric:compileDebugShaders NO-SOURCE
> Task :capgo-capacitor-native-biometric:generateDebugAssets UP-TO-DATE
> Task :capgo-capacitor-native-biometric:mergeDebugAssets UP-TO-DATE
> Task :app:mergeDebugAssets FAILED
./gradlew.bat : 
En línea: 1 Carácter: 13
+ cd android; ./gradlew.bat assembleDebug --stacktrace > ../build_error ...
+             ~~~~~~~~~~~~~~~~~~~~~~~~~~~~~~~~~~~~~~~~~~~~~~~~~~~~~~~~~
    + CategoryInfo          : NotSpecified: (:String) [], RemoteException
    + FullyQualifiedErrorId : NativeCommandError
 
FAILURE: Build failed with an exception.

* What went wrong:
Execution failed for task ':app:mergeDebugAssets'.
> java.io.IOException: Unable to delete directory 'C:\Users\roger\OneDrive\Desktop\Backup 
Synaptica-AppFin\synaptica-next\android\app\build\intermediates\assets\debug\mergeDebugAss
ets'
    Failed to delete some children. This might happen because a process has files open or 
has its working directory set in the target directory.
    - C:\Users\roger\OneDrive\Desktop\Backup Synaptica-AppFin\synaptica-next\android\app\b
uild\intermediates\assets\debug\mergeDebugAssets\public\_next\static\-WcIAuWcJef1Y_86HA0WZ
    - C:\Users\roger\OneDrive\Desktop\Backup Synaptica-AppFin\synaptica-next\android\app\b
uild\intermediates\assets\debug\mergeDebugAssets\public\_next\static\2dTQkdAZEiY91HkZA7e6i
    - C:\Users\roger\OneDrive\Desktop\Backup Synaptica-AppFin\synaptica-next\android\app\b
uild\intermediates\assets\debug\mergeDebugAssets\public\_next\static\673nXwO3EJLpccDDAmWzG
    - C:\Users\roger\OneDrive\Desktop\Backup Synaptica-AppFin\synaptica-next\android\app\b
uild\intermediates\assets\debug\mergeDebugAssets\public\_next\static\6dJrdpmlvOElv1CW1PDF8
    - C:\Users\roger\OneDrive\Desktop\Backup Synaptica-AppFin\synaptica-next\android\app\b
uild\intermediates\assets\debug\mergeDebugAssets\public\_next\static\7pAR1YhmKINMmaMQXK8vI
    - C:\Users\roger\OneDrive\Desktop\Backup Synaptica-AppFin\synaptica-next\android\app\b
uild\intermediates\assets\debug\mergeDebugAssets\public\_next\static\AIBXrX-5yodNgs7aop7hP
    - C:\Users\roger\OneDrive\Desktop\Backup Synaptica-AppFin\synaptica-next\android\app\b
uild\intermediates\assets\debug\mergeDebugAssets\public\_next\static\btY1HTto7Kdv7rHTMl0j_
    - C:\Users\roger\OneDrive\Desktop\Backup Synaptica-AppFin\synaptica-next\android\app\b
uild\intermediates\assets\debug\mergeDebugAssets\public\_next\static\eZ7aCb8fQrAJS6HfD5020
    - C:\Users\roger\OneDrive\Desktop\Backup Synaptica-AppFin\synaptica-next\android\app\b
uild\intermediates\assets\debug\mergeDebugAssets\public\_next\static\hSI1HI0TUmKlRd380yjtP
    - C:\Users\roger\OneDrive\Desktop\Backup Synaptica-AppFin\synaptica-next\android\app\b
uild\intermediates\assets\debug\mergeDebugAssets\public\_next\static\HVydkMOOFufjbbnzr3CqA
    - C:\Users\roger\OneDrive\Desktop\Backup Synaptica-AppFin\synaptica-next\android\app\b
uild\intermediates\assets\debug\mergeDebugAssets\public\_next\static\lPGr78JG9zons13NvZgby
    - C:\Users\roger\OneDrive\Desktop\Backup Synaptica-AppFin\synaptica-next\android\app\b
uild\intermediates\assets\debug\mergeDebugAssets\public\_next\static\MhnJk-UaBEnLF-MXW61O5
    - C:\Users\roger\OneDrive\Desktop\Backup Synaptica-AppFin\synaptica-next\android\app\b
uild\intermediates\assets\debug\mergeDebugAssets\public\_next\static\mmNBIhpwJ27ZHzvT27RJS
    - C:\Users\roger\OneDrive\Desktop\Backup Synaptica-AppFin\synaptica-next\android\app\b
uild\intermediates\assets\debug\mergeDebugAssets\public\_next\static\moj2V7A-Y7AtjK1d911vn
    - C:\Users\roger\OneDrive\Desktop\Backup Synaptica-AppFin\synaptica-next\android\app\b
uild\intermediates\assets\debug\mergeDebugAssets\public\_next\static\OcuPYfsW000JfAXFYurv4
    - C:\Users\roger\OneDrive\Desktop\Backup Synaptica-AppFin\synaptica-next\android\app\b
uild\intermediates\assets\debug\mergeDebugAssets\public\_next\static\Rd37ejhCbUETv13elmOJ_
    - and more ...

* Try:
> Run with --info or --debug option to get more log output.
> Run with --scan to get full insights.
> Get more help at https://help.gradle.org.

* Exception is:
org.gradle.api.tasks.TaskExecutionException: Execution failed for task 
':app:mergeDebugAssets'.
	at org.gradle.api.internal.tasks.execution.CatchExceptionTaskExecuter.execute(CatchExcept
ionTaskExecuter.java:38)
	at org.gradle.api.internal.tasks.execution.EventFiringTaskExecuter$1.executeTask(EventFir
ingTaskExecuter.java:77)
	at org.gradle.api.internal.tasks.execution.EventFiringTaskExecuter$1.call(EventFiringTask
Executer.java:55)
	at org.gradle.api.internal.tasks.execution.EventFiringTaskExecuter$1.call(EventFiringTask
Executer.java:52)
	at org.gradle.internal.operations.DefaultBuildOperationRunner$CallableBuildOperationWorke
r.execute(DefaultBuildOperationRunner.java:210)
	at org.gradle.internal.operations.DefaultBuildOperationRunner$CallableBuildOperationWorke
r.execute(DefaultBuildOperationRunner.java:205)
	at org.gradle.internal.operations.DefaultBuildOperationRunner$2.execute(DefaultBuildOpera
tionRunner.java:67)
	at org.gradle.internal.operations.DefaultBuildOperationRunner$2.execute(DefaultBuildOpera
tionRunner.java:60)
	at org.gradle.internal.operations.DefaultBuildOperationRunner.execute(DefaultBuildOperati
onRunner.java:167)
	at org.gradle.internal.operations.DefaultBuildOperationRunner.execute(DefaultBuildOperati
onRunner.java:60)
	at org.gradle.internal.operations.DefaultBuildOperationRunner.call(DefaultBuildOperationR
unner.java:54)
	at org.gradle.api.internal.tasks.execution.EventFiringTaskExecuter.execute(EventFiringTas
kExecuter.java:52)
	at org.gradle.execution.plan.LocalTaskNodeExecutor.execute(LocalTaskNodeExecutor.java:42)
	at org.gradle.execution.taskgraph.DefaultTaskExecutionGraph$InvokeNodeExecutorsAction.exe
cute(DefaultTaskExecutionGraph.java:331)
	at org.gradle.execution.taskgraph.DefaultTaskExecutionGraph$InvokeNodeExecutorsAction.exe
cute(DefaultTaskExecutionGraph.java:318)
	at org.gradle.execution.taskgraph.DefaultTaskExecutionGraph$BuildOperationAwareExecutionA
ction.lambda$execute$0(DefaultTaskExecutionGraph.java:314)
	at org.gradle.internal.operations.CurrentBuildOperationRef.with(CurrentBuildOperationRef.
java:85)
	at org.gradle.execution.taskgraph.DefaultTaskExecutionGraph$BuildOperationAwareExecutionA
ction.execute(DefaultTaskExecutionGraph.java:314)
	at org.gradle.execution.taskgraph.DefaultTaskExecutionGraph$BuildOperationAwareExecutionA
ction.execute(DefaultTaskExecutionGraph.java:303)
	at org.gradle.execution.plan.DefaultPlanExecutor$ExecutorWorker.execute(DefaultPlanExecut
or.java:459)
	at org.gradle.execution.plan.DefaultPlanExecutor$ExecutorWorker.run(DefaultPlanExecutor.j
ava:376)
	at org.gradle.internal.concurrent.ExecutorPolicy$CatchAndRecordFailures.onExecute(Executo
rPolicy.java:64)
	at org.gradle.internal.concurrent.AbstractManagedExecutor$1.run(AbstractManagedExecutor.j
ava:48)
Caused by: java.io.UncheckedIOException: java.io.IOException: Unable to delete directory 
'C:\Users\roger\OneDrive\Desktop\Backup Synaptica-AppFin\synaptica-next\android\app\build\
intermediates\assets\debug\mergeDebugAssets'
  Failed to delete some children. This might happen because a process has files open or 
has its working directory set in the target directory.
  - C:\Users\roger\OneDrive\Desktop\Backup Synaptica-AppFin\synaptica-next\android\app\bui
ld\intermediates\assets\debug\mergeDebugAssets\public\_next\static\-WcIAuWcJef1Y_86HA0WZ
  - C:\Users\roger\OneDrive\Desktop\Backup Synaptica-AppFin\synaptica-next\android\app\bui
ld\intermediates\assets\debug\mergeDebugAssets\public\_next\static\2dTQkdAZEiY91HkZA7e6i
  - C:\Users\roger\OneDrive\Desktop\Backup Synaptica-AppFin\synaptica-next\android\app\bui
ld\intermediates\assets\debug\mergeDebugAssets\public\_next\static\673nXwO3EJLpccDDAmWzG
  - C:\Users\roger\OneDrive\Desktop\Backup Synaptica-AppFin\synaptica-next\android\app\bui
ld\intermediates\assets\debug\mergeDebugAssets\public\_next\static\6dJrdpmlvOElv1CW1PDF8
  - C:\Users\roger\OneDrive\Desktop\Backup Synaptica-AppFin\synaptica-next\android\app\bui
ld\intermediates\assets\debug\mergeDebugAssets\public\_next\static\7pAR1YhmKINMmaMQXK8vI
  - C:\Users\roger\OneDrive\Desktop\Backup Synaptica-AppFin\synaptica-next\android\app\bui
ld\intermediates\assets\debug\mergeDebugAssets\public\_next\static\AIBXrX-5yodNgs7aop7hP
  - C:\Users\roger\OneDrive\Desktop\Backup Synaptica-AppFin\synaptica-next\android\app\bui
ld\intermediates\assets\debug\mergeDebugAssets\public\_next\static\btY1HTto7Kdv7rHTMl0j_
  - C:\Users\roger\OneDrive\Desktop\Backup Synaptica-AppFin\synaptica-next\android\app\bui
ld\intermediates\assets\debug\mergeDebugAssets\public\_next\static\eZ7aCb8fQrAJS6HfD5020
  - C:\Users\roger\OneDrive\Desktop\Backup Synaptica-AppFin\synaptica-next\android\app\bui
ld\intermediates\assets\debug\mergeDebugAssets\public\_next\static\hSI1HI0TUmKlRd380yjtP
  - C:\Users\roger\OneDrive\Desktop\Backup Synaptica-AppFin\synaptica-next\android\app\bui
ld\intermediates\assets\debug\mergeDebugAssets\public\_next\static\HVydkMOOFufjbbnzr3CqA
  - C:\Users\roger\OneDrive\Desktop\Backup Synaptica-AppFin\synaptica-next\android\app\bui
ld\intermediates\assets\debug\mergeDebugAssets\public\_next\static\lPGr78JG9zons13NvZgby
  - C:\Users\roger\OneDrive\Desktop\Backup Synaptica-AppFin\synaptica-next\android\app\bui
ld\intermediates\assets\debug\mergeDebugAssets\public\_next\static\MhnJk-UaBEnLF-MXW61O5
  - C:\Users\roger\OneDrive\Desktop\Backup Synaptica-AppFin\synaptica-next\android\app\bui
ld\intermediates\assets\debug\mergeDebugAssets\public\_next\static\mmNBIhpwJ27ZHzvT27RJS
  - C:\Users\roger\OneDrive\Desktop\Backup Synaptica-AppFin\synaptica-next\android\app\bui
ld\intermediates\assets\debug\mergeDebugAssets\public\_next\static\moj2V7A-Y7AtjK1d911vn
  - C:\Users\roger\OneDrive\Desktop\Backup Synaptica-AppFin\synaptica-next\android\app\bui
ld\intermediates\assets\debug\mergeDebugAssets\public\_next\static\OcuPYfsW000JfAXFYurv4
  - C:\Users\roger\OneDrive\Desktop\Backup Synaptica-AppFin\synaptica-next\android\app\bui
ld\intermediates\assets\debug\mergeDebugAssets\public\_next\static\Rd37ejhCbUETv13elmOJ_
  - and more ...
	at org.gradle.internal.execution.steps.RemovePreviousOutputsStep$2.visitOutputProperty(Re
movePreviousOutputsStep.java:127)
	at 
org.gradle.api.internal.tasks.execution.TaskExecution.visitOutputs(TaskExecution.java:344)
	at org.gradle.internal.execution.steps.RemovePreviousOutputsStep.cleanupExclusivelyOwnedO
utputs(RemovePreviousOutputsStep.java:110)
	at org.gradle.internal.execution.steps.RemovePreviousOutputsStep.execute(RemovePreviousOu
tputsStep.java:63)
	at org.gradle.internal.execution.steps.RemovePreviousOutputsStep.execute(RemovePreviousOu
tputsStep.java:37)
	at org.gradle.internal.execution.steps.BroadcastChangingOutputsStep.execute(BroadcastChan
gingOutputsStep.java:61)
	at org.gradle.internal.execution.steps.BroadcastChangingOutputsStep.execute(BroadcastChan
gingOutputsStep.java:26)
	at org.gradle.internal.execution.steps.CaptureOutputsAfterExecutionStep.execute(CaptureOu
tputsAfterExecutionStep.java:69)
	at org.gradle.internal.execution.steps.CaptureOutputsAfterExecutionStep.execute(CaptureOu
tputsAfterExecutionStep.java:46)
	at org.gradle.internal.execution.steps.ResolveInputChangesStep.execute(ResolveInputChange
sStep.java:40)
	at org.gradle.internal.execution.steps.ResolveInputChangesStep.execute(ResolveInputChange
sStep.java:29)
	at org.gradle.internal.execution.steps.BuildCacheStep.executeWithoutCache(BuildCacheStep.
java:189)
	at org.gradle.internal.execution.steps.BuildCacheStep.lambda$execute$1(BuildCacheStep.jav
a:75)
	at org.gradle.internal.Either$Right.fold(Either.java:175)
	at org.gradle.internal.execution.caching.CachingState.fold(CachingState.java:62)
	at org.gradle.internal.execution.steps.BuildCacheStep.execute(BuildCacheStep.java:73)
	at org.gradle.internal.execution.steps.BuildCacheStep.execute(BuildCacheStep.java:48)
	at org.gradle.internal.execution.steps.StoreExecutionStateStep.execute(StoreExecutionStat
eStep.java:46)
	at org.gradle.internal.execution.steps.StoreExecutionStateStep.execute(StoreExecutionStat
eStep.java:35)
	at org.gradle.internal.execution.steps.SkipUpToDateStep.executeBecause(SkipUpToDateStep.j
ava:75)
	at org.gradle.internal.execution.steps.SkipUpToDateStep.lambda$execute$2(SkipUpToDateStep
.java:53)
	at org.gradle.internal.execution.steps.SkipUpToDateStep.execute(SkipUpToDateStep.java:53)
	at org.gradle.internal.execution.steps.SkipUpToDateStep.execute(SkipUpToDateStep.java:35)
	at org.gradle.internal.execution.steps.legacy.MarkSnapshottingInputsFinishedStep.execute(
MarkSnapshottingInputsFinishedStep.java:37)
	at org.gradle.internal.execution.steps.legacy.MarkSnapshottingInputsFinishedStep.execute(
MarkSnapshottingInputsFinishedStep.java:27)
	at org.gradle.internal.execution.steps.ResolveIncrementalCachingStateStep.executeDelegate
(ResolveIncrementalCachingStateStep.java:49)
	at org.gradle.internal.execution.steps.ResolveIncrementalCachingStateStep.executeDelegate
(ResolveIncrementalCachingStateStep.java:27)
	at org.gradle.internal.execution.steps.AbstractResolveCachingStateStep.execute(AbstractRe
solveCachingStateStep.java:71)
	at org.gradle.internal.execution.steps.AbstractResolveCachingStateStep.execute(AbstractRe
solveCachingStateStep.java:39)
	at 
org.gradle.internal.execution.steps.ResolveChangesStep.execute(ResolveChangesStep.java:65)
	at 
org.gradle.internal.execution.steps.ResolveChangesStep.execute(ResolveChangesStep.java:36)
	at org.gradle.internal.execution.steps.ValidateStep.execute(ValidateStep.java:107)
	at org.gradle.internal.execution.steps.ValidateStep.execute(ValidateStep.java:56)
	at org.gradle.internal.execution.steps.AbstractCaptureStateBeforeExecutionStep.execute(Ab
stractCaptureStateBeforeExecutionStep.java:64)
	at org.gradle.internal.execution.steps.AbstractCaptureStateBeforeExecutionStep.execute(Ab
stractCaptureStateBeforeExecutionStep.java:43)
	at org.gradle.internal.execution.steps.AbstractSkipEmptyWorkStep.executeWithNonEmptySourc
es(AbstractSkipEmptyWorkStep.java:125)
	at org.gradle.internal.execution.steps.AbstractSkipEmptyWorkStep.execute(AbstractSkipEmpt
yWorkStep.java:56)
	at org.gradle.internal.execution.steps.AbstractSkipEmptyWorkStep.execute(AbstractSkipEmpt
yWorkStep.java:36)
	at org.gradle.internal.execution.steps.legacy.MarkSnapshottingInputsStartedStep.execute(M
arkSnapshottingInputsStartedStep.java:38)
	at org.gradle.internal.execution.steps.LoadPreviousExecutionStateStep.execute(LoadPreviou
sExecutionStateStep.java:36)
	at org.gradle.internal.execution.steps.LoadPreviousExecutionStateStep.execute(LoadPreviou
sExecutionStateStep.java:23)
	at org.gradle.internal.execution.steps.HandleStaleOutputsStep.execute(HandleStaleOutputsS
tep.java:75)
	at org.gradle.internal.execution.steps.HandleStaleOutputsStep.execute(HandleStaleOutputsS
tep.java:41)
	at org.gradle.internal.execution.steps.AssignMutableWorkspaceStep.lambda$execute$0(Assign
MutableWorkspaceStep.java:35)
	at org.gradle.api.internal.tasks.execution.TaskExecution$4.withWorkspace(TaskExecution.ja
va:289)
	at org.gradle.internal.execution.steps.AssignMutableWorkspaceStep.execute(AssignMutableWo
rkspaceStep.java:31)
	at org.gradle.internal.execution.steps.AssignMutableWorkspaceStep.execute(AssignMutableWo
rkspaceStep.java:22)
	at 
org.gradle.internal.execution.steps.ChoosePipelineStep.execute(ChoosePipelineStep.java:40)
	at 
org.gradle.internal.execution.steps.ChoosePipelineStep.execute(ChoosePipelineStep.java:23)
	at org.gradle.internal.execution.steps.ExecuteWorkBuildOperationFiringStep.lambda$execute
$2(ExecuteWorkBuildOperationFiringStep.java:67)
	at org.gradle.internal.execution.steps.ExecuteWorkBuildOperationFiringStep.execute(Execut
eWorkBuildOperationFiringStep.java:67)
	at org.gradle.internal.execution.steps.ExecuteWorkBuildOperationFiringStep.execute(Execut
eWorkBuildOperationFiringStep.java:39)
	at 
org.gradle.internal.execution.steps.IdentityCacheStep.execute(IdentityCacheStep.java:46)
	at 
org.gradle.internal.execution.steps.IdentityCacheStep.execute(IdentityCacheStep.java:34)
	at org.gradle.internal.execution.steps.IdentifyStep.execute(IdentifyStep.java:48)
	at org.gradle.internal.execution.steps.IdentifyStep.execute(IdentifyStep.java:35)
	at org.gradle.internal.execution.impl.DefaultExecutionEngine$1.execute(DefaultExecutionEn
gine.java:64)
	at org.gradle.api.internal.tasks.execution.ExecuteActionsTaskExecuter.executeIfValid(Exec
uteActionsTaskExecuter.java:127)
	at org.gradle.api.internal.tasks.execution.ExecuteActionsTaskExecuter.execute(ExecuteActi
onsTaskExecuter.java:116)
	at org.gradle.api.internal.tasks.execution.ProblemsTaskPathTrackingTaskExecuter.execute(P
roblemsTaskPathTrackingTaskExecuter.java:41)
	at org.gradle.api.internal.tasks.execution.FinalizePropertiesTaskExecuter.execute(Finaliz
ePropertiesTaskExecuter.java:46)
	at org.gradle.api.internal.tasks.execution.ResolveTaskExecutionModeExecuter.execute(Resol
veTaskExecutionModeExecuter.java:51)
	at org.gradle.api.internal.tasks.execution.SkipTaskWithNoActionsExecuter.execute(SkipTask
WithNoActionsExecuter.java:57)
	at org.gradle.api.internal.tasks.execution.SkipOnlyIfTaskExecuter.execute(SkipOnlyIfTaskE
xecuter.java:74)
	at org.gradle.api.internal.tasks.execution.CatchExceptionTaskExecuter.execute(CatchExcept
ionTaskExecuter.java:36)
	at org.gradle.api.internal.tasks.execution.EventFiringTaskExecuter$1.executeTask(EventFir
ingTaskExecuter.java:77)
	at org.gradle.api.internal.tasks.execution.EventFiringTaskExecuter$1.call(EventFiringTask
Executer.java:55)
	at org.gradle.api.internal.tasks.execution.EventFiringTaskExecuter$1.call(EventFiringTask
Executer.java:52)
	at org.gradle.internal.operations.DefaultBuildOperationRunner$CallableBuildOperationWorke
r.execute(DefaultBuildOperationRunner.java:210)
	at org.gradle.internal.operations.DefaultBuildOperationRunner$CallableBuildOperationWorke
r.execute(DefaultBuildOperationRunner.java:205)
	at org.gradle.internal.operations.DefaultBuildOperationRunner$2.execute(DefaultBuildOpera
tionRunner.java:67)
	at org.gradle.internal.operations.DefaultBuildOperationRunner$2.execute(DefaultBuildOpera
tionRunner.java:60)
	at org.gradle.internal.operations.DefaultBuildOperationRunner.execute(DefaultBuildOperati
onRunner.java:167)
	at org.gradle.internal.operations.DefaultBuildOperationRunner.execute(DefaultBuildOperati
onRunner.java:60)
	at org.gradle.internal.operations.DefaultBuildOperationRunner.call(DefaultBuildOperationR
unner.java:54)
	at org.gradle.api.internal.tasks.execution.EventFiringTaskExecuter.execute(EventFiringTas
kExecuter.java:52)
	at org.gradle.execution.plan.LocalTaskNodeExecutor.execute(LocalTaskNodeExecutor.java:42)
	at org.gradle.execution.taskgraph.DefaultTaskExecutionGraph$InvokeNodeExecutorsAction.exe
cute(DefaultTaskExecutionGraph.java:331)
	at org.gradle.execution.taskgraph.DefaultTaskExecutionGraph$InvokeNodeExecutorsAction.exe
cute(DefaultTaskExecutionGraph.java:318)
	at org.gradle.execution.taskgraph.DefaultTaskExecutionGraph$BuildOperationAwareExecutionA
ction.lambda$execute$0(DefaultTaskExecutionGraph.java:314)
	at org.gradle.internal.operations.CurrentBuildOperationRef.with(CurrentBuildOperationRef.
java:85)
	at org.gradle.execution.taskgraph.DefaultTaskExecutionGraph$BuildOperationAwareExecutionA
ction.execute(DefaultTaskExecutionGraph.java:314)
	at org.gradle.execution.taskgraph.DefaultTaskExecutionGraph$BuildOperationAwareExecutionA
ction.execute(DefaultTaskExecutionGraph.java:303)
	at org.gradle.execution.plan.DefaultPlanExecutor$ExecutorWorker.execute(DefaultPlanExecut
or.java:459)
	at org.gradle.execution.plan.DefaultPlanExecutor$ExecutorWorker.run(DefaultPlanExecutor.j
ava:376)
	at org.gradle.internal.concurrent.ExecutorPolicy$CatchAndRecordFailures.onExecute(Executo
rPolicy.java:64)
	at org.gradle.internal.concurrent.AbstractManagedExecutor$1.run(AbstractManagedExecutor.j
ava:48)
Caused by: java.io.IOException: Unable to delete directory 
'C:\Users\roger\OneDrive\Desktop\Backup Synaptica-AppFin\synaptica-next\android\app\build\
intermediates\assets\debug\mergeDebugAssets'
  Failed to delete some children. This might happen because a process has files open or 
has its working directory set in the target directory.
  - C:\Users\roger\OneDrive\Desktop\Backup Synaptica-AppFin\synaptica-next\android\app\bui
ld\intermediates\assets\debug\mergeDebugAssets\public\_next\static\-WcIAuWcJef1Y_86HA0WZ
  - C:\Users\roger\OneDrive\Desktop\Backup Synaptica-AppFin\synaptica-next\android\app\bui
ld\intermediates\assets\debug\mergeDebugAssets\public\_next\static\2dTQkdAZEiY91HkZA7e6i
  - C:\Users\roger\OneDrive\Desktop\Backup Synaptica-AppFin\synaptica-next\android\app\bui
ld\intermediates\assets\debug\mergeDebugAssets\public\_next\static\673nXwO3EJLpccDDAmWzG
  - C:\Users\roger\OneDrive\Desktop\Backup Synaptica-AppFin\synaptica-next\android\app\bui
ld\intermediates\assets\debug\mergeDebugAssets\public\_next\static\6dJrdpmlvOElv1CW1PDF8
  - C:\Users\roger\OneDrive\Desktop\Backup Synaptica-AppFin\synaptica-next\android\app\bui
ld\intermediates\assets\debug\mergeDebugAssets\public\_next\static\7pAR1YhmKINMmaMQXK8vI
  - C:\Users\roger\OneDrive\Desktop\Backup Synaptica-AppFin\synaptica-next\android\app\bui
ld\intermediates\assets\debug\mergeDebugAssets\public\_next\static\AIBXrX-5yodNgs7aop7hP
  - C:\Users\roger\OneDrive\Desktop\Backup Synaptica-AppFin\synaptica-next\android\app\bui
ld\intermediates\assets\debug\mergeDebugAssets\public\_next\static\btY1HTto7Kdv7rHTMl0j_
  - C:\Users\roger\OneDrive\Desktop\Backup Synaptica-AppFin\synaptica-next\android\app\bui
ld\intermediates\assets\debug\mergeDebugAssets\public\_next\static\eZ7aCb8fQrAJS6HfD5020
  - C:\Users\roger\OneDrive\Desktop\Backup Synaptica-AppFin\synaptica-next\android\app\bui
ld\intermediates\assets\debug\mergeDebugAssets\public\_next\static\hSI1HI0TUmKlRd380yjtP
  - C:\Users\roger\OneDrive\Desktop\Backup Synaptica-AppFin\synaptica-next\android\app\bui
ld\intermediates\assets\debug\mergeDebugAssets\public\_next\static\HVydkMOOFufjbbnzr3CqA
  - C:\Users\roger\OneDrive\Desktop\Backup Synaptica-AppFin\synaptica-next\android\app\bui
ld\intermediates\assets\debug\mergeDebugAssets\public\_next\static\lPGr78JG9zons13NvZgby
  - C:\Users\roger\OneDrive\Desktop\Backup Synaptica-AppFin\synaptica-next\android\app\bui
ld\intermediates\assets\debug\mergeDebugAssets\public\_next\static\MhnJk-UaBEnLF-MXW61O5
  - C:\Users\roger\OneDrive\Desktop\Backup Synaptica-AppFin\synaptica-next\android\app\bui
ld\intermediates\assets\debug\mergeDebugAssets\public\_next\static\mmNBIhpwJ27ZHzvT27RJS
  - C:\Users\roger\OneDrive\Desktop\Backup Synaptica-AppFin\synaptica-next\android\app\bui
ld\intermediates\assets\debug\mergeDebugAssets\public\_next\static\moj2V7A-Y7AtjK1d911vn
  - C:\Users\roger\OneDrive\Desktop\Backup Synaptica-AppFin\synaptica-next\android\app\bui
ld\intermediates\assets\debug\mergeDebugAssets\public\_next\static\OcuPYfsW000JfAXFYurv4
  - C:\Users\roger\OneDrive\Desktop\Backup Synaptica-AppFin\synaptica-next\android\app\bui
ld\intermediates\assets\debug\mergeDebugAssets\public\_next\static\Rd37ejhCbUETv13elmOJ_
  - and more ...
	at 
org.gradle.internal.file.impl.DefaultDeleter.throwWithHelpMessage(DefaultDeleter.java:233)
	at 
org.gradle.internal.file.impl.DefaultDeleter.deleteRecursively(DefaultDeleter.java:149)
	at 
org.gradle.internal.file.impl.DefaultDeleter.deleteRecursively(DefaultDeleter.java:134)
	at 
org.gradle.internal.file.impl.DefaultDeleter.deleteRecursively(DefaultDeleter.java:134)
	at 
org.gradle.internal.file.impl.DefaultDeleter.deleteRecursively(DefaultDeleter.java:134)
	at 
org.gradle.internal.file.impl.DefaultDeleter.deleteRecursively(DefaultDeleter.java:134)
	at 
org.gradle.internal.file.impl.DefaultDeleter.deleteRecursively(DefaultDeleter.java:115)
	at 
org.gradle.internal.file.impl.DefaultDeleter.ensureEmptyDirectory(DefaultDeleter.java:90)
	at 
org.gradle.internal.file.impl.DefaultDeleter.ensureEmptyDirectory(DefaultDeleter.java:82)
	at org.gradle.internal.execution.steps.RemovePreviousOutputsStep$2.visitOutputProperty(Re
movePreviousOutputsStep.java:121)
	... 86 more
	Suppressed: java.nio.file.AccessDeniedException: C:\Users\roger\OneDrive\Desktop\Backup S
ynaptica-AppFin\synaptica-next\android\app\build\intermediates\assets\debug\mergeDebugAsse
ts\public\_next\static\-WcIAuWcJef1Y_86HA0WZ
		at java.base/sun.nio.fs.WindowsException.translateToIOException(Unknown Source)
		at java.base/sun.nio.fs.WindowsException.rethrowAsIOException(Unknown Source)
		at java.base/sun.nio.fs.WindowsException.rethrowAsIOException(Unknown Source)
		at java.base/sun.nio.fs.WindowsFileSystemProvider.implDelete(Unknown Source)
		at java.base/sun.nio.fs.AbstractFileSystemProvider.deleteIfExists(Unknown Source)
		at java.base/java.nio.file.Files.deleteIfExists(Unknown Source)
		at org.gradle.internal.file.impl.DefaultDeleter.deleteFile(DefaultDeleter.java:198)
		at org.gradle.internal.file.impl.DefaultDeleter.tryHardToDelete(DefaultDeleter.java:186)
		at 
org.gradle.internal.file.impl.DefaultDeleter.deleteRecursively(DefaultDeleter.java:143)
		at 
org.gradle.internal.file.impl.DefaultDeleter.deleteRecursively(DefaultDeleter.java:134)
		at 
org.gradle.internal.file.impl.DefaultDeleter.deleteRecursively(DefaultDeleter.java:134)
		at 
org.gradle.internal.file.impl.DefaultDeleter.deleteRecursively(DefaultDeleter.java:134)
		at 
org.gradle.internal.file.impl.DefaultDeleter.deleteRecursively(DefaultDeleter.java:134)
		at 
org.gradle.internal.file.impl.DefaultDeleter.deleteRecursively(DefaultDeleter.java:115)
		at 
org.gradle.internal.file.impl.DefaultDeleter.ensureEmptyDirectory(DefaultDeleter.java:90)
		at 
org.gradle.internal.file.impl.DefaultDeleter.ensureEmptyDirectory(DefaultDeleter.java:82)
		at org.gradle.internal.execution.steps.RemovePreviousOutputsStep$2.visitOutputProperty(R
emovePreviousOutputsStep.java:121)
		at 
org.gradle.api.internal.tasks.execution.TaskExecution.visitOutputs(TaskExecution.java:344)
		at org.gradle.internal.execution.steps.RemovePreviousOutputsStep.cleanupExclusivelyOwned
Outputs(RemovePreviousOutputsStep.java:110)
		at org.gradle.internal.execution.steps.RemovePreviousOutputsStep.execute(RemovePreviousO
utputsStep.java:63)
		at org.gradle.internal.execution.steps.RemovePreviousOutputsStep.execute(RemovePreviousO
utputsStep.java:37)
		at org.gradle.internal.execution.steps.BroadcastChangingOutputsStep.execute(BroadcastCha
ngingOutputsStep.java:61)
		at org.gradle.internal.execution.steps.BroadcastChangingOutputsStep.execute(BroadcastCha
ngingOutputsStep.java:26)
		at org.gradle.internal.execution.steps.CaptureOutputsAfterExecutionStep.execute(CaptureO
utputsAfterExecutionStep.java:69)
		at org.gradle.internal.execution.steps.CaptureOutputsAfterExecutionStep.execute(CaptureO
utputsAfterExecutionStep.java:46)
		at org.gradle.internal.execution.steps.ResolveInputChangesStep.execute(ResolveInputChang
esStep.java:40)
		at org.gradle.internal.execution.steps.ResolveInputChangesStep.execute(ResolveInputChang
esStep.java:29)
		at org.gradle.internal.execution.steps.BuildCacheStep.executeWithoutCache(BuildCacheStep
.java:189)
		at org.gradle.internal.execution.steps.BuildCacheStep.lambda$execute$1(BuildCacheStep.ja
va:75)
		at org.gradle.internal.Either$Right.fold(Either.java:175)
		at org.gradle.internal.execution.caching.CachingState.fold(CachingState.java:62)
		at org.gradle.internal.execution.steps.BuildCacheStep.execute(BuildCacheStep.java:73)
		at org.gradle.internal.execution.steps.BuildCacheStep.execute(BuildCacheStep.java:48)
		at org.gradle.internal.execution.steps.StoreExecutionStateStep.execute(StoreExecutionSta
teStep.java:46)
		at org.gradle.internal.execution.steps.StoreExecutionStateStep.execute(StoreExecutionSta
teStep.java:35)
		at org.gradle.internal.execution.steps.SkipUpToDateStep.executeBecause(SkipUpToDateStep.
java:75)
		at org.gradle.internal.execution.steps.SkipUpToDateStep.lambda$execute$2(SkipUpToDateSte
p.java:53)
		at java.base/java.util.Optional.orElseGet(Unknown Source)
		at 
org.gradle.internal.execution.steps.SkipUpToDateStep.execute(SkipUpToDateStep.java:53)
		at 
org.gradle.internal.execution.steps.SkipUpToDateStep.execute(SkipUpToDateStep.java:35)
		at org.gradle.internal.execution.steps.legacy.MarkSnapshottingInputsFinishedStep.execute
(MarkSnapshottingInputsFinishedStep.java:37)
		at org.gradle.internal.execution.steps.legacy.MarkSnapshottingInputsFinishedStep.execute
(MarkSnapshottingInputsFinishedStep.java:27)
		at org.gradle.internal.execution.steps.ResolveIncrementalCachingStateStep.executeDelegat
e(ResolveIncrementalCachingStateStep.java:49)
		at org.gradle.internal.execution.steps.ResolveIncrementalCachingStateStep.executeDelegat
e(ResolveIncrementalCachingStateStep.java:27)
		at org.gradle.internal.execution.steps.AbstractResolveCachingStateStep.execute(AbstractR
esolveCachingStateStep.java:71)
		at org.gradle.internal.execution.steps.AbstractResolveCachingStateStep.execute(AbstractR
esolveCachingStateStep.java:39)
		at 
org.gradle.internal.execution.steps.ResolveChangesStep.execute(ResolveChangesStep.java:65)
		at 
org.gradle.internal.execution.steps.ResolveChangesStep.execute(ResolveChangesStep.java:36)
		at org.gradle.internal.execution.steps.ValidateStep.execute(ValidateStep.java:107)
		at org.gradle.internal.execution.steps.ValidateStep.execute(ValidateStep.java:56)
		at org.gradle.internal.execution.steps.AbstractCaptureStateBeforeExecutionStep.execute(A
bstractCaptureStateBeforeExecutionStep.java:64)
		at org.gradle.internal.execution.steps.AbstractCaptureStateBeforeExecutionStep.execute(A
bstractCaptureStateBeforeExecutionStep.java:43)
		at org.gradle.internal.execution.steps.AbstractSkipEmptyWorkStep.executeWithNonEmptySour
ces(AbstractSkipEmptyWorkStep.java:125)
		at org.gradle.internal.execution.steps.AbstractSkipEmptyWorkStep.execute(AbstractSkipEmp
tyWorkStep.java:56)
		at org.gradle.internal.execution.steps.AbstractSkipEmptyWorkStep.execute(AbstractSkipEmp
tyWorkStep.java:36)
		at org.gradle.internal.execution.steps.legacy.MarkSnapshottingInputsStartedStep.execute(
MarkSnapshottingInputsStartedStep.java:38)
		at org.gradle.internal.execution.steps.LoadPreviousExecutionStateStep.execute(LoadPrevio
usExecutionStateStep.java:36)
		at org.gradle.internal.execution.steps.LoadPreviousExecutionStateStep.execute(LoadPrevio
usExecutionStateStep.java:23)
		at org.gradle.internal.execution.steps.HandleStaleOutputsStep.execute(HandleStaleOutputs
Step.java:75)
		at org.gradle.internal.execution.steps.HandleStaleOutputsStep.execute(HandleStaleOutputs
Step.java:41)
		at org.gradle.internal.execution.steps.AssignMutableWorkspaceStep.lambda$execute$0(Assig
nMutableWorkspaceStep.java:35)
		at org.gradle.api.internal.tasks.execution.TaskExecution$4.withWorkspace(TaskExecution.j
ava:289)
		at org.gradle.internal.execution.steps.AssignMutableWorkspaceStep.execute(AssignMutableW
orkspaceStep.java:31)
		at org.gradle.internal.execution.steps.AssignMutableWorkspaceStep.execute(AssignMutableW
orkspaceStep.java:22)
		at 
org.gradle.internal.execution.steps.ChoosePipelineStep.execute(ChoosePipelineStep.java:40)
		at 
org.gradle.internal.execution.steps.ChoosePipelineStep.execute(ChoosePipelineStep.java:23)
		at org.gradle.internal.execution.steps.ExecuteWorkBuildOperationFiringStep.lambda$execut
e$2(ExecuteWorkBuildOperationFiringStep.java:67)
		at java.base/java.util.Optional.orElseGet(Unknown Source)
		at org.gradle.internal.execution.steps.ExecuteWorkBuildOperationFiringStep.execute(Execu
teWorkBuildOperationFiringStep.java:67)
		at org.gradle.internal.execution.steps.ExecuteWorkBuildOperationFiringStep.execute(Execu
teWorkBuildOperationFiringStep.java:39)
		at 
org.gradle.internal.execution.steps.IdentityCacheStep.execute(IdentityCacheStep.java:46)
		at 
org.gradle.internal.execution.steps.IdentityCacheStep.execute(IdentityCacheStep.java:34)
		at org.gradle.internal.execution.steps.IdentifyStep.execute(IdentifyStep.java:48)
		at org.gradle.internal.execution.steps.IdentifyStep.execute(IdentifyStep.java:35)
		at org.gradle.internal.execution.impl.DefaultExecutionEngine$1.execute(DefaultExecutionE
ngine.java:64)
		at org.gradle.api.internal.tasks.execution.ExecuteActionsTaskExecuter.executeIfValid(Exe
cuteActionsTaskExecuter.java:127)
		at org.gradle.api.internal.tasks.execution.ExecuteActionsTaskExecuter.execute(ExecuteAct
ionsTaskExecuter.java:116)
		at org.gradle.api.internal.tasks.execution.ProblemsTaskPathTrackingTaskExecuter.execute(
ProblemsTaskPathTrackingTaskExecuter.java:41)
		at org.gradle.api.internal.tasks.execution.FinalizePropertiesTaskExecuter.execute(Finali
zePropertiesTaskExecuter.java:46)
		at org.gradle.api.internal.tasks.execution.ResolveTaskExecutionModeExecuter.execute(Reso
lveTaskExecutionModeExecuter.java:51)
		at org.gradle.api.internal.tasks.execution.SkipTaskWithNoActionsExecuter.execute(SkipTas
kWithNoActionsExecuter.java:57)
		at org.gradle.api.internal.tasks.execution.SkipOnlyIfTaskExecuter.execute(SkipOnlyIfTask
Executer.java:74)
		at org.gradle.api.internal.tasks.execution.CatchExceptionTaskExecuter.execute(CatchExcep
tionTaskExecuter.java:36)
		at org.gradle.api.internal.tasks.execution.EventFiringTaskExecuter$1.executeTask(EventFi
ringTaskExecuter.java:77)
		at org.gradle.api.internal.tasks.execution.EventFiringTaskExecuter$1.call(EventFiringTas
kExecuter.java:55)
		at org.gradle.api.internal.tasks.execution.EventFiringTaskExecuter$1.call(EventFiringTas
kExecuter.java:52)
		at org.gradle.internal.operations.DefaultBuildOperationRunner$CallableBuildOperationWork
er.execute(DefaultBuildOperationRunner.java:210)
		at org.gradle.internal.operations.DefaultBuildOperationRunner$CallableBuildOperationWork
er.execute(DefaultBuildOperationRunner.java:205)
		at org.gradle.internal.operations.DefaultBuildOperationRunner$2.execute(DefaultBuildOper
ationRunner.java:67)
		at org.gradle.internal.operations.DefaultBuildOperationRunner$2.execute(DefaultBuildOper
ationRunner.java:60)
		at org.gradle.internal.operations.DefaultBuildOperationRunner.execute(DefaultBuildOperat
ionRunner.java:167)
		at org.gradle.internal.operations.DefaultBuildOperationRunner.execute(DefaultBuildOperat
ionRunner.java:60)
		at org.gradle.internal.operations.DefaultBuildOperationRunner.call(DefaultBuildOperation
Runner.java:54)
		at org.gradle.api.internal.tasks.execution.EventFiringTaskExecuter.execute(EventFiringTa
skExecuter.java:52)
		at 
org.gradle.execution.plan.LocalTaskNodeExecutor.execute(LocalTaskNodeExecutor.java:42)
		at org.gradle.execution.taskgraph.DefaultTaskExecutionGraph$InvokeNodeExecutorsAction.ex
ecute(DefaultTaskExecutionGraph.java:331)
		at org.gradle.execution.taskgraph.DefaultTaskExecutionGraph$InvokeNodeExecutorsAction.ex
ecute(DefaultTaskExecutionGraph.java:318)
		at org.gradle.execution.taskgraph.DefaultTaskExecutionGraph$BuildOperationAwareExecution
Action.lambda$execute$0(DefaultTaskExecutionGraph.java:314)
		at org.gradle.internal.operations.CurrentBuildOperationRef.with(CurrentBuildOperationRef
.java:85)
		at org.gradle.execution.taskgraph.DefaultTaskExecutionGraph$BuildOperationAwareExecution
Action.execute(DefaultTaskExecutionGraph.java:314)
		at org.gradle.execution.taskgraph.DefaultTaskExecutionGraph$BuildOperationAwareExecution
Action.execute(DefaultTaskExecutionGraph.java:303)
		at org.gradle.execution.plan.DefaultPlanExecutor$ExecutorWorker.execute(DefaultPlanExecu
tor.java:459)
		at org.gradle.execution.plan.DefaultPlanExecutor$ExecutorWorker.run(DefaultPlanExecutor.
java:376)
		at org.gradle.internal.concurrent.ExecutorPolicy$CatchAndRecordFailures.onExecute(Execut
orPolicy.java:64)
		at org.gradle.internal.concurrent.AbstractManagedExecutor$1.run(AbstractManagedExecutor.
java:48)
		at java.base/java.util.concurrent.ThreadPoolExecutor.runWorker(Unknown Source)
		at java.base/java.util.concurrent.ThreadPoolExecutor$Worker.run(Unknown Source)
		at java.base/java.lang.Thread.run(Unknown Source)
	Suppressed: java.nio.file.AccessDeniedException: C:\Users\roger\OneDrive\Desktop\Backup S
ynaptica-AppFin\synaptica-next\android\app\build\intermediates\assets\debug\mergeDebugAsse
ts\public\_next\static\2dTQkdAZEiY91HkZA7e6i
		at java.base/sun.nio.fs.WindowsException.translateToIOException(Unknown Source)
		at java.base/sun.nio.fs.WindowsException.rethrowAsIOException(Unknown Source)
		at java.base/sun.nio.fs.WindowsException.rethrowAsIOException(Unknown Source)
		at java.base/sun.nio.fs.WindowsFileSystemProvider.implDelete(Unknown Source)
		at java.base/sun.nio.fs.AbstractFileSystemProvider.deleteIfExists(Unknown Source)
		at java.base/java.nio.file.Files.deleteIfExists(Unknown Source)
		at org.gradle.internal.file.impl.DefaultDeleter.deleteFile(DefaultDeleter.java:198)
		at org.gradle.internal.file.impl.DefaultDeleter.tryHardToDelete(DefaultDeleter.java:186)
		at 
org.gradle.internal.file.impl.DefaultDeleter.deleteRecursively(DefaultDeleter.java:143)
		at 
org.gradle.internal.file.impl.DefaultDeleter.deleteRecursively(DefaultDeleter.java:134)
		at 
org.gradle.internal.file.impl.DefaultDeleter.deleteRecursively(DefaultDeleter.java:134)
		at 
org.gradle.internal.file.impl.DefaultDeleter.deleteRecursively(DefaultDeleter.java:134)
		at 
org.gradle.internal.file.impl.DefaultDeleter.deleteRecursively(DefaultDeleter.java:134)
		at 
org.gradle.internal.file.impl.DefaultDeleter.deleteRecursively(DefaultDeleter.java:115)
		at 
org.gradle.internal.file.impl.DefaultDeleter.ensureEmptyDirectory(DefaultDeleter.java:90)
		at 
org.gradle.internal.file.impl.DefaultDeleter.ensureEmptyDirectory(DefaultDeleter.java:82)
		at org.gradle.internal.execution.steps.RemovePreviousOutputsStep$2.visitOutputProperty(R
emovePreviousOutputsStep.java:121)
		at 
org.gradle.api.internal.tasks.execution.TaskExecution.visitOutputs(TaskExecution.java:344)
		at org.gradle.internal.execution.steps.RemovePreviousOutputsStep.cleanupExclusivelyOwned
Outputs(RemovePreviousOutputsStep.java:110)
		at org.gradle.internal.execution.steps.RemovePreviousOutputsStep.execute(RemovePreviousO
utputsStep.java:63)
		at org.gradle.internal.execution.steps.RemovePreviousOutputsStep.execute(RemovePreviousO
utputsStep.java:37)
		at org.gradle.internal.execution.steps.BroadcastChangingOutputsStep.execute(BroadcastCha
ngingOutputsStep.java:61)
		at org.gradle.internal.execution.steps.BroadcastChangingOutputsStep.execute(BroadcastCha
ngingOutputsStep.java:26)
		at org.gradle.internal.execution.steps.CaptureOutputsAfterExecutionStep.execute(CaptureO
utputsAfterExecutionStep.java:69)
		at org.gradle.internal.execution.steps.CaptureOutputsAfterExecutionStep.execute(CaptureO
utputsAfterExecutionStep.java:46)
		at org.gradle.internal.execution.steps.ResolveInputChangesStep.execute(ResolveInputChang
esStep.java:40)
		at org.gradle.internal.execution.steps.ResolveInputChangesStep.execute(ResolveInputChang
esStep.java:29)
		at org.gradle.internal.execution.steps.BuildCacheStep.executeWithoutCache(BuildCacheStep
.java:189)
		at org.gradle.internal.execution.steps.BuildCacheStep.lambda$execute$1(BuildCacheStep.ja
va:75)
		at org.gradle.internal.Either$Right.fold(Either.java:175)
		at org.gradle.internal.execution.caching.CachingState.fold(CachingState.java:62)
		at org.gradle.internal.execution.steps.BuildCacheStep.execute(BuildCacheStep.java:73)
		at org.gradle.internal.execution.steps.BuildCacheStep.execute(BuildCacheStep.java:48)
		at org.gradle.internal.execution.steps.StoreExecutionStateStep.execute(StoreExecutionSta
teStep.java:46)
		at org.gradle.internal.execution.steps.StoreExecutionStateStep.execute(StoreExecutionSta
teStep.java:35)
		at org.gradle.internal.execution.steps.SkipUpToDateStep.executeBecause(SkipUpToDateStep.
java:75)
		at org.gradle.internal.execution.steps.SkipUpToDateStep.lambda$execute$2(SkipUpToDateSte
p.java:53)
		at java.base/java.util.Optional.orElseGet(Unknown Source)
		at 
org.gradle.internal.execution.steps.SkipUpToDateStep.execute(SkipUpToDateStep.java:53)
		at 
org.gradle.internal.execution.steps.SkipUpToDateStep.execute(SkipUpToDateStep.java:35)
		at org.gradle.internal.execution.steps.legacy.MarkSnapshottingInputsFinishedStep.execute
(MarkSnapshottingInputsFinishedStep.java:37)
		at org.gradle.internal.execution.steps.legacy.MarkSnapshottingInputsFinishedStep.execute
(MarkSnapshottingInputsFinishedStep.java:27)
		at org.gradle.internal.execution.steps.ResolveIncrementalCachingStateStep.executeDelegat
e(ResolveIncrementalCachingStateStep.java:49)
		at org.gradle.internal.execution.steps.ResolveIncrementalCachingStateStep.executeDelegat
e(ResolveIncrementalCachingStateStep.java:27)
		at org.gradle.internal.execution.steps.AbstractResolveCachingStateStep.execute(AbstractR
esolveCachingStateStep.java:71)
		at org.gradle.internal.execution.steps.AbstractResolveCachingStateStep.execute(AbstractR
esolveCachingStateStep.java:39)
		at 
org.gradle.internal.execution.steps.ResolveChangesStep.execute(ResolveChangesStep.java:65)
		at 
org.gradle.internal.execution.steps.ResolveChangesStep.execute(ResolveChangesStep.java:36)
		at org.gradle.internal.execution.steps.ValidateStep.execute(ValidateStep.java:107)
		at org.gradle.internal.execution.steps.ValidateStep.execute(ValidateStep.java:56)
		at org.gradle.internal.execution.steps.AbstractCaptureStateBeforeExecutionStep.execute(A
bstractCaptureStateBeforeExecutionStep.java:64)
		at org.gradle.internal.execution.steps.AbstractCaptureStateBeforeExecutionStep.execute(A
bstractCaptureStateBeforeExecutionStep.java:43)
		at org.gradle.internal.execution.steps.AbstractSkipEmptyWorkStep.executeWithNonEmptySour
ces(AbstractSkipEmptyWorkStep.java:125)
		at org.gradle.internal.execution.steps.AbstractSkipEmptyWorkStep.execute(AbstractSkipEmp
tyWorkStep.java:56)
		at org.gradle.internal.execution.steps.AbstractSkipEmptyWorkStep.execute(AbstractSkipEmp
tyWorkStep.java:36)
		at org.gradle.internal.execution.steps.legacy.MarkSnapshottingInputsStartedStep.execute(
MarkSnapshottingInputsStartedStep.java:38)
		at org.gradle.internal.execution.steps.LoadPreviousExecutionStateStep.execute(LoadPrevio
usExecutionStateStep.java:36)
		at org.gradle.internal.execution.steps.LoadPreviousExecutionStateStep.execute(LoadPrevio
usExecutionStateStep.java:23)
		at org.gradle.internal.execution.steps.HandleStaleOutputsStep.execute(HandleStaleOutputs
Step.java:75)
		at org.gradle.internal.execution.steps.HandleStaleOutputsStep.execute(HandleStaleOutputs
Step.java:41)
		at org.gradle.internal.execution.steps.AssignMutableWorkspaceStep.lambda$execute$0(Assig
nMutableWorkspaceStep.java:35)
		at org.gradle.api.internal.tasks.execution.TaskExecution$4.withWorkspace(TaskExecution.j
ava:289)
		at org.gradle.internal.execution.steps.AssignMutableWorkspaceStep.execute(AssignMutableW
orkspaceStep.java:31)
		at org.gradle.internal.execution.steps.AssignMutableWorkspaceStep.execute(AssignMutableW
orkspaceStep.java:22)
		at 
org.gradle.internal.execution.steps.ChoosePipelineStep.execute(ChoosePipelineStep.java:40)
		at 
org.gradle.internal.execution.steps.ChoosePipelineStep.execute(ChoosePipelineStep.java:23)
		at org.gradle.internal.execution.steps.ExecuteWorkBuildOperationFiringStep.lambda$execut
e$2(ExecuteWorkBuildOperationFiringStep.java:67)
		at java.base/java.util.Optional.orElseGet(Unknown Source)
		at org.gradle.internal.execution.steps.ExecuteWorkBuildOperationFiringStep.execute(Execu
teWorkBuildOperationFiringStep.java:67)
		at org.gradle.internal.execution.steps.ExecuteWorkBuildOperationFiringStep.execute(Execu
teWorkBuildOperationFiringStep.java:39)
		at 
org.gradle.internal.execution.steps.IdentityCacheStep.execute(IdentityCacheStep.java:46)
		at 
org.gradle.internal.execution.steps.IdentityCacheStep.execute(IdentityCacheStep.java:34)
		at org.gradle.internal.execution.steps.IdentifyStep.execute(IdentifyStep.java:48)
		at org.gradle.internal.execution.steps.IdentifyStep.execute(IdentifyStep.java:35)
		at org.gradle.internal.execution.impl.DefaultExecutionEngine$1.execute(DefaultExecutionE
ngine.java:64)
		at org.gradle.api.internal.tasks.execution.ExecuteActionsTaskExecuter.executeIfValid(Exe
cuteActionsTaskExecuter.java:127)
		at org.gradle.api.internal.tasks.execution.ExecuteActionsTaskExecuter.execute(ExecuteAct
ionsTaskExecuter.java:116)
		at org.gradle.api.internal.tasks.execution.ProblemsTaskPathTrackingTaskExecuter.execute(
ProblemsTaskPathTrackingTaskExecuter.java:41)
		at org.gradle.api.internal.tasks.execution.FinalizePropertiesTaskExecuter.execute(Finali
zePropertiesTaskExecuter.java:46)
		at org.gradle.api.internal.tasks.execution.ResolveTaskExecutionModeExecuter.execute(Reso
lveTaskExecutionModeExecuter.java:51)
		at org.gradle.api.internal.tasks.execution.SkipTaskWithNoActionsExecuter.execute(SkipTas
kWithNoActionsExecuter.java:57)
		at org.gradle.api.internal.tasks.execution.SkipOnlyIfTaskExecuter.execute(SkipOnlyIfTask
Executer.java:74)
		at org.gradle.api.internal.tasks.execution.CatchExceptionTaskExecuter.execute(CatchExcep
tionTaskExecuter.java:36)
		at org.gradle.api.internal.tasks.execution.EventFiringTaskExecuter$1.executeTask(EventFi
ringTaskExecuter.java:77)
		at org.gradle.api.internal.tasks.execution.EventFiringTaskExecuter$1.call(EventFiringTas
kExecuter.java:55)
		at org.gradle.api.internal.tasks.execution.EventFiringTaskExecuter$1.call(EventFiringTas
kExecuter.java:52)
		at org.gradle.internal.operations.DefaultBuildOperationRunner$CallableBuildOperationWork
er.execute(DefaultBuildOperationRunner.java:210)
		at org.gradle.internal.operations.DefaultBuildOperationRunner$CallableBuildOperationWork
er.execute(DefaultBuildOperationRunner.java:205)
		at org.gradle.internal.operations.DefaultBuildOperationRunner$2.execute(DefaultBuildOper
ationRunner.java:67)
		at org.gradle.internal.operations.DefaultBuildOperationRunner$2.execute(DefaultBuildOper
ationRunner.java:60)
		at org.gradle.internal.operations.DefaultBuildOperationRunner.execute(DefaultBuildOperat
ionRunner.java:167)
		at org.gradle.internal.operations.DefaultBuildOperationRunner.execute(DefaultBuildOperat
ionRunner.java:60)
		at org.gradle.internal.operations.DefaultBuildOperationRunner.call(DefaultBuildOperation
Runner.java:54)
		at org.gradle.api.internal.tasks.execution.EventFiringTaskExecuter.execute(EventFiringTa
skExecuter.java:52)
		at 
org.gradle.execution.plan.LocalTaskNodeExecutor.execute(LocalTaskNodeExecutor.java:42)
		at org.gradle.execution.taskgraph.DefaultTaskExecutionGraph$InvokeNodeExecutorsAction.ex
ecute(DefaultTaskExecutionGraph.java:331)
		at org.gradle.execution.taskgraph.DefaultTaskExecutionGraph$InvokeNodeExecutorsAction.ex
ecute(DefaultTaskExecutionGraph.java:318)
		at org.gradle.execution.taskgraph.DefaultTaskExecutionGraph$BuildOperationAwareExecution
Action.lambda$execute$0(DefaultTaskExecutionGraph.java:314)
		at org.gradle.internal.operations.CurrentBuildOperationRef.with(CurrentBuildOperationRef
.java:85)
		at org.gradle.execution.taskgraph.DefaultTaskExecutionGraph$BuildOperationAwareExecution
Action.execute(DefaultTaskExecutionGraph.java:314)
		at org.gradle.execution.taskgraph.DefaultTaskExecutionGraph$BuildOperationAwareExecution
Action.execute(DefaultTaskExecutionGraph.java:303)
		at org.gradle.execution.plan.DefaultPlanExecutor$ExecutorWorker.execute(DefaultPlanExecu
tor.java:459)
		at org.gradle.execution.plan.DefaultPlanExecutor$ExecutorWorker.run(DefaultPlanExecutor.
java:376)
		at org.gradle.internal.concurrent.ExecutorPolicy$CatchAndRecordFailures.onExecute(Execut
orPolicy.java:64)
		at org.gradle.internal.concurrent.AbstractManagedExecutor$1.run(AbstractManagedExecutor.
java:48)
		at java.base/java.util.concurrent.ThreadPoolExecutor.runWorker(Unknown Source)
		at java.base/java.util.concurrent.ThreadPoolExecutor$Worker.run(Unknown Source)
		at java.base/java.lang.Thread.run(Unknown Source)
	Suppressed: java.nio.file.AccessDeniedException: C:\Users\roger\OneDrive\Desktop\Backup S
ynaptica-AppFin\synaptica-next\android\app\build\intermediates\assets\debug\mergeDebugAsse
ts\public\_next\static\673nXwO3EJLpccDDAmWzG
		at java.base/sun.nio.fs.WindowsException.translateToIOException(Unknown Source)
		at java.base/sun.nio.fs.WindowsException.rethrowAsIOException(Unknown Source)
		at java.base/sun.nio.fs.WindowsException.rethrowAsIOException(Unknown Source)
		at java.base/sun.nio.fs.WindowsFileSystemProvider.implDelete(Unknown Source)
		at java.base/sun.nio.fs.AbstractFileSystemProvider.deleteIfExists(Unknown Source)
		at java.base/java.nio.file.Files.deleteIfExists(Unknown Source)
		at org.gradle.internal.file.impl.DefaultDeleter.deleteFile(DefaultDeleter.java:198)
		at org.gradle.internal.file.impl.DefaultDeleter.tryHardToDelete(DefaultDeleter.java:186)
		at 
org.gradle.internal.file.impl.DefaultDeleter.deleteRecursively(DefaultDeleter.java:143)
		at 
org.gradle.internal.file.impl.DefaultDeleter.deleteRecursively(DefaultDeleter.java:134)
		at 
org.gradle.internal.file.impl.DefaultDeleter.deleteRecursively(DefaultDeleter.java:134)
		at 
org.gradle.internal.file.impl.DefaultDeleter.deleteRecursively(DefaultDeleter.java:134)
		at 
org.gradle.internal.file.impl.DefaultDeleter.deleteRecursively(DefaultDeleter.java:134)
		at 
org.gradle.internal.file.impl.DefaultDeleter.deleteRecursively(DefaultDeleter.java:115)
		at 
org.gradle.internal.file.impl.DefaultDeleter.ensureEmptyDirectory(DefaultDeleter.java:90)
		at 
org.gradle.internal.file.impl.DefaultDeleter.ensureEmptyDirectory(DefaultDeleter.java:82)
		at org.gradle.internal.execution.steps.RemovePreviousOutputsStep$2.visitOutputProperty(R
emovePreviousOutputsStep.java:121)
		at 
org.gradle.api.internal.tasks.execution.TaskExecution.visitOutputs(TaskExecution.java:344)
		at org.gradle.internal.execution.steps.RemovePreviousOutputsStep.cleanupExclusivelyOwned
Outputs(RemovePreviousOutputsStep.java:110)
		at org.gradle.internal.execution.steps.RemovePreviousOutputsStep.execute(RemovePreviousO
utputsStep.java:63)
		at org.gradle.internal.execution.steps.RemovePreviousOutputsStep.execute(RemovePreviousO
utputsStep.java:37)
		at org.gradle.internal.execution.steps.BroadcastChangingOutputsStep.execute(BroadcastCha
ngingOutputsStep.java:61)
		at org.gradle.internal.execution.steps.BroadcastChangingOutputsStep.execute(BroadcastCha
ngingOutputsStep.java:26)
		at org.gradle.internal.execution.steps.CaptureOutputsAfterExecutionStep.execute(CaptureO
utputsAfterExecutionStep.java:69)
		at org.gradle.internal.execution.steps.CaptureOutputsAfterExecutionStep.execute(CaptureO
utputsAfterExecutionStep.java:46)
		at org.gradle.internal.execution.steps.ResolveInputChangesStep.execute(ResolveInputChang
esStep.java:40)
		at org.gradle.internal.execution.steps.ResolveInputChangesStep.execute(ResolveInputChang
esStep.java:29)
		at org.gradle.internal.execution.steps.BuildCacheStep.executeWithoutCache(BuildCacheStep
.java:189)
		at org.gradle.internal.execution.steps.BuildCacheStep.lambda$execute$1(BuildCacheStep.ja
va:75)
		at org.gradle.internal.Either$Right.fold(Either.java:175)
		at org.gradle.internal.execution.caching.CachingState.fold(CachingState.java:62)
		at org.gradle.internal.execution.steps.BuildCacheStep.execute(BuildCacheStep.java:73)
		at org.gradle.internal.execution.steps.BuildCacheStep.execute(BuildCacheStep.java:48)
		at org.gradle.internal.execution.steps.StoreExecutionStateStep.execute(StoreExecutionSta
teStep.java:46)
		at org.gradle.internal.execution.steps.StoreExecutionStateStep.execute(StoreExecutionSta
teStep.java:35)
		at org.gradle.internal.execution.steps.SkipUpToDateStep.executeBecause(SkipUpToDateStep.
java:75)
		at org.gradle.internal.execution.steps.SkipUpToDateStep.lambda$execute$2(SkipUpToDateSte
p.java:53)
		at java.base/java.util.Optional.orElseGet(Unknown Source)
		at 
org.gradle.internal.execution.steps.SkipUpToDateStep.execute(SkipUpToDateStep.java:53)
		at 
org.gradle.internal.execution.steps.SkipUpToDateStep.execute(SkipUpToDateStep.java:35)
		at org.gradle.internal.execution.steps.legacy.MarkSnapshottingInputsFinishedStep.execute
(MarkSnapshottingInputsFinishedStep.java:37)
		at org.gradle.internal.execution.steps.legacy.MarkSnapshottingInputsFinishedStep.execute
(MarkSnapshottingInputsFinishedStep.java:27)
		at org.gradle.internal.execution.steps.ResolveIncrementalCachingStateStep.executeDelegat
e(ResolveIncrementalCachingStateStep.java:49)
		at org.gradle.internal.execution.steps.ResolveIncrementalCachingStateStep.executeDelegat
e(ResolveIncrementalCachingStateStep.java:27)
		at org.gradle.internal.execution.steps.AbstractResolveCachingStateStep.execute(AbstractR
esolveCachingStateStep.java:71)
		at org.gradle.internal.execution.steps.AbstractResolveCachingStateStep.execute(AbstractR
esolveCachingStateStep.java:39)
		at 
org.gradle.internal.execution.steps.ResolveChangesStep.execute(ResolveChangesStep.java:65)
		at 
org.gradle.internal.execution.steps.ResolveChangesStep.execute(ResolveChangesStep.java:36)
		at org.gradle.internal.execution.steps.ValidateStep.execute(ValidateStep.java:107)
		at org.gradle.internal.execution.steps.ValidateStep.execute(ValidateStep.java:56)
		at org.gradle.internal.execution.steps.AbstractCaptureStateBeforeExecutionStep.execute(A
bstractCaptureStateBeforeExecutionStep.java:64)
		at org.gradle.internal.execution.steps.AbstractCaptureStateBeforeExecutionStep.execute(A
bstractCaptureStateBeforeExecutionStep.java:43)
		at org.gradle.internal.execution.steps.AbstractSkipEmptyWorkStep.executeWithNonEmptySour
ces(AbstractSkipEmptyWorkStep.java:125)
		at org.gradle.internal.execution.steps.AbstractSkipEmptyWorkStep.execute(AbstractSkipEmp
tyWorkStep.java:56)
		at org.gradle.internal.execution.steps.AbstractSkipEmptyWorkStep.execute(AbstractSkipEmp
tyWorkStep.java:36)
		at org.gradle.internal.execution.steps.legacy.MarkSnapshottingInputsStartedStep.execute(
MarkSnapshottingInputsStartedStep.java:38)
		at org.gradle.internal.execution.steps.LoadPreviousExecutionStateStep.execute(LoadPrevio
usExecutionStateStep.java:36)
		at org.gradle.internal.execution.steps.LoadPreviousExecutionStateStep.execute(LoadPrevio
usExecutionStateStep.java:23)
		at org.gradle.internal.execution.steps.HandleStaleOutputsStep.execute(HandleStaleOutputs
Step.java:75)
		at org.gradle.internal.execution.steps.HandleStaleOutputsStep.execute(HandleStaleOutputs
Step.java:41)
		at org.gradle.internal.execution.steps.AssignMutableWorkspaceStep.lambda$execute$0(Assig
nMutableWorkspaceStep.java:35)
		at org.gradle.api.internal.tasks.execution.TaskExecution$4.withWorkspace(TaskExecution.j
ava:289)
		at org.gradle.internal.execution.steps.AssignMutableWorkspaceStep.execute(AssignMutableW
orkspaceStep.java:31)
		at org.gradle.internal.execution.steps.AssignMutableWorkspaceStep.execute(AssignMutableW
orkspaceStep.java:22)
		at 
org.gradle.internal.execution.steps.ChoosePipelineStep.execute(ChoosePipelineStep.java:40)
		at 
org.gradle.internal.execution.steps.ChoosePipelineStep.execute(ChoosePipelineStep.java:23)
		at org.gradle.internal.execution.steps.ExecuteWorkBuildOperationFiringStep.lambda$execut
e$2(ExecuteWorkBuildOperationFiringStep.java:67)
		at java.base/java.util.Optional.orElseGet(Unknown Source)
		at org.gradle.internal.execution.steps.ExecuteWorkBuildOperationFiringStep.execute(Execu
teWorkBuildOperationFiringStep.java:67)
		at org.gradle.internal.execution.steps.ExecuteWorkBuildOperationFiringStep.execute(Execu
teWorkBuildOperationFiringStep.java:39)
		at 
org.gradle.internal.execution.steps.IdentityCacheStep.execute(IdentityCacheStep.java:46)
		at 
org.gradle.internal.execution.steps.IdentityCacheStep.execute(IdentityCacheStep.java:34)
		at org.gradle.internal.execution.steps.IdentifyStep.execute(IdentifyStep.java:48)
		at org.gradle.internal.execution.steps.IdentifyStep.execute(IdentifyStep.java:35)
		at org.gradle.internal.execution.impl.DefaultExecutionEngine$1.execute(DefaultExecutionE
ngine.java:64)
		at org.gradle.api.internal.tasks.execution.ExecuteActionsTaskExecuter.executeIfValid(Exe
cuteActionsTaskExecuter.java:127)
		at org.gradle.api.internal.tasks.execution.ExecuteActionsTaskExecuter.execute(ExecuteAct
ionsTaskExecuter.java:116)
		at org.gradle.api.internal.tasks.execution.ProblemsTaskPathTrackingTaskExecuter.execute(
ProblemsTaskPathTrackingTaskExecuter.java:41)
		at org.gradle.api.internal.tasks.execution.FinalizePropertiesTaskExecuter.execute(Finali
zePropertiesTaskExecuter.java:46)
		at org.gradle.api.internal.tasks.execution.ResolveTaskExecutionModeExecuter.execute(Reso
lveTaskExecutionModeExecuter.java:51)
		at org.gradle.api.internal.tasks.execution.SkipTaskWithNoActionsExecuter.execute(SkipTas
kWithNoActionsExecuter.java:57)
		at org.gradle.api.internal.tasks.execution.SkipOnlyIfTaskExecuter.execute(SkipOnlyIfTask
Executer.java:74)
		at org.gradle.api.internal.tasks.execution.CatchExceptionTaskExecuter.execute(CatchExcep
tionTaskExecuter.java:36)
		at org.gradle.api.internal.tasks.execution.EventFiringTaskExecuter$1.executeTask(EventFi
ringTaskExecuter.java:77)
		at org.gradle.api.internal.tasks.execution.EventFiringTaskExecuter$1.call(EventFiringTas
kExecuter.java:55)
		at org.gradle.api.internal.tasks.execution.EventFiringTaskExecuter$1.call(EventFiringTas
kExecuter.java:52)
		at org.gradle.internal.operations.DefaultBuildOperationRunner$CallableBuildOperationWork
er.execute(DefaultBuildOperationRunner.java:210)
		at org.gradle.internal.operations.DefaultBuildOperationRunner$CallableBuildOperationWork
er.execute(DefaultBuildOperationRunner.java:205)
		at org.gradle.internal.operations.DefaultBuildOperationRunner$2.execute(DefaultBuildOper
ationRunner.java:67)
		at org.gradle.internal.operations.DefaultBuildOperationRunner$2.execute(DefaultBuildOper
ationRunner.java:60)
		at org.gradle.internal.operations.DefaultBuildOperationRunner.execute(DefaultBuildOperat
ionRunner.java:167)
		at org.gradle.internal.operations.DefaultBuildOperationRunner.execute(DefaultBuildOperat
ionRunner.java:60)
		at org.gradle.internal.operations.DefaultBuildOperationRunner.call(DefaultBuildOperation
Runner.java:54)
		at org.gradle.api.internal.tasks.execution.EventFiringTaskExecuter.execute(EventFiringTa
skExecuter.java:52)
		at 
org.gradle.execution.plan.LocalTaskNodeExecutor.execute(LocalTaskNodeExecutor.java:42)
		at org.gradle.execution.taskgraph.DefaultTaskExecutionGraph$InvokeNodeExecutorsAction.ex
ecute(DefaultTaskExecutionGraph.java:331)
		at org.gradle.execution.taskgraph.DefaultTaskExecutionGraph$InvokeNodeExecutorsAction.ex
ecute(DefaultTaskExecutionGraph.java:318)
		at org.gradle.execution.taskgraph.DefaultTaskExecutionGraph$BuildOperationAwareExecution
Action.lambda$execute$0(DefaultTaskExecutionGraph.java:314)
		at org.gradle.internal.operations.CurrentBuildOperationRef.with(CurrentBuildOperationRef
.java:85)
		at org.gradle.execution.taskgraph.DefaultTaskExecutionGraph$BuildOperationAwareExecution
Action.execute(DefaultTaskExecutionGraph.java:314)
		at org.gradle.execution.taskgraph.DefaultTaskExecutionGraph$BuildOperationAwareExecution
Action.execute(DefaultTaskExecutionGraph.java:303)
		at org.gradle.execution.plan.DefaultPlanExecutor$ExecutorWorker.execute(DefaultPlanExecu
tor.java:459)
		at org.gradle.execution.plan.DefaultPlanExecutor$ExecutorWorker.run(DefaultPlanExecutor.
java:376)
		at org.gradle.internal.concurrent.ExecutorPolicy$CatchAndRecordFailures.onExecute(Execut
orPolicy.java:64)
		at org.gradle.internal.concurrent.AbstractManagedExecutor$1.run(AbstractManagedExecutor.
java:48)
		at java.base/java.util.concurrent.ThreadPoolExecutor.runWorker(Unknown Source)
		at java.base/java.util.concurrent.ThreadPoolExecutor$Worker.run(Unknown Source)
		at java.base/java.lang.Thread.run(Unknown Source)
	Suppressed: java.nio.file.AccessDeniedException: C:\Users\roger\OneDrive\Desktop\Backup S
ynaptica-AppFin\synaptica-next\android\app\build\intermediates\assets\debug\mergeDebugAsse
ts\public\_next\static\6dJrdpmlvOElv1CW1PDF8
		at java.base/sun.nio.fs.WindowsException.translateToIOException(Unknown Source)
		at java.base/sun.nio.fs.WindowsException.rethrowAsIOException(Unknown Source)
		at java.base/sun.nio.fs.WindowsException.rethrowAsIOException(Unknown Source)
		at java.base/sun.nio.fs.WindowsFileSystemProvider.implDelete(Unknown Source)
		at java.base/sun.nio.fs.AbstractFileSystemProvider.deleteIfExists(Unknown Source)
		at java.base/java.nio.file.Files.deleteIfExists(Unknown Source)
		at org.gradle.internal.file.impl.DefaultDeleter.deleteFile(DefaultDeleter.java:198)
		at org.gradle.internal.file.impl.DefaultDeleter.tryHardToDelete(DefaultDeleter.java:186)
		at 
org.gradle.internal.file.impl.DefaultDeleter.deleteRecursively(DefaultDeleter.java:143)
		at 
org.gradle.internal.file.impl.DefaultDeleter.deleteRecursively(DefaultDeleter.java:134)
		at 
org.gradle.internal.file.impl.DefaultDeleter.deleteRecursively(DefaultDeleter.java:134)
		at 
org.gradle.internal.file.impl.DefaultDeleter.deleteRecursively(DefaultDeleter.java:134)
		at 
org.gradle.internal.file.impl.DefaultDeleter.deleteRecursively(DefaultDeleter.java:134)
		at 
org.gradle.internal.file.impl.DefaultDeleter.deleteRecursively(DefaultDeleter.java:115)
		at 
org.gradle.internal.file.impl.DefaultDeleter.ensureEmptyDirectory(DefaultDeleter.java:90)
		at 
org.gradle.internal.file.impl.DefaultDeleter.ensureEmptyDirectory(DefaultDeleter.java:82)
		at org.gradle.internal.execution.steps.RemovePreviousOutputsStep$2.visitOutputProperty(R
emovePreviousOutputsStep.java:121)
		at 
org.gradle.api.internal.tasks.execution.TaskExecution.visitOutputs(TaskExecution.java:344)
		at org.gradle.internal.execution.steps.RemovePreviousOutputsStep.cleanupExclusivelyOwned
Outputs(RemovePreviousOutputsStep.java:110)
		at org.gradle.internal.execution.steps.RemovePreviousOutputsStep.execute(RemovePreviousO
utputsStep.java:63)
		at org.gradle.internal.execution.steps.RemovePreviousOutputsStep.execute(RemovePreviousO
utputsStep.java:37)
		at org.gradle.internal.execution.steps.BroadcastChangingOutputsStep.execute(BroadcastCha
ngingOutputsStep.java:61)
		at org.gradle.internal.execution.steps.BroadcastChangingOutputsStep.execute(BroadcastCha
ngingOutputsStep.java:26)
		at org.gradle.internal.execution.steps.CaptureOutputsAfterExecutionStep.execute(CaptureO
utputsAfterExecutionStep.java:69)
		at org.gradle.internal.execution.steps.CaptureOutputsAfterExecutionStep.execute(CaptureO
utputsAfterExecutionStep.java:46)
		at org.gradle.internal.execution.steps.ResolveInputChangesStep.execute(ResolveInputChang
esStep.java:40)
		at org.gradle.internal.execution.steps.ResolveInputChangesStep.execute(ResolveInputChang
esStep.java:29)
		at org.gradle.internal.execution.steps.BuildCacheStep.executeWithoutCache(BuildCacheStep
.java:189)
		at org.gradle.internal.execution.steps.BuildCacheStep.lambda$execute$1(BuildCacheStep.ja
va:75)
		at org.gradle.internal.Either$Right.fold(Either.java:175)
		at org.gradle.internal.execution.caching.CachingState.fold(CachingState.java:62)
		at org.gradle.internal.execution.steps.BuildCacheStep.execute(BuildCacheStep.java:73)
		at org.gradle.internal.execution.steps.BuildCacheStep.execute(BuildCacheStep.java:48)
		at org.gradle.internal.execution.steps.StoreExecutionStateStep.execute(StoreExecutionSta
teStep.java:46)
		at org.gradle.internal.execution.steps.StoreExecutionStateStep.execute(StoreExecutionSta
teStep.java:35)
		at org.gradle.internal.execution.steps.SkipUpToDateStep.executeBecause(SkipUpToDateStep.
java:75)
		at org.gradle.internal.execution.steps.SkipUpToDateStep.lambda$execute$2(SkipUpToDateSte
p.java:53)
		at java.base/java.util.Optional.orElseGet(Unknown Source)
		at 
org.gradle.internal.execution.steps.SkipUpToDateStep.execute(SkipUpToDateStep.java:53)
		at 
org.gradle.internal.execution.steps.SkipUpToDateStep.execute(SkipUpToDateStep.java:35)
		at org.gradle.internal.execution.steps.legacy.MarkSnapshottingInputsFinishedStep.execute
(MarkSnapshottingInputsFinishedStep.java:37)
		at org.gradle.internal.execution.steps.legacy.MarkSnapshottingInputsFinishedStep.execute
(MarkSnapshottingInputsFinishedStep.java:27)
		at org.gradle.internal.execution.steps.ResolveIncrementalCachingStateStep.executeDelegat
e(ResolveIncrementalCachingStateStep.java:49)
		at org.gradle.internal.execution.steps.ResolveIncrementalCachingStateStep.executeDelegat
e(ResolveIncrementalCachingStateStep.java:27)
		at org.gradle.internal.execution.steps.AbstractResolveCachingStateStep.execute(AbstractR
esolveCachingStateStep.java:71)
		at org.gradle.internal.execution.steps.AbstractResolveCachingStateStep.execute(AbstractR
esolveCachingStateStep.java:39)
		at 
org.gradle.internal.execution.steps.ResolveChangesStep.execute(ResolveChangesStep.java:65)
		at 
org.gradle.internal.execution.steps.ResolveChangesStep.execute(ResolveChangesStep.java:36)
		at org.gradle.internal.execution.steps.ValidateStep.execute(ValidateStep.java:107)
		at org.gradle.internal.execution.steps.ValidateStep.execute(ValidateStep.java:56)
		at org.gradle.internal.execution.steps.AbstractCaptureStateBeforeExecutionStep.execute(A
bstractCaptureStateBeforeExecutionStep.java:64)
		at org.gradle.internal.execution.steps.AbstractCaptureStateBeforeExecutionStep.execute(A
bstractCaptureStateBeforeExecutionStep.java:43)
		at org.gradle.internal.execution.steps.AbstractSkipEmptyWorkStep.executeWithNonEmptySour
ces(AbstractSkipEmptyWorkStep.java:125)
		at org.gradle.internal.execution.steps.AbstractSkipEmptyWorkStep.execute(AbstractSkipEmp
tyWorkStep.java:56)
		at org.gradle.internal.execution.steps.AbstractSkipEmptyWorkStep.execute(AbstractSkipEmp
tyWorkStep.java:36)
		at org.gradle.internal.execution.steps.legacy.MarkSnapshottingInputsStartedStep.execute(
MarkSnapshottingInputsStartedStep.java:38)
		at org.gradle.internal.execution.steps.LoadPreviousExecutionStateStep.execute(LoadPrevio
usExecutionStateStep.java:36)
		at org.gradle.internal.execution.steps.LoadPreviousExecutionStateStep.execute(LoadPrevio
usExecutionStateStep.java:23)
		at org.gradle.internal.execution.steps.HandleStaleOutputsStep.execute(HandleStaleOutputs
Step.java:75)
		at org.gradle.internal.execution.steps.HandleStaleOutputsStep.execute(HandleStaleOutputs
Step.java:41)
		at org.gradle.internal.execution.steps.AssignMutableWorkspaceStep.lambda$execute$0(Assig
nMutableWorkspaceStep.java:35)
		at org.gradle.api.internal.tasks.execution.TaskExecution$4.withWorkspace(TaskExecution.j
ava:289)
		at org.gradle.internal.execution.steps.AssignMutableWorkspaceStep.execute(AssignMutableW
orkspaceStep.java:31)
		at org.gradle.internal.execution.steps.AssignMutableWorkspaceStep.execute(AssignMutableW
orkspaceStep.java:22)
		at 
org.gradle.internal.execution.steps.ChoosePipelineStep.execute(ChoosePipelineStep.java:40)
		at 
org.gradle.internal.execution.steps.ChoosePipelineStep.execute(ChoosePipelineStep.java:23)
		at org.gradle.internal.execution.steps.ExecuteWorkBuildOperationFiringStep.lambda$execut
e$2(ExecuteWorkBuildOperationFiringStep.java:67)
		at java.base/java.util.Optional.orElseGet(Unknown Source)
		at org.gradle.internal.execution.steps.ExecuteWorkBuildOperationFiringStep.execute(Execu
teWorkBuildOperationFiringStep.java:67)
		at org.gradle.internal.execution.steps.ExecuteWorkBuildOperationFiringStep.execute(Execu
teWorkBuildOperationFiringStep.java:39)
		at 
org.gradle.internal.execution.steps.IdentityCacheStep.execute(IdentityCacheStep.java:46)
		at 
org.gradle.internal.execution.steps.IdentityCacheStep.execute(IdentityCacheStep.java:34)
		at org.gradle.internal.execution.steps.IdentifyStep.execute(IdentifyStep.java:48)
		at org.gradle.internal.execution.steps.IdentifyStep.execute(IdentifyStep.java:35)
		at org.gradle.internal.execution.impl.DefaultExecutionEngine$1.execute(DefaultExecutionE
ngine.java:64)
		at org.gradle.api.internal.tasks.execution.ExecuteActionsTaskExecuter.executeIfValid(Exe
cuteActionsTaskExecuter.java:127)
		at org.gradle.api.internal.tasks.execution.ExecuteActionsTaskExecuter.execute(ExecuteAct
ionsTaskExecuter.java:116)
		at org.gradle.api.internal.tasks.execution.ProblemsTaskPathTrackingTaskExecuter.execute(
ProblemsTaskPathTrackingTaskExecuter.java:41)
		at org.gradle.api.internal.tasks.execution.FinalizePropertiesTaskExecuter.execute(Finali
zePropertiesTaskExecuter.java:46)
		at org.gradle.api.internal.tasks.execution.ResolveTaskExecutionModeExecuter.execute(Reso
lveTaskExecutionModeExecuter.java:51)
		at org.gradle.api.internal.tasks.execution.SkipTaskWithNoActionsExecuter.execute(SkipTas
kWithNoActionsExecuter.java:57)
		at org.gradle.api.internal.tasks.execution.SkipOnlyIfTaskExecuter.execute(SkipOnlyIfTask
Executer.java:74)
		at org.gradle.api.internal.tasks.execution.CatchExceptionTaskExecuter.execute(CatchExcep
tionTaskExecuter.java:36)
		at org.gradle.api.internal.tasks.execution.EventFiringTaskExecuter$1.executeTask(EventFi
ringTaskExecuter.java:77)
		at org.gradle.api.internal.tasks.execution.EventFiringTaskExecuter$1.call(EventFiringTas
kExecuter.java:55)
		at org.gradle.api.internal.tasks.execution.EventFiringTaskExecuter$1.call(EventFiringTas
kExecuter.java:52)
		at org.gradle.internal.operations.DefaultBuildOperationRunner$CallableBuildOperationWork
er.execute(DefaultBuildOperationRunner.java:210)
		at org.gradle.internal.operations.DefaultBuildOperationRunner$CallableBuildOperationWork
er.execute(DefaultBuildOperationRunner.java:205)
		at org.gradle.internal.operations.DefaultBuildOperationRunner$2.execute(DefaultBuildOper
ationRunner.java:67)
		at org.gradle.internal.operations.DefaultBuildOperationRunner$2.execute(DefaultBuildOper
ationRunner.java:60)
		at org.gradle.internal.operations.DefaultBuildOperationRunner.execute(DefaultBuildOperat
ionRunner.java:167)
		at org.gradle.internal.operations.DefaultBuildOperationRunner.execute(DefaultBuildOperat
ionRunner.java:60)
		at org.gradle.internal.operations.DefaultBuildOperationRunner.call(DefaultBuildOperation
Runner.java:54)
		at org.gradle.api.internal.tasks.execution.EventFiringTaskExecuter.execute(EventFiringTa
skExecuter.java:52)
		at 
org.gradle.execution.plan.LocalTaskNodeExecutor.execute(LocalTaskNodeExecutor.java:42)
		at org.gradle.execution.taskgraph.DefaultTaskExecutionGraph$InvokeNodeExecutorsAction.ex
ecute(DefaultTaskExecutionGraph.java:331)
		at org.gradle.execution.taskgraph.DefaultTaskExecutionGraph$InvokeNodeExecutorsAction.ex
ecute(DefaultTaskExecutionGraph.java:318)
		at org.gradle.execution.taskgraph.DefaultTaskExecutionGraph$BuildOperationAwareExecution
Action.lambda$execute$0(DefaultTaskExecutionGraph.java:314)
		at org.gradle.internal.operations.CurrentBuildOperationRef.with(CurrentBuildOperationRef
.java:85)
		at org.gradle.execution.taskgraph.DefaultTaskExecutionGraph$BuildOperationAwareExecution
Action.execute(DefaultTaskExecutionGraph.java:314)
		at org.gradle.execution.taskgraph.DefaultTaskExecutionGraph$BuildOperationAwareExecution
Action.execute(DefaultTaskExecutionGraph.java:303)
		at org.gradle.execution.plan.DefaultPlanExecutor$ExecutorWorker.execute(DefaultPlanExecu
tor.java:459)
		at org.gradle.execution.plan.DefaultPlanExecutor$ExecutorWorker.run(DefaultPlanExecutor.
java:376)
		at org.gradle.internal.concurrent.ExecutorPolicy$CatchAndRecordFailures.onExecute(Execut
orPolicy.java:64)
		at org.gradle.internal.concurrent.AbstractManagedExecutor$1.run(AbstractManagedExecutor.
java:48)
		at java.base/java.util.concurrent.ThreadPoolExecutor.runWorker(Unknown Source)
		at java.base/java.util.concurrent.ThreadPoolExecutor$Worker.run(Unknown Source)
		at java.base/java.lang.Thread.run(Unknown Source)
	Suppressed: java.nio.file.AccessDeniedException: C:\Users\roger\OneDrive\Desktop\Backup S
ynaptica-AppFin\synaptica-next\android\app\build\intermediates\assets\debug\mergeDebugAsse
ts\public\_next\static\7pAR1YhmKINMmaMQXK8vI
		at java.base/sun.nio.fs.WindowsException.translateToIOException(Unknown Source)
		at java.base/sun.nio.fs.WindowsException.rethrowAsIOException(Unknown Source)
		at java.base/sun.nio.fs.WindowsException.rethrowAsIOException(Unknown Source)
		at java.base/sun.nio.fs.WindowsFileSystemProvider.implDelete(Unknown Source)
		at java.base/sun.nio.fs.AbstractFileSystemProvider.deleteIfExists(Unknown Source)
		at java.base/java.nio.file.Files.deleteIfExists(Unknown Source)
		at org.gradle.internal.file.impl.DefaultDeleter.deleteFile(DefaultDeleter.java:198)
		at org.gradle.internal.file.impl.DefaultDeleter.tryHardToDelete(DefaultDeleter.java:186)
		at 
org.gradle.internal.file.impl.DefaultDeleter.deleteRecursively(DefaultDeleter.java:143)
		at 
org.gradle.internal.file.impl.DefaultDeleter.deleteRecursively(DefaultDeleter.java:134)
		at 
org.gradle.internal.file.impl.DefaultDeleter.deleteRecursively(DefaultDeleter.java:134)
		at 
org.gradle.internal.file.impl.DefaultDeleter.deleteRecursively(DefaultDeleter.java:134)
		at 
org.gradle.internal.file.impl.DefaultDeleter.deleteRecursively(DefaultDeleter.java:134)
		at 
org.gradle.internal.file.impl.DefaultDeleter.deleteRecursively(DefaultDeleter.java:115)
		at 
org.gradle.internal.file.impl.DefaultDeleter.ensureEmptyDirectory(DefaultDeleter.java:90)
		at 
org.gradle.internal.file.impl.DefaultDeleter.ensureEmptyDirectory(DefaultDeleter.java:82)
		at org.gradle.internal.execution.steps.RemovePreviousOutputsStep$2.visitOutputProperty(R
emovePreviousOutputsStep.java:121)
		at 
org.gradle.api.internal.tasks.execution.TaskExecution.visitOutputs(TaskExecution.java:344)
		at org.gradle.internal.execution.steps.RemovePreviousOutputsStep.cleanupExclusivelyOwned
Outputs(RemovePreviousOutputsStep.java:110)
		at org.gradle.internal.execution.steps.RemovePreviousOutputsStep.execute(RemovePreviousO
utputsStep.java:63)
		at org.gradle.internal.execution.steps.RemovePreviousOutputsStep.execute(RemovePreviousO
utputsStep.java:37)
		at org.gradle.internal.execution.steps.BroadcastChangingOutputsStep.execute(BroadcastCha
ngingOutputsStep.java:61)
		at org.gradle.internal.execution.steps.BroadcastChangingOutputsStep.execute(BroadcastCha
ngingOutputsStep.java:26)
		at org.gradle.internal.execution.steps.CaptureOutputsAfterExecutionStep.execute(CaptureO
utputsAfterExecutionStep.java:69)
		at org.gradle.internal.execution.steps.CaptureOutputsAfterExecutionStep.execute(CaptureO
utputsAfterExecutionStep.java:46)
		at org.gradle.internal.execution.steps.ResolveInputChangesStep.execute(ResolveInputChang
esStep.java:40)
		at org.gradle.internal.execution.steps.ResolveInputChangesStep.execute(ResolveInputChang
esStep.java:29)
		at org.gradle.internal.execution.steps.BuildCacheStep.executeWithoutCache(BuildCacheStep
.java:189)
		at org.gradle.internal.execution.steps.BuildCacheStep.lambda$execute$1(BuildCacheStep.ja
va:75)
		at org.gradle.internal.Either$Right.fold(Either.java:175)
		at org.gradle.internal.execution.caching.CachingState.fold(CachingState.java:62)
		at org.gradle.internal.execution.steps.BuildCacheStep.execute(BuildCacheStep.java:73)
		at org.gradle.internal.execution.steps.BuildCacheStep.execute(BuildCacheStep.java:48)
		at org.gradle.internal.execution.steps.StoreExecutionStateStep.execute(StoreExecutionSta
teStep.java:46)
		at org.gradle.internal.execution.steps.StoreExecutionStateStep.execute(StoreExecutionSta
teStep.java:35)
		at org.gradle.internal.execution.steps.SkipUpToDateStep.executeBecause(SkipUpToDateStep.
java:75)
		at org.gradle.internal.execution.steps.SkipUpToDateStep.lambda$execute$2(SkipUpToDateSte
p.java:53)
		at java.base/java.util.Optional.orElseGet(Unknown Source)
		at 
org.gradle.internal.execution.steps.SkipUpToDateStep.execute(SkipUpToDateStep.java:53)
		at 
org.gradle.internal.execution.steps.SkipUpToDateStep.execute(SkipUpToDateStep.java:35)
		at org.gradle.internal.execution.steps.legacy.MarkSnapshottingInputsFinishedStep.execute
(MarkSnapshottingInputsFinishedStep.java:37)
		at org.gradle.internal.execution.steps.legacy.MarkSnapshottingInputsFinishedStep.execute
(MarkSnapshottingInputsFinishedStep.java:27)
		at org.gradle.internal.execution.steps.ResolveIncrementalCachingStateStep.executeDelegat
e(ResolveIncrementalCachingStateStep.java:49)
		at org.gradle.internal.execution.steps.ResolveIncrementalCachingStateStep.executeDelegat
e(ResolveIncrementalCachingStateStep.java:27)
		at org.gradle.internal.execution.steps.AbstractResolveCachingStateStep.execute(AbstractR
esolveCachingStateStep.java:71)
		at org.gradle.internal.execution.steps.AbstractResolveCachingStateStep.execute(AbstractR
esolveCachingStateStep.java:39)
		at 
org.gradle.internal.execution.steps.ResolveChangesStep.execute(ResolveChangesStep.java:65)
		at 
org.gradle.internal.execution.steps.ResolveChangesStep.execute(ResolveChangesStep.java:36)
		at org.gradle.internal.execution.steps.ValidateStep.execute(ValidateStep.java:107)
		at org.gradle.internal.execution.steps.ValidateStep.execute(ValidateStep.java:56)
		at org.gradle.internal.execution.steps.AbstractCaptureStateBeforeExecutionStep.execute(A
bstractCaptureStateBeforeExecutionStep.java:64)
		at org.gradle.internal.execution.steps.AbstractCaptureStateBeforeExecutionStep.execute(A
bstractCaptureStateBeforeExecutionStep.java:43)
		at org.gradle.internal.execution.steps.AbstractSkipEmptyWorkStep.executeWithNonEmptySour
ces(AbstractSkipEmptyWorkStep.java:125)
		at org.gradle.internal.execution.steps.AbstractSkipEmptyWorkStep.execute(AbstractSkipEmp
tyWorkStep.java:56)
		at org.gradle.internal.execution.steps.AbstractSkipEmptyWorkStep.execute(AbstractSkipEmp
tyWorkStep.java:36)
		at org.gradle.internal.execution.steps.legacy.MarkSnapshottingInputsStartedStep.execute(
MarkSnapshottingInputsStartedStep.java:38)
		at org.gradle.internal.execution.steps.LoadPreviousExecutionStateStep.execute(LoadPrevio
usExecutionStateStep.java:36)
		at org.gradle.internal.execution.steps.LoadPreviousExecutionStateStep.execute(LoadPrevio
usExecutionStateStep.java:23)
		at org.gradle.internal.execution.steps.HandleStaleOutputsStep.execute(HandleStaleOutputs
Step.java:75)
		at org.gradle.internal.execution.steps.HandleStaleOutputsStep.execute(HandleStaleOutputs
Step.java:41)
		at org.gradle.internal.execution.steps.AssignMutableWorkspaceStep.lambda$execute$0(Assig
nMutableWorkspaceStep.java:35)
		at org.gradle.api.internal.tasks.execution.TaskExecution$4.withWorkspace(TaskExecution.j
ava:289)
		at org.gradle.internal.execution.steps.AssignMutableWorkspaceStep.execute(AssignMutableW
orkspaceStep.java:31)
		at org.gradle.internal.execution.steps.AssignMutableWorkspaceStep.execute(AssignMutableW
orkspaceStep.java:22)
		at 
org.gradle.internal.execution.steps.ChoosePipelineStep.execute(ChoosePipelineStep.java:40)
		at 
org.gradle.internal.execution.steps.ChoosePipelineStep.execute(ChoosePipelineStep.java:23)
		at org.gradle.internal.execution.steps.ExecuteWorkBuildOperationFiringStep.lambda$execut
e$2(ExecuteWorkBuildOperationFiringStep.java:67)
		at java.base/java.util.Optional.orElseGet(Unknown Source)
		at org.gradle.internal.execution.steps.ExecuteWorkBuildOperationFiringStep.execute(Execu
teWorkBuildOperationFiringStep.java:67)
		at org.gradle.internal.execution.steps.ExecuteWorkBuildOperationFiringStep.execute(Execu
teWorkBuildOperationFiringStep.java:39)
		at 
org.gradle.internal.execution.steps.IdentityCacheStep.execute(IdentityCacheStep.java:46)
		at 
org.gradle.internal.execution.steps.IdentityCacheStep.execute(IdentityCacheStep.java:34)
		at org.gradle.internal.execution.steps.IdentifyStep.execute(IdentifyStep.java:48)
		at org.gradle.internal.execution.steps.IdentifyStep.execute(IdentifyStep.java:35)
		at org.gradle.internal.execution.impl.DefaultExecutionEngine$1.execute(DefaultExecutionE
ngine.java:64)
		at org.gradle.api.internal.tasks.execution.ExecuteActionsTaskExecuter.executeIfValid(Exe
cuteActionsTaskExecuter.java:127)
		at org.gradle.api.internal.tasks.execution.ExecuteActionsTaskExecuter.execute(ExecuteAct
ionsTaskExecuter.java:116)
		at org.gradle.api.internal.tasks.execution.ProblemsTaskPathTrackingTaskExecuter.execute(
ProblemsTaskPathTrackingTaskExecuter.java:41)
		at org.gradle.api.internal.tasks.execution.FinalizePropertiesTaskExecuter.execute(Finali
zePropertiesTaskExecuter.java:46)
		at org.gradle.api.internal.tasks.execution.ResolveTaskExecutionModeExecuter.execute(Reso
lveTaskExecutionModeExecuter.java:51)
		at org.gradle.api.internal.tasks.execution.SkipTaskWithNoActionsExecuter.execute(SkipTas
kWithNoActionsExecuter.java:57)
		at org.gradle.api.internal.tasks.execution.SkipOnlyIfTaskExecuter.execute(SkipOnlyIfTask
Executer.java:74)
		at org.gradle.api.internal.tasks.execution.CatchExceptionTaskExecuter.execute(CatchExcep
tionTaskExecuter.java:36)
		at org.gradle.api.internal.tasks.execution.EventFiringTaskExecuter$1.executeTask(EventFi
ringTaskExecuter.java:77)
		at org.gradle.api.internal.tasks.execution.EventFiringTaskExecuter$1.call(EventFiringTas
kExecuter.java:55)
		at org.gradle.api.internal.tasks.execution.EventFiringTaskExecuter$1.call(EventFiringTas
kExecuter.java:52)
		at org.gradle.internal.operations.DefaultBuildOperationRunner$CallableBuildOperationWork
er.execute(DefaultBuildOperationRunner.java:210)
		at org.gradle.internal.operations.DefaultBuildOperationRunner$CallableBuildOperationWork
er.execute(DefaultBuildOperationRunner.java:205)
		at org.gradle.internal.operations.DefaultBuildOperationRunner$2.execute(DefaultBuildOper
ationRunner.java:67)
		at org.gradle.internal.operations.DefaultBuildOperationRunner$2.execute(DefaultBuildOper
ationRunner.java:60)
		at org.gradle.internal.operations.DefaultBuildOperationRunner.execute(DefaultBuildOperat
ionRunner.java:167)
		at org.gradle.internal.operations.DefaultBuildOperationRunner.execute(DefaultBuildOperat
ionRunner.java:60)
		at org.gradle.internal.operations.DefaultBuildOperationRunner.call(DefaultBuildOperation
Runner.java:54)
		at org.gradle.api.internal.tasks.execution.EventFiringTaskExecuter.execute(EventFiringTa
skExecuter.java:52)
		at 
org.gradle.execution.plan.LocalTaskNodeExecutor.execute(LocalTaskNodeExecutor.java:42)
		at org.gradle.execution.taskgraph.DefaultTaskExecutionGraph$InvokeNodeExecutorsAction.ex
ecute(DefaultTaskExecutionGraph.java:331)
		at org.gradle.execution.taskgraph.DefaultTaskExecutionGraph$InvokeNodeExecutorsAction.ex
ecute(DefaultTaskExecutionGraph.java:318)
		at org.gradle.execution.taskgraph.DefaultTaskExecutionGraph$BuildOperationAwareExecution
Action.lambda$execute$0(DefaultTaskExecutionGraph.java:314)
		at org.gradle.internal.operations.CurrentBuildOperationRef.with(CurrentBuildOperationRef
.java:85)
		at org.gradle.execution.taskgraph.DefaultTaskExecutionGraph$BuildOperationAwareExecution
Action.execute(DefaultTaskExecutionGraph.java:314)
		at org.gradle.execution.taskgraph.DefaultTaskExecutionGraph$BuildOperationAwareExecution
Action.execute(DefaultTaskExecutionGraph.java:303)
		at org.gradle.execution.plan.DefaultPlanExecutor$ExecutorWorker.execute(DefaultPlanExecu
tor.java:459)
		at org.gradle.execution.plan.DefaultPlanExecutor$ExecutorWorker.run(DefaultPlanExecutor.
java:376)
		at org.gradle.internal.concurrent.ExecutorPolicy$CatchAndRecordFailures.onExecute(Execut
orPolicy.java:64)
		at org.gradle.internal.concurrent.AbstractManagedExecutor$1.run(AbstractManagedExecutor.
java:48)
		at java.base/java.util.concurrent.ThreadPoolExecutor.runWorker(Unknown Source)
		at java.base/java.util.concurrent.ThreadPoolExecutor$Worker.run(Unknown Source)
		at java.base/java.lang.Thread.run(Unknown Source)
	Suppressed: java.nio.file.AccessDeniedException: C:\Users\roger\OneDrive\Desktop\Backup S
ynaptica-AppFin\synaptica-next\android\app\build\intermediates\assets\debug\mergeDebugAsse
ts\public\_next\static\AIBXrX-5yodNgs7aop7hP
		at java.base/sun.nio.fs.WindowsException.translateToIOException(Unknown Source)
		at java.base/sun.nio.fs.WindowsException.rethrowAsIOException(Unknown Source)
		at java.base/sun.nio.fs.WindowsException.rethrowAsIOException(Unknown Source)
		at java.base/sun.nio.fs.WindowsFileSystemProvider.implDelete(Unknown Source)
		at java.base/sun.nio.fs.AbstractFileSystemProvider.deleteIfExists(Unknown Source)
		at java.base/java.nio.file.Files.deleteIfExists(Unknown Source)
		at org.gradle.internal.file.impl.DefaultDeleter.deleteFile(DefaultDeleter.java:198)
		at org.gradle.internal.file.impl.DefaultDeleter.tryHardToDelete(DefaultDeleter.java:186)
		at 
org.gradle.internal.file.impl.DefaultDeleter.deleteRecursively(DefaultDeleter.java:143)
		at 
org.gradle.internal.file.impl.DefaultDeleter.deleteRecursively(DefaultDeleter.java:134)
		at 
org.gradle.internal.file.impl.DefaultDeleter.deleteRecursively(DefaultDeleter.java:134)
		at 
org.gradle.internal.file.impl.DefaultDeleter.deleteRecursively(DefaultDeleter.java:134)
		at 
org.gradle.internal.file.impl.DefaultDeleter.deleteRecursively(DefaultDeleter.java:134)
		at 
org.gradle.internal.file.impl.DefaultDeleter.deleteRecursively(DefaultDeleter.java:115)
		at 
org.gradle.internal.file.impl.DefaultDeleter.ensureEmptyDirectory(DefaultDeleter.java:90)
		at 
org.gradle.internal.file.impl.DefaultDeleter.ensureEmptyDirectory(DefaultDeleter.java:82)
		at org.gradle.internal.execution.steps.RemovePreviousOutputsStep$2.visitOutputProperty(R
emovePreviousOutputsStep.java:121)
		at 
org.gradle.api.internal.tasks.execution.TaskExecution.visitOutputs(TaskExecution.java:344)
		at org.gradle.internal.execution.steps.RemovePreviousOutputsStep.cleanupExclusivelyOwned
Outputs(RemovePreviousOutputsStep.java:110)
		at org.gradle.internal.execution.steps.RemovePreviousOutputsStep.execute(RemovePreviousO
utputsStep.java:63)
		at org.gradle.internal.execution.steps.RemovePreviousOutputsStep.execute(RemovePreviousO
utputsStep.java:37)
		at org.gradle.internal.execution.steps.BroadcastChangingOutputsStep.execute(BroadcastCha
ngingOutputsStep.java:61)
		at org.gradle.internal.execution.steps.BroadcastChangingOutputsStep.execute(BroadcastCha
ngingOutputsStep.java:26)
		at org.gradle.internal.execution.steps.CaptureOutputsAfterExecutionStep.execute(CaptureO
utputsAfterExecutionStep.java:69)
		at org.gradle.internal.execution.steps.CaptureOutputsAfterExecutionStep.execute(CaptureO
utputsAfterExecutionStep.java:46)
		at org.gradle.internal.execution.steps.ResolveInputChangesStep.execute(ResolveInputChang
esStep.java:40)
		at org.gradle.internal.execution.steps.ResolveInputChangesStep.execute(ResolveInputChang
esStep.java:29)
		at org.gradle.internal.execution.steps.BuildCacheStep.executeWithoutCache(BuildCacheStep
.java:189)
		at org.gradle.internal.execution.steps.BuildCacheStep.lambda$execute$1(BuildCacheStep.ja
va:75)
		at org.gradle.internal.Either$Right.fold(Either.java:175)
		at org.gradle.internal.execution.caching.CachingState.fold(CachingState.java:62)
		at org.gradle.internal.execution.steps.BuildCacheStep.execute(BuildCacheStep.java:73)
		at org.gradle.internal.execution.steps.BuildCacheStep.execute(BuildCacheStep.java:48)
		at org.gradle.internal.execution.steps.StoreExecutionStateStep.execute(StoreExecutionSta
teStep.java:46)
		at org.gradle.internal.execution.steps.StoreExecutionStateStep.execute(StoreExecutionSta
teStep.java:35)
		at org.gradle.internal.execution.steps.SkipUpToDateStep.executeBecause(SkipUpToDateStep.
java:75)
		at org.gradle.internal.execution.steps.SkipUpToDateStep.lambda$execute$2(SkipUpToDateSte
p.java:53)
		at java.base/java.util.Optional.orElseGet(Unknown Source)
		at 
org.gradle.internal.execution.steps.SkipUpToDateStep.execute(SkipUpToDateStep.java:53)
		at 
org.gradle.internal.execution.steps.SkipUpToDateStep.execute(SkipUpToDateStep.java:35)
		at org.gradle.internal.execution.steps.legacy.MarkSnapshottingInputsFinishedStep.execute
(MarkSnapshottingInputsFinishedStep.java:37)
		at org.gradle.internal.execution.steps.legacy.MarkSnapshottingInputsFinishedStep.execute
(MarkSnapshottingInputsFinishedStep.java:27)
		at org.gradle.internal.execution.steps.ResolveIncrementalCachingStateStep.executeDelegat
e(ResolveIncrementalCachingStateStep.java:49)
		at org.gradle.internal.execution.steps.ResolveIncrementalCachingStateStep.executeDelegat
e(ResolveIncrementalCachingStateStep.java:27)
		at org.gradle.internal.execution.steps.AbstractResolveCachingStateStep.execute(AbstractR
esolveCachingStateStep.java:71)
		at org.gradle.internal.execution.steps.AbstractResolveCachingStateStep.execute(AbstractR
esolveCachingStateStep.java:39)
		at 
org.gradle.internal.execution.steps.ResolveChangesStep.execute(ResolveChangesStep.java:65)
		at 
org.gradle.internal.execution.steps.ResolveChangesStep.execute(ResolveChangesStep.java:36)
		at org.gradle.internal.execution.steps.ValidateStep.execute(ValidateStep.java:107)
		at org.gradle.internal.execution.steps.ValidateStep.execute(ValidateStep.java:56)
		at org.gradle.internal.execution.steps.AbstractCaptureStateBeforeExecutionStep.execute(A
bstractCaptureStateBeforeExecutionStep.java:64)
		at org.gradle.internal.execution.steps.AbstractCaptureStateBeforeExecutionStep.execute(A
bstractCaptureStateBeforeExecutionStep.java:43)
		at org.gradle.internal.execution.steps.AbstractSkipEmptyWorkStep.executeWithNonEmptySour
ces(AbstractSkipEmptyWorkStep.java:125)
		at org.gradle.internal.execution.steps.AbstractSkipEmptyWorkStep.execute(AbstractSkipEmp
tyWorkStep.java:56)
		at org.gradle.internal.execution.steps.AbstractSkipEmptyWorkStep.execute(AbstractSkipEmp
tyWorkStep.java:36)
		at org.gradle.internal.execution.steps.legacy.MarkSnapshottingInputsStartedStep.execute(
MarkSnapshottingInputsStartedStep.java:38)
		at org.gradle.internal.execution.steps.LoadPreviousExecutionStateStep.execute(LoadPrevio
usExecutionStateStep.java:36)
		at org.gradle.internal.execution.steps.LoadPreviousExecutionStateStep.execute(LoadPrevio
usExecutionStateStep.java:23)
		at org.gradle.internal.execution.steps.HandleStaleOutputsStep.execute(HandleStaleOutputs
Step.java:75)
		at org.gradle.internal.execution.steps.HandleStaleOutputsStep.execute(HandleStaleOutputs
Step.java:41)
		at org.gradle.internal.execution.steps.AssignMutableWorkspaceStep.lambda$execute$0(Assig
nMutableWorkspaceStep.java:35)
		at org.gradle.api.internal.tasks.execution.TaskExecution$4.withWorkspace(TaskExecution.j
ava:289)
		at org.gradle.internal.execution.steps.AssignMutableWorkspaceStep.execute(AssignMutableW
orkspaceStep.java:31)
		at org.gradle.internal.execution.steps.AssignMutableWorkspaceStep.execute(AssignMutableW
orkspaceStep.java:22)
		at 
org.gradle.internal.execution.steps.ChoosePipelineStep.execute(ChoosePipelineStep.java:40)
		at 
org.gradle.internal.execution.steps.ChoosePipelineStep.execute(ChoosePipelineStep.java:23)
		at org.gradle.internal.execution.steps.ExecuteWorkBuildOperationFiringStep.lambda$execut
e$2(ExecuteWorkBuildOperationFiringStep.java:67)
		at java.base/java.util.Optional.orElseGet(Unknown Source)
		at org.gradle.internal.execution.steps.ExecuteWorkBuildOperationFiringStep.execute(Execu
teWorkBuildOperationFiringStep.java:67)
		at org.gradle.internal.execution.steps.ExecuteWorkBuildOperationFiringStep.execute(Execu
teWorkBuildOperationFiringStep.java:39)
		at 
org.gradle.internal.execution.steps.IdentityCacheStep.execute(IdentityCacheStep.java:46)
		at 
org.gradle.internal.execution.steps.IdentityCacheStep.execute(IdentityCacheStep.java:34)
		at org.gradle.internal.execution.steps.IdentifyStep.execute(IdentifyStep.java:48)
		at org.gradle.internal.execution.steps.IdentifyStep.execute(IdentifyStep.java:35)
		at org.gradle.internal.execution.impl.DefaultExecutionEngine$1.execute(DefaultExecutionE
ngine.java:64)
		at org.gradle.api.internal.tasks.execution.ExecuteActionsTaskExecuter.executeIfValid(Exe
cuteActionsTaskExecuter.java:127)
		at org.gradle.api.internal.tasks.execution.ExecuteActionsTaskExecuter.execute(ExecuteAct
ionsTaskExecuter.java:116)
		at org.gradle.api.internal.tasks.execution.ProblemsTaskPathTrackingTaskExecuter.execute(
ProblemsTaskPathTrackingTaskExecuter.java:41)
		at org.gradle.api.internal.tasks.execution.FinalizePropertiesTaskExecuter.execute(Finali
zePropertiesTaskExecuter.java:46)
		at org.gradle.api.internal.tasks.execution.ResolveTaskExecutionModeExecuter.execute(Reso
lveTaskExecutionModeExecuter.java:51)
		at org.gradle.api.internal.tasks.execution.SkipTaskWithNoActionsExecuter.execute(SkipTas
kWithNoActionsExecuter.java:57)
		at org.gradle.api.internal.tasks.execution.SkipOnlyIfTaskExecuter.execute(SkipOnlyIfTask
Executer.java:74)
		at org.gradle.api.internal.tasks.execution.CatchExceptionTaskExecuter.execute(CatchExcep
tionTaskExecuter.java:36)
		at org.gradle.api.internal.tasks.execution.EventFiringTaskExecuter$1.executeTask(EventFi
ringTaskExecuter.java:77)
		at org.gradle.api.internal.tasks.execution.EventFiringTaskExecuter$1.call(EventFiringTas
kExecuter.java:55)
		at org.gradle.api.internal.tasks.execution.EventFiringTaskExecuter$1.call(EventFiringTas
kExecuter.java:52)
		at org.gradle.internal.operations.DefaultBuildOperationRunner$CallableBuildOperationWork
er.execute(DefaultBuildOperationRunner.java:210)
		at org.gradle.internal.operations.DefaultBuildOperationRunner$CallableBuildOperationWork
er.execute(DefaultBuildOperationRunner.java:205)
		at org.gradle.internal.operations.DefaultBuildOperationRunner$2.execute(DefaultBuildOper
ationRunner.java:67)
		at org.gradle.internal.operations.DefaultBuildOperationRunner$2.execute(DefaultBuildOper
ationRunner.java:60)
		at org.gradle.internal.operations.DefaultBuildOperationRunner.execute(DefaultBuildOperat
ionRunner.java:167)
		at org.gradle.internal.operations.DefaultBuildOperationRunner.execute(DefaultBuildOperat
ionRunner.java:60)
		at org.gradle.internal.operations.DefaultBuildOperationRunner.call(DefaultBuildOperation
Runner.java:54)
		at org.gradle.api.internal.tasks.execution.EventFiringTaskExecuter.execute(EventFiringTa
skExecuter.java:52)
		at 
org.gradle.execution.plan.LocalTaskNodeExecutor.execute(LocalTaskNodeExecutor.java:42)
		at org.gradle.execution.taskgraph.DefaultTaskExecutionGraph$InvokeNodeExecutorsAction.ex
ecute(DefaultTaskExecutionGraph.java:331)
		at org.gradle.execution.taskgraph.DefaultTaskExecutionGraph$InvokeNodeExecutorsAction.ex
ecute(DefaultTaskExecutionGraph.java:318)
		at org.gradle.execution.taskgraph.DefaultTaskExecutionGraph$BuildOperationAwareExecution
Action.lambda$execute$0(DefaultTaskExecutionGraph.java:314)
		at org.gradle.internal.operations.CurrentBuildOperationRef.with(CurrentBuildOperationRef
.java:85)
		at org.gradle.execution.taskgraph.DefaultTaskExecutionGraph$BuildOperationAwareExecution
Action.execute(DefaultTaskExecutionGraph.java:314)
		at org.gradle.execution.taskgraph.DefaultTaskExecutionGraph$BuildOperationAwareExecution
Action.execute(DefaultTaskExecutionGraph.java:303)
		at org.gradle.execution.plan.DefaultPlanExecutor$ExecutorWorker.execute(DefaultPlanExecu
tor.java:459)
		at org.gradle.execution.plan.DefaultPlanExecutor$ExecutorWorker.run(DefaultPlanExecutor.
java:376)
		at org.gradle.internal.concurrent.ExecutorPolicy$CatchAndRecordFailures.onExecute(Execut
orPolicy.java:64)
		at org.gradle.internal.concurrent.AbstractManagedExecutor$1.run(AbstractManagedExecutor.
java:48)
		at java.base/java.util.concurrent.ThreadPoolExecutor.runWorker(Unknown Source)
		at java.base/java.util.concurrent.ThreadPoolExecutor$Worker.run(Unknown Source)
		at java.base/java.lang.Thread.run(Unknown Source)
	Suppressed: java.nio.file.AccessDeniedException: C:\Users\roger\OneDrive\Desktop\Backup S
ynaptica-AppFin\synaptica-next\android\app\build\intermediates\assets\debug\mergeDebugAsse
ts\public\_next\static\btY1HTto7Kdv7rHTMl0j_
		at java.base/sun.nio.fs.WindowsException.translateToIOException(Unknown Source)
		at java.base/sun.nio.fs.WindowsException.rethrowAsIOException(Unknown Source)
		at java.base/sun.nio.fs.WindowsException.rethrowAsIOException(Unknown Source)
		at java.base/sun.nio.fs.WindowsFileSystemProvider.implDelete(Unknown Source)
		at java.base/sun.nio.fs.AbstractFileSystemProvider.deleteIfExists(Unknown Source)
		at java.base/java.nio.file.Files.deleteIfExists(Unknown Source)
		at org.gradle.internal.file.impl.DefaultDeleter.deleteFile(DefaultDeleter.java:198)
		at org.gradle.internal.file.impl.DefaultDeleter.tryHardToDelete(DefaultDeleter.java:186)
		at 
org.gradle.internal.file.impl.DefaultDeleter.deleteRecursively(DefaultDeleter.java:143)
		at 
org.gradle.internal.file.impl.DefaultDeleter.deleteRecursively(DefaultDeleter.java:134)
		at 
org.gradle.internal.file.impl.DefaultDeleter.deleteRecursively(DefaultDeleter.java:134)
		at 
org.gradle.internal.file.impl.DefaultDeleter.deleteRecursively(DefaultDeleter.java:134)
		at 
org.gradle.internal.file.impl.DefaultDeleter.deleteRecursively(DefaultDeleter.java:134)
		at 
org.gradle.internal.file.impl.DefaultDeleter.deleteRecursively(DefaultDeleter.java:115)
		at 
org.gradle.internal.file.impl.DefaultDeleter.ensureEmptyDirectory(DefaultDeleter.java:90)
		at 
org.gradle.internal.file.impl.DefaultDeleter.ensureEmptyDirectory(DefaultDeleter.java:82)
		at org.gradle.internal.execution.steps.RemovePreviousOutputsStep$2.visitOutputProperty(R
emovePreviousOutputsStep.java:121)
		at 
org.gradle.api.internal.tasks.execution.TaskExecution.visitOutputs(TaskExecution.java:344)
		at org.gradle.internal.execution.steps.RemovePreviousOutputsStep.cleanupExclusivelyOwned
Outputs(RemovePreviousOutputsStep.java:110)
		at org.gradle.internal.execution.steps.RemovePreviousOutputsStep.execute(RemovePreviousO
utputsStep.java:63)
		at org.gradle.internal.execution.steps.RemovePreviousOutputsStep.execute(RemovePreviousO
utputsStep.java:37)
		at org.gradle.internal.execution.steps.BroadcastChangingOutputsStep.execute(BroadcastCha
ngingOutputsStep.java:61)
		at org.gradle.internal.execution.steps.BroadcastChangingOutputsStep.execute(BroadcastCha
ngingOutputsStep.java:26)
		at org.gradle.internal.execution.steps.CaptureOutputsAfterExecutionStep.execute(CaptureO
utputsAfterExecutionStep.java:69)
		at org.gradle.internal.execution.steps.CaptureOutputsAfterExecutionStep.execute(CaptureO
utputsAfterExecutionStep.java:46)
		at org.gradle.internal.execution.steps.ResolveInputChangesStep.execute(ResolveInputChang
esStep.java:40)
		at org.gradle.internal.execution.steps.ResolveInputChangesStep.execute(ResolveInputChang
esStep.java:29)
		at org.gradle.internal.execution.steps.BuildCacheStep.executeWithoutCache(BuildCacheStep
.java:189)
		at org.gradle.internal.execution.steps.BuildCacheStep.lambda$execute$1(BuildCacheStep.ja
va:75)
		at org.gradle.internal.Either$Right.fold(Either.java:175)
		at org.gradle.internal.execution.caching.CachingState.fold(CachingState.java:62)
		at org.gradle.internal.execution.steps.BuildCacheStep.execute(BuildCacheStep.java:73)
		at org.gradle.internal.execution.steps.BuildCacheStep.execute(BuildCacheStep.java:48)
		at org.gradle.internal.execution.steps.StoreExecutionStateStep.execute(StoreExecutionSta
teStep.java:46)
		at org.gradle.internal.execution.steps.StoreExecutionStateStep.execute(StoreExecutionSta
teStep.java:35)
		at org.gradle.internal.execution.steps.SkipUpToDateStep.executeBecause(SkipUpToDateStep.
java:75)
		at org.gradle.internal.execution.steps.SkipUpToDateStep.lambda$execute$2(SkipUpToDateSte
p.java:53)
		at java.base/java.util.Optional.orElseGet(Unknown Source)
		at 
org.gradle.internal.execution.steps.SkipUpToDateStep.execute(SkipUpToDateStep.java:53)
		at 
org.gradle.internal.execution.steps.SkipUpToDateStep.execute(SkipUpToDateStep.java:35)
		at org.gradle.internal.execution.steps.legacy.MarkSnapshottingInputsFinishedStep.execute
(MarkSnapshottingInputsFinishedStep.java:37)
		at org.gradle.internal.execution.steps.legacy.MarkSnapshottingInputsFinishedStep.execute
(MarkSnapshottingInputsFinishedStep.java:27)
		at org.gradle.internal.execution.steps.ResolveIncrementalCachingStateStep.executeDelegat
e(ResolveIncrementalCachingStateStep.java:49)
		at org.gradle.internal.execution.steps.ResolveIncrementalCachingStateStep.executeDelegat
e(ResolveIncrementalCachingStateStep.java:27)
		at org.gradle.internal.execution.steps.AbstractResolveCachingStateStep.execute(AbstractR
esolveCachingStateStep.java:71)
		at org.gradle.internal.execution.steps.AbstractResolveCachingStateStep.execute(AbstractR
esolveCachingStateStep.java:39)
		at 
org.gradle.internal.execution.steps.ResolveChangesStep.execute(ResolveChangesStep.java:65)
		at 
org.gradle.internal.execution.steps.ResolveChangesStep.execute(ResolveChangesStep.java:36)
		at org.gradle.internal.execution.steps.ValidateStep.execute(ValidateStep.java:107)
		at org.gradle.internal.execution.steps.ValidateStep.execute(ValidateStep.java:56)
		at org.gradle.internal.execution.steps.AbstractCaptureStateBeforeExecutionStep.execute(A
bstractCaptureStateBeforeExecutionStep.java:64)
		at org.gradle.internal.execution.steps.AbstractCaptureStateBeforeExecutionStep.execute(A
bstractCaptureStateBeforeExecutionStep.java:43)
		at org.gradle.internal.execution.steps.AbstractSkipEmptyWorkStep.executeWithNonEmptySour
ces(AbstractSkipEmptyWorkStep.java:125)
		at org.gradle.internal.execution.steps.AbstractSkipEmptyWorkStep.execute(AbstractSkipEmp
tyWorkStep.java:56)
		at org.gradle.internal.execution.steps.AbstractSkipEmptyWorkStep.execute(AbstractSkipEmp
tyWorkStep.java:36)
		at org.gradle.internal.execution.steps.legacy.MarkSnapshottingInputsStartedStep.execute(
MarkSnapshottingInputsStartedStep.java:38)
		at org.gradle.internal.execution.steps.LoadPreviousExecutionStateStep.execute(LoadPrevio
usExecutionStateStep.java:36)
		at org.gradle.internal.execution.steps.LoadPreviousExecutionStateStep.execute(LoadPrevio
usExecutionStateStep.java:23)
		at org.gradle.internal.execution.steps.HandleStaleOutputsStep.execute(HandleStaleOutputs
Step.java:75)
		at org.gradle.internal.execution.steps.HandleStaleOutputsStep.execute(HandleStaleOutputs
Step.java:41)
		at org.gradle.internal.execution.steps.AssignMutableWorkspaceStep.lambda$execute$0(Assig
nMutableWorkspaceStep.java:35)
		at org.gradle.api.internal.tasks.execution.TaskExecution$4.withWorkspace(TaskExecution.j
ava:289)
		at org.gradle.internal.execution.steps.AssignMutableWorkspaceStep.execute(AssignMutableW
orkspaceStep.java:31)
		at org.gradle.internal.execution.steps.AssignMutableWorkspaceStep.execute(AssignMutableW
orkspaceStep.java:22)
		at 
org.gradle.internal.execution.steps.ChoosePipelineStep.execute(ChoosePipelineStep.java:40)
		at 
org.gradle.internal.execution.steps.ChoosePipelineStep.execute(ChoosePipelineStep.java:23)
		at org.gradle.internal.execution.steps.ExecuteWorkBuildOperationFiringStep.lambda$execut
e$2(ExecuteWorkBuildOperationFiringStep.java:67)
		at java.base/java.util.Optional.orElseGet(Unknown Source)
		at org.gradle.internal.execution.steps.ExecuteWorkBuildOperationFiringStep.execute(Execu
teWorkBuildOperationFiringStep.java:67)
		at org.gradle.internal.execution.steps.ExecuteWorkBuildOperationFiringStep.execute(Execu
teWorkBuildOperationFiringStep.java:39)
		at 
org.gradle.internal.execution.steps.IdentityCacheStep.execute(IdentityCacheStep.java:46)
		at 
org.gradle.internal.execution.steps.IdentityCacheStep.execute(IdentityCacheStep.java:34)
		at org.gradle.internal.execution.steps.IdentifyStep.execute(IdentifyStep.java:48)
		at org.gradle.internal.execution.steps.IdentifyStep.execute(IdentifyStep.java:35)
		at org.gradle.internal.execution.impl.DefaultExecutionEngine$1.execute(DefaultExecutionE
ngine.java:64)
		at org.gradle.api.internal.tasks.execution.ExecuteActionsTaskExecuter.executeIfValid(Exe
cuteActionsTaskExecuter.java:127)
		at org.gradle.api.internal.tasks.execution.ExecuteActionsTaskExecuter.execute(ExecuteAct
ionsTaskExecuter.java:116)
		at org.gradle.api.internal.tasks.execution.ProblemsTaskPathTrackingTaskExecuter.execute(
ProblemsTaskPathTrackingTaskExecuter.java:41)
		at org.gradle.api.internal.tasks.execution.FinalizePropertiesTaskExecuter.execute(Finali
zePropertiesTaskExecuter.java:46)
		at org.gradle.api.internal.tasks.execution.ResolveTaskExecutionModeExecuter.execute(Reso
lveTaskExecutionModeExecuter.java:51)
		at org.gradle.api.internal.tasks.execution.SkipTaskWithNoActionsExecuter.execute(SkipTas
kWithNoActionsExecuter.java:57)
		at org.gradle.api.internal.tasks.execution.SkipOnlyIfTaskExecuter.execute(SkipOnlyIfTask
Executer.java:74)
		at org.gradle.api.internal.tasks.execution.CatchExceptionTaskExecuter.execute(CatchExcep
tionTaskExecuter.java:36)
		at org.gradle.api.internal.tasks.execution.EventFiringTaskExecuter$1.executeTask(EventFi
ringTaskExecuter.java:77)
		at org.gradle.api.internal.tasks.execution.EventFiringTaskExecuter$1.call(EventFiringTas
kExecuter.java:55)
		at org.gradle.api.internal.tasks.execution.EventFiringTaskExecuter$1.call(EventFiringTas
kExecuter.java:52)
		at org.gradle.internal.operations.DefaultBuildOperationRunner$CallableBuildOperationWork
er.execute(DefaultBuildOperationRunner.java:210)
		at org.gradle.internal.operations.DefaultBuildOperationRunner$CallableBuildOperationWork
er.execute(DefaultBuildOperationRunner.java:205)
		at org.gradle.internal.operations.DefaultBuildOperationRunner$2.execute(DefaultBuildOper
ationRunner.java:67)
		at org.gradle.internal.operations.DefaultBuildOperationRunner$2.execute(DefaultBuildOper
ationRunner.java:60)
		at org.gradle.internal.operations.DefaultBuildOperationRunner.execute(DefaultBuildOperat
ionRunner.java:167)
		at org.gradle.internal.operations.DefaultBuildOperationRunner.execute(DefaultBuildOperat
ionRunner.java:60)
		at org.gradle.internal.operations.DefaultBuildOperationRunner.call(DefaultBuildOperation
Runner.java:54)
		at org.gradle.api.internal.tasks.execution.EventFiringTaskExecuter.execute(EventFiringTa
skExecuter.java:52)
		at 
org.gradle.execution.plan.LocalTaskNodeExecutor.execute(LocalTaskNodeExecutor.java:42)
		at org.gradle.execution.taskgraph.DefaultTaskExecutionGraph$InvokeNodeExecutorsAction.ex
ecute(DefaultTaskExecutionGraph.java:331)
		at org.gradle.execution.taskgraph.DefaultTaskExecutionGraph$InvokeNodeExecutorsAction.ex
ecute(DefaultTaskExecutionGraph.java:318)
		at org.gradle.execution.taskgraph.DefaultTaskExecutionGraph$BuildOperationAwareExecution
Action.lambda$execute$0(DefaultTaskExecutionGraph.java:314)
		at org.gradle.internal.operations.CurrentBuildOperationRef.with(CurrentBuildOperationRef
.java:85)
		at org.gradle.execution.taskgraph.DefaultTaskExecutionGraph$BuildOperationAwareExecution
Action.execute(DefaultTaskExecutionGraph.java:314)
		at org.gradle.execution.taskgraph.DefaultTaskExecutionGraph$BuildOperationAwareExecution
Action.execute(DefaultTaskExecutionGraph.java:303)
		at org.gradle.execution.plan.DefaultPlanExecutor$ExecutorWorker.execute(DefaultPlanExecu
tor.java:459)
		at org.gradle.execution.plan.DefaultPlanExecutor$ExecutorWorker.run(DefaultPlanExecutor.
java:376)
		at org.gradle.internal.concurrent.ExecutorPolicy$CatchAndRecordFailures.onExecute(Execut
orPolicy.java:64)
		at org.gradle.internal.concurrent.AbstractManagedExecutor$1.run(AbstractManagedExecutor.
java:48)
		at java.base/java.util.concurrent.ThreadPoolExecutor.runWorker(Unknown Source)
		at java.base/java.util.concurrent.ThreadPoolExecutor$Worker.run(Unknown Source)
		at java.base/java.lang.Thread.run(Unknown Source)
	Suppressed: java.nio.file.AccessDeniedException: C:\Users\roger\OneDrive\Desktop\Backup S
ynaptica-AppFin\synaptica-next\android\app\build\intermediates\assets\debug\mergeDebugAsse
ts\public\_next\static\eZ7aCb8fQrAJS6HfD5020
		at java.base/sun.nio.fs.WindowsException.translateToIOException(Unknown Source)
		at java.base/sun.nio.fs.WindowsException.rethrowAsIOException(Unknown Source)
		at java.base/sun.nio.fs.WindowsException.rethrowAsIOException(Unknown Source)
		at java.base/sun.nio.fs.WindowsFileSystemProvider.implDelete(Unknown Source)
		at java.base/sun.nio.fs.AbstractFileSystemProvider.deleteIfExists(Unknown Source)
		at java.base/java.nio.file.Files.deleteIfExists(Unknown Source)
		at org.gradle.internal.file.impl.DefaultDeleter.deleteFile(DefaultDeleter.java:198)
		at org.gradle.internal.file.impl.DefaultDeleter.tryHardToDelete(DefaultDeleter.java:186)
		at 
org.gradle.internal.file.impl.DefaultDeleter.deleteRecursively(DefaultDeleter.java:143)
		at 
org.gradle.internal.file.impl.DefaultDeleter.deleteRecursively(DefaultDeleter.java:134)
		at 
org.gradle.internal.file.impl.DefaultDeleter.deleteRecursively(DefaultDeleter.java:134)
		at 
org.gradle.internal.file.impl.DefaultDeleter.deleteRecursively(DefaultDeleter.java:134)
		at 
org.gradle.internal.file.impl.DefaultDeleter.deleteRecursively(DefaultDeleter.java:134)
		at 
org.gradle.internal.file.impl.DefaultDeleter.deleteRecursively(DefaultDeleter.java:115)
		at 
org.gradle.internal.file.impl.DefaultDeleter.ensureEmptyDirectory(DefaultDeleter.java:90)
		at 
org.gradle.internal.file.impl.DefaultDeleter.ensureEmptyDirectory(DefaultDeleter.java:82)
		at org.gradle.internal.execution.steps.RemovePreviousOutputsStep$2.visitOutputProperty(R
emovePreviousOutputsStep.java:121)
		at 
org.gradle.api.internal.tasks.execution.TaskExecution.visitOutputs(TaskExecution.java:344)
		at org.gradle.internal.execution.steps.RemovePreviousOutputsStep.cleanupExclusivelyOwned
Outputs(RemovePreviousOutputsStep.java:110)
		at org.gradle.internal.execution.steps.RemovePreviousOutputsStep.execute(RemovePreviousO
utputsStep.java:63)
		at org.gradle.internal.execution.steps.RemovePreviousOutputsStep.execute(RemovePreviousO
utputsStep.java:37)
		at org.gradle.internal.execution.steps.BroadcastChangingOutputsStep.execute(BroadcastCha
ngingOutputsStep.java:61)
		at org.gradle.internal.execution.steps.BroadcastChangingOutputsStep.execute(BroadcastCha
ngingOutputsStep.java:26)
		at org.gradle.internal.execution.steps.CaptureOutputsAfterExecutionStep.execute(CaptureO
utputsAfterExecutionStep.java:69)
		at org.gradle.internal.execution.steps.CaptureOutputsAfterExecutionStep.execute(CaptureO
utputsAfterExecutionStep.java:46)
		at org.gradle.internal.execution.steps.ResolveInputChangesStep.execute(ResolveInputChang
esStep.java:40)
		at org.gradle.internal.execution.steps.ResolveInputChangesStep.execute(ResolveInputChang
esStep.java:29)
		at org.gradle.internal.execution.steps.BuildCacheStep.executeWithoutCache(BuildCacheStep
.java:189)
		at org.gradle.internal.execution.steps.BuildCacheStep.lambda$execute$1(BuildCacheStep.ja
va:75)
		at org.gradle.internal.Either$Right.fold(Either.java:175)
		at org.gradle.internal.execution.caching.CachingState.fold(CachingState.java:62)
		at org.gradle.internal.execution.steps.BuildCacheStep.execute(BuildCacheStep.java:73)
		at org.gradle.internal.execution.steps.BuildCacheStep.execute(BuildCacheStep.java:48)
		at org.gradle.internal.execution.steps.StoreExecutionStateStep.execute(StoreExecutionSta
teStep.java:46)
		at org.gradle.internal.execution.steps.StoreExecutionStateStep.execute(StoreExecutionSta
teStep.java:35)
		at org.gradle.internal.execution.steps.SkipUpToDateStep.executeBecause(SkipUpToDateStep.
java:75)
		at org.gradle.internal.execution.steps.SkipUpToDateStep.lambda$execute$2(SkipUpToDateSte
p.java:53)
		at java.base/java.util.Optional.orElseGet(Unknown Source)
		at 
org.gradle.internal.execution.steps.SkipUpToDateStep.execute(SkipUpToDateStep.java:53)
		at 
org.gradle.internal.execution.steps.SkipUpToDateStep.execute(SkipUpToDateStep.java:35)
		at org.gradle.internal.execution.steps.legacy.MarkSnapshottingInputsFinishedStep.execute
(MarkSnapshottingInputsFinishedStep.java:37)
		at org.gradle.internal.execution.steps.legacy.MarkSnapshottingInputsFinishedStep.execute
(MarkSnapshottingInputsFinishedStep.java:27)
		at org.gradle.internal.execution.steps.ResolveIncrementalCachingStateStep.executeDelegat
e(ResolveIncrementalCachingStateStep.java:49)
		at org.gradle.internal.execution.steps.ResolveIncrementalCachingStateStep.executeDelegat
e(ResolveIncrementalCachingStateStep.java:27)
		at org.gradle.internal.execution.steps.AbstractResolveCachingStateStep.execute(AbstractR
esolveCachingStateStep.java:71)
		at org.gradle.internal.execution.steps.AbstractResolveCachingStateStep.execute(AbstractR
esolveCachingStateStep.java:39)
		at 
org.gradle.internal.execution.steps.ResolveChangesStep.execute(ResolveChangesStep.java:65)
		at 
org.gradle.internal.execution.steps.ResolveChangesStep.execute(ResolveChangesStep.java:36)
		at org.gradle.internal.execution.steps.ValidateStep.execute(ValidateStep.java:107)
		at org.gradle.internal.execution.steps.ValidateStep.execute(ValidateStep.java:56)
		at org.gradle.internal.execution.steps.AbstractCaptureStateBeforeExecutionStep.execute(A
bstractCaptureStateBeforeExecutionStep.java:64)
		at org.gradle.internal.execution.steps.AbstractCaptureStateBeforeExecutionStep.execute(A
bstractCaptureStateBeforeExecutionStep.java:43)
		at org.gradle.internal.execution.steps.AbstractSkipEmptyWorkStep.executeWithNonEmptySour
ces(AbstractSkipEmptyWorkStep.java:125)
		at org.gradle.internal.execution.steps.AbstractSkipEmptyWorkStep.execute(AbstractSkipEmp
tyWorkStep.java:56)
		at org.gradle.internal.execution.steps.AbstractSkipEmptyWorkStep.execute(AbstractSkipEmp
tyWorkStep.java:36)
		at org.gradle.internal.execution.steps.legacy.MarkSnapshottingInputsStartedStep.execute(
MarkSnapshottingInputsStartedStep.java:38)
		at org.gradle.internal.execution.steps.LoadPreviousExecutionStateStep.execute(LoadPrevio
usExecutionStateStep.java:36)
		at org.gradle.internal.execution.steps.LoadPreviousExecutionStateStep.execute(LoadPrevio
usExecutionStateStep.java:23)
		at org.gradle.internal.execution.steps.HandleStaleOutputsStep.execute(HandleStaleOutputs
Step.java:75)
		at org.gradle.internal.execution.steps.HandleStaleOutputsStep.execute(HandleStaleOutputs
Step.java:41)
		at org.gradle.internal.execution.steps.AssignMutableWorkspaceStep.lambda$execute$0(Assig
nMutableWorkspaceStep.java:35)
		at org.gradle.api.internal.tasks.execution.TaskExecution$4.withWorkspace(TaskExecution.j
ava:289)
		at org.gradle.internal.execution.steps.AssignMutableWorkspaceStep.execute(AssignMutableW
orkspaceStep.java:31)
		at org.gradle.internal.execution.steps.AssignMutableWorkspaceStep.execute(AssignMutableW
orkspaceStep.java:22)
		at 
org.gradle.internal.execution.steps.ChoosePipelineStep.execute(ChoosePipelineStep.java:40)
		at 
org.gradle.internal.execution.steps.ChoosePipelineStep.execute(ChoosePipelineStep.java:23)
		at org.gradle.internal.execution.steps.ExecuteWorkBuildOperationFiringStep.lambda$execut
e$2(ExecuteWorkBuildOperationFiringStep.java:67)
		at java.base/java.util.Optional.orElseGet(Unknown Source)
		at org.gradle.internal.execution.steps.ExecuteWorkBuildOperationFiringStep.execute(Execu
teWorkBuildOperationFiringStep.java:67)
		at org.gradle.internal.execution.steps.ExecuteWorkBuildOperationFiringStep.execute(Execu
teWorkBuildOperationFiringStep.java:39)
		at 
org.gradle.internal.execution.steps.IdentityCacheStep.execute(IdentityCacheStep.java:46)
		at 
org.gradle.internal.execution.steps.IdentityCacheStep.execute(IdentityCacheStep.java:34)
		at org.gradle.internal.execution.steps.IdentifyStep.execute(IdentifyStep.java:48)
		at org.gradle.internal.execution.steps.IdentifyStep.execute(IdentifyStep.java:35)
		at org.gradle.internal.execution.impl.DefaultExecutionEngine$1.execute(DefaultExecutionE
ngine.java:64)
		at org.gradle.api.internal.tasks.execution.ExecuteActionsTaskExecuter.executeIfValid(Exe
cuteActionsTaskExecuter.java:127)
		at org.gradle.api.internal.tasks.execution.ExecuteActionsTaskExecuter.execute(ExecuteAct
ionsTaskExecuter.java:116)
		at org.gradle.api.internal.tasks.execution.ProblemsTaskPathTrackingTaskExecuter.execute(
ProblemsTaskPathTrackingTaskExecuter.java:41)
		at org.gradle.api.internal.tasks.execution.FinalizePropertiesTaskExecuter.execute(Finali
zePropertiesTaskExecuter.java:46)
		at org.gradle.api.internal.tasks.execution.ResolveTaskExecutionModeExecuter.execute(Reso
lveTaskExecutionModeExecuter.java:51)
		at org.gradle.api.internal.tasks.execution.SkipTaskWithNoActionsExecuter.execute(SkipTas
kWithNoActionsExecuter.java:57)
		at org.gradle.api.internal.tasks.execution.SkipOnlyIfTaskExecuter.execute(SkipOnlyIfTask
Executer.java:74)
		at org.gradle.api.internal.tasks.execution.CatchExceptionTaskExecuter.execute(CatchExcep
tionTaskExecuter.java:36)
		at org.gradle.api.internal.tasks.execution.EventFiringTaskExecuter$1.executeTask(EventFi
ringTaskExecuter.java:77)
		at org.gradle.api.internal.tasks.execution.EventFiringTaskExecuter$1.call(EventFiringTas
kExecuter.java:55)
		at org.gradle.api.internal.tasks.execution.EventFiringTaskExecuter$1.call(EventFiringTas
kExecuter.java:52)
		at org.gradle.internal.operations.DefaultBuildOperationRunner$CallableBuildOperationWork
er.execute(DefaultBuildOperationRunner.java:210)
		at org.gradle.internal.operations.DefaultBuildOperationRunner$CallableBuildOperationWork
er.execute(DefaultBuildOperationRunner.java:205)
		at org.gradle.internal.operations.DefaultBuildOperationRunner$2.execute(DefaultBuildOper
ationRunner.java:67)
		at org.gradle.internal.operations.DefaultBuildOperationRunner$2.execute(DefaultBuildOper
ationRunner.java:60)
		at org.gradle.internal.operations.DefaultBuildOperationRunner.execute(DefaultBuildOperat
ionRunner.java:167)
		at org.gradle.internal.operations.DefaultBuildOperationRunner.execute(DefaultBuildOperat
ionRunner.java:60)
		at org.gradle.internal.operations.DefaultBuildOperationRunner.call(DefaultBuildOperation
Runner.java:54)
		at org.gradle.api.internal.tasks.execution.EventFiringTaskExecuter.execute(EventFiringTa
skExecuter.java:52)
		at 
org.gradle.execution.plan.LocalTaskNodeExecutor.execute(LocalTaskNodeExecutor.java:42)
		at org.gradle.execution.taskgraph.DefaultTaskExecutionGraph$InvokeNodeExecutorsAction.ex
ecute(DefaultTaskExecutionGraph.java:331)
		at org.gradle.execution.taskgraph.DefaultTaskExecutionGraph$InvokeNodeExecutorsAction.ex
ecute(DefaultTaskExecutionGraph.java:318)
		at org.gradle.execution.taskgraph.DefaultTaskExecutionGraph$BuildOperationAwareExecution
Action.lambda$execute$0(DefaultTaskExecutionGraph.java:314)
		at org.gradle.internal.operations.CurrentBuildOperationRef.with(CurrentBuildOperationRef
.java:85)
		at org.gradle.execution.taskgraph.DefaultTaskExecutionGraph$BuildOperationAwareExecution
Action.execute(DefaultTaskExecutionGraph.java:314)
		at org.gradle.execution.taskgraph.DefaultTaskExecutionGraph$BuildOperationAwareExecution
Action.execute(DefaultTaskExecutionGraph.java:303)
		at org.gradle.execution.plan.DefaultPlanExecutor$ExecutorWorker.execute(DefaultPlanExecu
tor.java:459)
		at org.gradle.execution.plan.DefaultPlanExecutor$ExecutorWorker.run(DefaultPlanExecutor.
java:376)
		at org.gradle.internal.concurrent.ExecutorPolicy$CatchAndRecordFailures.onExecute(Execut
orPolicy.java:64)
		at org.gradle.internal.concurrent.AbstractManagedExecutor$1.run(AbstractManagedExecutor.
java:48)
		at java.base/java.util.concurrent.ThreadPoolExecutor.runWorker(Unknown Source)
		at java.base/java.util.concurrent.ThreadPoolExecutor$Worker.run(Unknown Source)
		at java.base/java.lang.Thread.run(Unknown Source)
	Suppressed: java.nio.file.AccessDeniedException: C:\Users\roger\OneDrive\Desktop\Backup S
ynaptica-AppFin\synaptica-next\android\app\build\intermediates\assets\debug\mergeDebugAsse
ts\public\_next\static\hSI1HI0TUmKlRd380yjtP
		at java.base/sun.nio.fs.WindowsException.translateToIOException(Unknown Source)
		at java.base/sun.nio.fs.WindowsException.rethrowAsIOException(Unknown Source)
		at java.base/sun.nio.fs.WindowsException.rethrowAsIOException(Unknown Source)
		at java.base/sun.nio.fs.WindowsFileSystemProvider.implDelete(Unknown Source)
		at java.base/sun.nio.fs.AbstractFileSystemProvider.deleteIfExists(Unknown Source)
		at java.base/java.nio.file.Files.deleteIfExists(Unknown Source)
		at org.gradle.internal.file.impl.DefaultDeleter.deleteFile(DefaultDeleter.java:198)
		at org.gradle.internal.file.impl.DefaultDeleter.tryHardToDelete(DefaultDeleter.java:186)
		at 
org.gradle.internal.file.impl.DefaultDeleter.deleteRecursively(DefaultDeleter.java:143)
		at 
org.gradle.internal.file.impl.DefaultDeleter.deleteRecursively(DefaultDeleter.java:134)
		at 
org.gradle.internal.file.impl.DefaultDeleter.deleteRecursively(DefaultDeleter.java:134)
		at 
org.gradle.internal.file.impl.DefaultDeleter.deleteRecursively(DefaultDeleter.java:134)
		at 
org.gradle.internal.file.impl.DefaultDeleter.deleteRecursively(DefaultDeleter.java:134)
		at 
org.gradle.internal.file.impl.DefaultDeleter.deleteRecursively(DefaultDeleter.java:115)
		at 
org.gradle.internal.file.impl.DefaultDeleter.ensureEmptyDirectory(DefaultDeleter.java:90)
		at 
org.gradle.internal.file.impl.DefaultDeleter.ensureEmptyDirectory(DefaultDeleter.java:82)
		at org.gradle.internal.execution.steps.RemovePreviousOutputsStep$2.visitOutputProperty(R
emovePreviousOutputsStep.java:121)
		at 
org.gradle.api.internal.tasks.execution.TaskExecution.visitOutputs(TaskExecution.java:344)
		at org.gradle.internal.execution.steps.RemovePreviousOutputsStep.cleanupExclusivelyOwned
Outputs(RemovePreviousOutputsStep.java:110)
		at org.gradle.internal.execution.steps.RemovePreviousOutputsStep.execute(RemovePreviousO
utputsStep.java:63)
		at org.gradle.internal.execution.steps.RemovePreviousOutputsStep.execute(RemovePreviousO
utputsStep.java:37)
		at org.gradle.internal.execution.steps.BroadcastChangingOutputsStep.execute(BroadcastCha
ngingOutputsStep.java:61)
		at org.gradle.internal.execution.steps.BroadcastChangingOutputsStep.execute(BroadcastCha
ngingOutputsStep.java:26)
		at org.gradle.internal.execution.steps.CaptureOutputsAfterExecutionStep.execute(CaptureO
utputsAfterExecutionStep.java:69)
		at org.gradle.internal.execution.steps.CaptureOutputsAfterExecutionStep.execute(CaptureO
utputsAfterExecutionStep.java:46)
		at org.gradle.internal.execution.steps.ResolveInputChangesStep.execute(ResolveInputChang
esStep.java:40)
		at org.gradle.internal.execution.steps.ResolveInputChangesStep.execute(ResolveInputChang
esStep.java:29)
		at org.gradle.internal.execution.steps.BuildCacheStep.executeWithoutCache(BuildCacheStep
.java:189)
		at org.gradle.internal.execution.steps.BuildCacheStep.lambda$execute$1(BuildCacheStep.ja
va:75)
		at org.gradle.internal.Either$Right.fold(Either.java:175)
		at org.gradle.internal.execution.caching.CachingState.fold(CachingState.java:62)
		at org.gradle.internal.execution.steps.BuildCacheStep.execute(BuildCacheStep.java:73)
		at org.gradle.internal.execution.steps.BuildCacheStep.execute(BuildCacheStep.java:48)
		at org.gradle.internal.execution.steps.StoreExecutionStateStep.execute(StoreExecutionSta
teStep.java:46)
		at org.gradle.internal.execution.steps.StoreExecutionStateStep.execute(StoreExecutionSta
teStep.java:35)
		at org.gradle.internal.execution.steps.SkipUpToDateStep.executeBecause(SkipUpToDateStep.
java:75)
		at org.gradle.internal.execution.steps.SkipUpToDateStep.lambda$execute$2(SkipUpToDateSte
p.java:53)
		at java.base/java.util.Optional.orElseGet(Unknown Source)
		at 
org.gradle.internal.execution.steps.SkipUpToDateStep.execute(SkipUpToDateStep.java:53)
		at 
org.gradle.internal.execution.steps.SkipUpToDateStep.execute(SkipUpToDateStep.java:35)
		at org.gradle.internal.execution.steps.legacy.MarkSnapshottingInputsFinishedStep.execute
(MarkSnapshottingInputsFinishedStep.java:37)
		at org.gradle.internal.execution.steps.legacy.MarkSnapshottingInputsFinishedStep.execute
(MarkSnapshottingInputsFinishedStep.java:27)
		at org.gradle.internal.execution.steps.ResolveIncrementalCachingStateStep.executeDelegat
e(ResolveIncrementalCachingStateStep.java:49)
		at org.gradle.internal.execution.steps.ResolveIncrementalCachingStateStep.executeDelegat
e(ResolveIncrementalCachingStateStep.java:27)
		at org.gradle.internal.execution.steps.AbstractResolveCachingStateStep.execute(AbstractR
esolveCachingStateStep.java:71)
		at org.gradle.internal.execution.steps.AbstractResolveCachingStateStep.execute(AbstractR
esolveCachingStateStep.java:39)
		at 
org.gradle.internal.execution.steps.ResolveChangesStep.execute(ResolveChangesStep.java:65)
		at 
org.gradle.internal.execution.steps.ResolveChangesStep.execute(ResolveChangesStep.java:36)
		at org.gradle.internal.execution.steps.ValidateStep.execute(ValidateStep.java:107)
		at org.gradle.internal.execution.steps.ValidateStep.execute(ValidateStep.java:56)
		at org.gradle.internal.execution.steps.AbstractCaptureStateBeforeExecutionStep.execute(A
bstractCaptureStateBeforeExecutionStep.java:64)
		at org.gradle.internal.execution.steps.AbstractCaptureStateBeforeExecutionStep.execute(A
bstractCaptureStateBeforeExecutionStep.java:43)
		at org.gradle.internal.execution.steps.AbstractSkipEmptyWorkStep.executeWithNonEmptySour
ces(AbstractSkipEmptyWorkStep.java:125)
		at org.gradle.internal.execution.steps.AbstractSkipEmptyWorkStep.execute(AbstractSkipEmp
tyWorkStep.java:56)
		at org.gradle.internal.execution.steps.AbstractSkipEmptyWorkStep.execute(AbstractSkipEmp
tyWorkStep.java:36)
		at org.gradle.internal.execution.steps.legacy.MarkSnapshottingInputsStartedStep.execute(
MarkSnapshottingInputsStartedStep.java:38)
		at org.gradle.internal.execution.steps.LoadPreviousExecutionStateStep.execute(LoadPrevio
usExecutionStateStep.java:36)
		at org.gradle.internal.execution.steps.LoadPreviousExecutionStateStep.execute(LoadPrevio
usExecutionStateStep.java:23)
		at org.gradle.internal.execution.steps.HandleStaleOutputsStep.execute(HandleStaleOutputs
Step.java:75)
		at org.gradle.internal.execution.steps.HandleStaleOutputsStep.execute(HandleStaleOutputs
Step.java:41)
		at org.gradle.internal.execution.steps.AssignMutableWorkspaceStep.lambda$execute$0(Assig
nMutableWorkspaceStep.java:35)
		at org.gradle.api.internal.tasks.execution.TaskExecution$4.withWorkspace(TaskExecution.j
ava:289)
		at org.gradle.internal.execution.steps.AssignMutableWorkspaceStep.execute(AssignMutableW
orkspaceStep.java:31)
		at org.gradle.internal.execution.steps.AssignMutableWorkspaceStep.execute(AssignMutableW
orkspaceStep.java:22)
		at 
org.gradle.internal.execution.steps.ChoosePipelineStep.execute(ChoosePipelineStep.java:40)
		at 
org.gradle.internal.execution.steps.ChoosePipelineStep.execute(ChoosePipelineStep.java:23)
		at org.gradle.internal.execution.steps.ExecuteWorkBuildOperationFiringStep.lambda$execut
e$2(ExecuteWorkBuildOperationFiringStep.java:67)
		at java.base/java.util.Optional.orElseGet(Unknown Source)
		at org.gradle.internal.execution.steps.ExecuteWorkBuildOperationFiringStep.execute(Execu
teWorkBuildOperationFiringStep.java:67)
		at org.gradle.internal.execution.steps.ExecuteWorkBuildOperationFiringStep.execute(Execu
teWorkBuildOperationFiringStep.java:39)
		at 
org.gradle.internal.execution.steps.IdentityCacheStep.execute(IdentityCacheStep.java:46)
		at 
org.gradle.internal.execution.steps.IdentityCacheStep.execute(IdentityCacheStep.java:34)
		at org.gradle.internal.execution.steps.IdentifyStep.execute(IdentifyStep.java:48)
		at org.gradle.internal.execution.steps.IdentifyStep.execute(IdentifyStep.java:35)
		at org.gradle.internal.execution.impl.DefaultExecutionEngine$1.execute(DefaultExecutionE
ngine.java:64)
		at org.gradle.api.internal.tasks.execution.ExecuteActionsTaskExecuter.executeIfValid(Exe
cuteActionsTaskExecuter.java:127)
		at org.gradle.api.internal.tasks.execution.ExecuteActionsTaskExecuter.execute(ExecuteAct
ionsTaskExecuter.java:116)
		at org.gradle.api.internal.tasks.execution.ProblemsTaskPathTrackingTaskExecuter.execute(
ProblemsTaskPathTrackingTaskExecuter.java:41)
		at org.gradle.api.internal.tasks.execution.FinalizePropertiesTaskExecuter.execute(Finali
zePropertiesTaskExecuter.java:46)
		at org.gradle.api.internal.tasks.execution.ResolveTaskExecutionModeExecuter.execute(Reso
lveTaskExecutionModeExecuter.java:51)
		at org.gradle.api.internal.tasks.execution.SkipTaskWithNoActionsExecuter.execute(SkipTas
kWithNoActionsExecuter.java:57)
		at org.gradle.api.internal.tasks.execution.SkipOnlyIfTaskExecuter.execute(SkipOnlyIfTask
Executer.java:74)
		at org.gradle.api.internal.tasks.execution.CatchExceptionTaskExecuter.execute(CatchExcep
tionTaskExecuter.java:36)
		at org.gradle.api.internal.tasks.execution.EventFiringTaskExecuter$1.executeTask(EventFi
ringTaskExecuter.java:77)
		at org.gradle.api.internal.tasks.execution.EventFiringTaskExecuter$1.call(EventFiringTas
kExecuter.java:55)
		at org.gradle.api.internal.tasks.execution.EventFiringTaskExecuter$1.call(EventFiringTas
kExecuter.java:52)
		at org.gradle.internal.operations.DefaultBuildOperationRunner$CallableBuildOperationWork
er.execute(DefaultBuildOperationRunner.java:210)
		at org.gradle.internal.operations.DefaultBuildOperationRunner$CallableBuildOperationWork
er.execute(DefaultBuildOperationRunner.java:205)
		at org.gradle.internal.operations.DefaultBuildOperationRunner$2.execute(DefaultBuildOper
ationRunner.java:67)
		at org.gradle.internal.operations.DefaultBuildOperationRunner$2.execute(DefaultBuildOper
ationRunner.java:60)
		at org.gradle.internal.operations.DefaultBuildOperationRunner.execute(DefaultBuildOperat
ionRunner.java:167)
		at org.gradle.internal.operations.DefaultBuildOperationRunner.execute(DefaultBuildOperat
ionRunner.java:60)
		at org.gradle.internal.operations.DefaultBuildOperationRunner.call(DefaultBuildOperation
Runner.java:54)
		at org.gradle.api.internal.tasks.execution.EventFiringTaskExecuter.execute(EventFiringTa
skExecuter.java:52)
		at 
org.gradle.execution.plan.LocalTaskNodeExecutor.execute(LocalTaskNodeExecutor.java:42)
		at org.gradle.execution.taskgraph.DefaultTaskExecutionGraph$InvokeNodeExecutorsAction.ex
ecute(DefaultTaskExecutionGraph.java:331)
		at org.gradle.execution.taskgraph.DefaultTaskExecutionGraph$InvokeNodeExecutorsAction.ex
ecute(DefaultTaskExecutionGraph.java:318)
		at org.gradle.execution.taskgraph.DefaultTaskExecutionGraph$BuildOperationAwareExecution
Action.lambda$execute$0(DefaultTaskExecutionGraph.java:314)
		at org.gradle.internal.operations.CurrentBuildOperationRef.with(CurrentBuildOperationRef
.java:85)
		at org.gradle.execution.taskgraph.DefaultTaskExecutionGraph$BuildOperationAwareExecution
Action.execute(DefaultTaskExecutionGraph.java:314)
		at org.gradle.execution.taskgraph.DefaultTaskExecutionGraph$BuildOperationAwareExecution
Action.execute(DefaultTaskExecutionGraph.java:303)
		at org.gradle.execution.plan.DefaultPlanExecutor$ExecutorWorker.execute(DefaultPlanExecu
tor.java:459)
		at org.gradle.execution.plan.DefaultPlanExecutor$ExecutorWorker.run(DefaultPlanExecutor.
java:376)
		at org.gradle.internal.concurrent.ExecutorPolicy$CatchAndRecordFailures.onExecute(Execut
orPolicy.java:64)
		at org.gradle.internal.concurrent.AbstractManagedExecutor$1.run(AbstractManagedExecutor.
java:48)
		at java.base/java.util.concurrent.ThreadPoolExecutor.runWorker(Unknown Source)
		at java.base/java.util.concurrent.ThreadPoolExecutor$Worker.run(Unknown Source)
		at java.base/java.lang.Thread.run(Unknown Source)
	Suppressed: java.nio.file.AccessDeniedException: C:\Users\roger\OneDrive\Desktop\Backup S
ynaptica-AppFin\synaptica-next\android\app\build\intermediates\assets\debug\mergeDebugAsse
ts\public\_next\static\HVydkMOOFufjbbnzr3CqA
		at java.base/sun.nio.fs.WindowsException.translateToIOException(Unknown Source)
		at java.base/sun.nio.fs.WindowsException.rethrowAsIOException(Unknown Source)
		at java.base/sun.nio.fs.WindowsException.rethrowAsIOException(Unknown Source)
		at java.base/sun.nio.fs.WindowsFileSystemProvider.implDelete(Unknown Source)
		at java.base/sun.nio.fs.AbstractFileSystemProvider.deleteIfExists(Unknown Source)
		at java.base/java.nio.file.Files.deleteIfExists(Unknown Source)
		at org.gradle.internal.file.impl.DefaultDeleter.deleteFile(DefaultDeleter.java:198)
		at org.gradle.internal.file.impl.DefaultDeleter.tryHardToDelete(DefaultDeleter.java:186)
		at 
org.gradle.internal.file.impl.DefaultDeleter.deleteRecursively(DefaultDeleter.java:143)
		at 
org.gradle.internal.file.impl.DefaultDeleter.deleteRecursively(DefaultDeleter.java:134)
		at 
org.gradle.internal.file.impl.DefaultDeleter.deleteRecursively(DefaultDeleter.java:134)
		at 
org.gradle.internal.file.impl.DefaultDeleter.deleteRecursively(DefaultDeleter.java:134)
		at 
org.gradle.internal.file.impl.DefaultDeleter.deleteRecursively(DefaultDeleter.java:134)
		at 
org.gradle.internal.file.impl.DefaultDeleter.deleteRecursively(DefaultDeleter.java:115)
		at 
org.gradle.internal.file.impl.DefaultDeleter.ensureEmptyDirectory(DefaultDeleter.java:90)
		at 
org.gradle.internal.file.impl.DefaultDeleter.ensureEmptyDirectory(DefaultDeleter.java:82)
		at org.gradle.internal.execution.steps.RemovePreviousOutputsStep$2.visitOutputProperty(R
emovePreviousOutputsStep.java:121)
		at 
org.gradle.api.internal.tasks.execution.TaskExecution.visitOutputs(TaskExecution.java:344)
		at org.gradle.internal.execution.steps.RemovePreviousOutputsStep.cleanupExclusivelyOwned
Outputs(RemovePreviousOutputsStep.java:110)
		at org.gradle.internal.execution.steps.RemovePreviousOutputsStep.execute(RemovePreviousO
utputsStep.java:63)
		at org.gradle.internal.execution.steps.RemovePreviousOutputsStep.execute(RemovePreviousO
utputsStep.java:37)
		at org.gradle.internal.execution.steps.BroadcastChangingOutputsStep.execute(BroadcastCha
ngingOutputsStep.java:61)
		at org.gradle.internal.execution.steps.BroadcastChangingOutputsStep.execute(BroadcastCha
ngingOutputsStep.java:26)
		at org.gradle.internal.execution.steps.CaptureOutputsAfterExecutionStep.execute(CaptureO
utputsAfterExecutionStep.java:69)
		at org.gradle.internal.execution.steps.CaptureOutputsAfterExecutionStep.execute(CaptureO
utputsAfterExecutionStep.java:46)
		at org.gradle.internal.execution.steps.ResolveInputChangesStep.execute(ResolveInputChang
esStep.java:40)
		at org.gradle.internal.execution.steps.ResolveInputChangesStep.execute(ResolveInputChang
esStep.java:29)
		at org.gradle.internal.execution.steps.BuildCacheStep.executeWithoutCache(BuildCacheStep
.java:189)
		at org.gradle.internal.execution.steps.BuildCacheStep.lambda$execute$1(BuildCacheStep.ja
va:75)
		at org.gradle.internal.Either$Right.fold(Either.java:175)
		at org.gradle.internal.execution.caching.CachingState.fold(CachingState.java:62)
		at org.gradle.internal.execution.steps.BuildCacheStep.execute(BuildCacheStep.java:73)
		at org.gradle.internal.execution.steps.BuildCacheStep.execute(BuildCacheStep.java:48)
		at org.gradle.internal.execution.steps.StoreExecutionStateStep.execute(StoreExecutionSta
teStep.java:46)
		at org.gradle.internal.execution.steps.StoreExecutionStateStep.execute(StoreExecutionSta
teStep.java:35)
		at org.gradle.internal.execution.steps.SkipUpToDateStep.executeBecause(SkipUpToDateStep.
java:75)
		at org.gradle.internal.execution.steps.SkipUpToDateStep.lambda$execute$2(SkipUpToDateSte
p.java:53)
		at java.base/java.util.Optional.orElseGet(Unknown Source)
		at 
org.gradle.internal.execution.steps.SkipUpToDateStep.execute(SkipUpToDateStep.java:53)
		at 
org.gradle.internal.execution.steps.SkipUpToDateStep.execute(SkipUpToDateStep.java:35)
		at org.gradle.internal.execution.steps.legacy.MarkSnapshottingInputsFinishedStep.execute
(MarkSnapshottingInputsFinishedStep.java:37)
		at org.gradle.internal.execution.steps.legacy.MarkSnapshottingInputsFinishedStep.execute
(MarkSnapshottingInputsFinishedStep.java:27)
		at org.gradle.internal.execution.steps.ResolveIncrementalCachingStateStep.executeDelegat
e(ResolveIncrementalCachingStateStep.java:49)
		at org.gradle.internal.execution.steps.ResolveIncrementalCachingStateStep.executeDelegat
e(ResolveIncrementalCachingStateStep.java:27)
		at org.gradle.internal.execution.steps.AbstractResolveCachingStateStep.execute(AbstractR
esolveCachingStateStep.java:71)
		at org.gradle.internal.execution.steps.AbstractResolveCachingStateStep.execute(AbstractR
esolveCachingStateStep.java:39)
		at 
org.gradle.internal.execution.steps.ResolveChangesStep.execute(ResolveChangesStep.java:65)
		at 
org.gradle.internal.execution.steps.ResolveChangesStep.execute(ResolveChangesStep.java:36)
		at org.gradle.internal.execution.steps.ValidateStep.execute(ValidateStep.java:107)
		at org.gradle.internal.execution.steps.ValidateStep.execute(ValidateStep.java:56)
		at org.gradle.internal.execution.steps.AbstractCaptureStateBeforeExecutionStep.execute(A
bstractCaptureStateBeforeExecutionStep.java:64)
		at org.gradle.internal.execution.steps.AbstractCaptureStateBeforeExecutionStep.execute(A
bstractCaptureStateBeforeExecutionStep.java:43)
		at org.gradle.internal.execution.steps.AbstractSkipEmptyWorkStep.executeWithNonEmptySour
ces(AbstractSkipEmptyWorkStep.java:125)
		at org.gradle.internal.execution.steps.AbstractSkipEmptyWorkStep.execute(AbstractSkipEmp
tyWorkStep.java:56)
		at org.gradle.internal.execution.steps.AbstractSkipEmptyWorkStep.execute(AbstractSkipEmp
tyWorkStep.java:36)
		at org.gradle.internal.execution.steps.legacy.MarkSnapshottingInputsStartedStep.execute(
MarkSnapshottingInputsStartedStep.java:38)
		at org.gradle.internal.execution.steps.LoadPreviousExecutionStateStep.execute(LoadPrevio
usExecutionStateStep.java:36)
		at org.gradle.internal.execution.steps.LoadPreviousExecutionStateStep.execute(LoadPrevio
usExecutionStateStep.java:23)
		at org.gradle.internal.execution.steps.HandleStaleOutputsStep.execute(HandleStaleOutputs
Step.java:75)
		at org.gradle.internal.execution.steps.HandleStaleOutputsStep.execute(HandleStaleOutputs
Step.java:41)
		at org.gradle.internal.execution.steps.AssignMutableWorkspaceStep.lambda$execute$0(Assig
nMutableWorkspaceStep.java:35)
		at org.gradle.api.internal.tasks.execution.TaskExecution$4.withWorkspace(TaskExecution.j
ava:289)
		at org.gradle.internal.execution.steps.AssignMutableWorkspaceStep.execute(AssignMutableW
orkspaceStep.java:31)
		at org.gradle.internal.execution.steps.AssignMutableWorkspaceStep.execute(AssignMutableW
orkspaceStep.java:22)
		at 
org.gradle.internal.execution.steps.ChoosePipelineStep.execute(ChoosePipelineStep.java:40)
		at 
org.gradle.internal.execution.steps.ChoosePipelineStep.execute(ChoosePipelineStep.java:23)
		at org.gradle.internal.execution.steps.ExecuteWorkBuildOperationFiringStep.lambda$execut
e$2(ExecuteWorkBuildOperationFiringStep.java:67)
		at java.base/java.util.Optional.orElseGet(Unknown Source)
		at org.gradle.internal.execution.steps.ExecuteWorkBuildOperationFiringStep.execute(Execu
teWorkBuildOperationFiringStep.java:67)
		at org.gradle.internal.execution.steps.ExecuteWorkBuildOperationFiringStep.execute(Execu
teWorkBuildOperationFiringStep.java:39)
		at 
org.gradle.internal.execution.steps.IdentityCacheStep.execute(IdentityCacheStep.java:46)
		at 
org.gradle.internal.execution.steps.IdentityCacheStep.execute(IdentityCacheStep.java:34)
		at org.gradle.internal.execution.steps.IdentifyStep.execute(IdentifyStep.java:48)
		at org.gradle.internal.execution.steps.IdentifyStep.execute(IdentifyStep.java:35)
		at org.gradle.internal.execution.impl.DefaultExecutionEngine$1.execute(DefaultExecutionE
ngine.java:64)
		at org.gradle.api.internal.tasks.execution.ExecuteActionsTaskExecuter.executeIfValid(Exe
cuteActionsTaskExecuter.java:127)
		at org.gradle.api.internal.tasks.execution.ExecuteActionsTaskExecuter.execute(ExecuteAct
ionsTaskExecuter.java:116)
		at org.gradle.api.internal.tasks.execution.ProblemsTaskPathTrackingTaskExecuter.execute(
ProblemsTaskPathTrackingTaskExecuter.java:41)
		at org.gradle.api.internal.tasks.execution.FinalizePropertiesTaskExecuter.execute(Finali
zePropertiesTaskExecuter.java:46)
		at org.gradle.api.internal.tasks.execution.ResolveTaskExecutionModeExecuter.execute(Reso
lveTaskExecutionModeExecuter.java:51)
		at org.gradle.api.internal.tasks.execution.SkipTaskWithNoActionsExecuter.execute(SkipTas
kWithNoActionsExecuter.java:57)
		at org.gradle.api.internal.tasks.execution.SkipOnlyIfTaskExecuter.execute(SkipOnlyIfTask
Executer.java:74)
		at org.gradle.api.internal.tasks.execution.CatchExceptionTaskExecuter.execute(CatchExcep
tionTaskExecuter.java:36)
		at org.gradle.api.internal.tasks.execution.EventFiringTaskExecuter$1.executeTask(EventFi
ringTaskExecuter.java:77)
		at org.gradle.api.internal.tasks.execution.EventFiringTaskExecuter$1.call(EventFiringTas
kExecuter.java:55)
		at org.gradle.api.internal.tasks.execution.EventFiringTaskExecuter$1.call(EventFiringTas
kExecuter.java:52)
		at org.gradle.internal.operations.DefaultBuildOperationRunner$CallableBuildOperationWork
er.execute(DefaultBuildOperationRunner.java:210)
		at org.gradle.internal.operations.DefaultBuildOperationRunner$CallableBuildOperationWork
er.execute(DefaultBuildOperationRunner.java:205)
		at org.gradle.internal.operations.DefaultBuildOperationRunner$2.execute(DefaultBuildOper
ationRunner.java:67)
		at org.gradle.internal.operations.DefaultBuildOperationRunner$2.execute(DefaultBuildOper
ationRunner.java:60)
		at org.gradle.internal.operations.DefaultBuildOperationRunner.execute(DefaultBuildOperat
ionRunner.java:167)
		at org.gradle.internal.operations.DefaultBuildOperationRunner.execute(DefaultBuildOperat
ionRunner.java:60)
		at org.gradle.internal.operations.DefaultBuildOperationRunner.call(DefaultBuildOperation
Runner.java:54)
		at org.gradle.api.internal.tasks.execution.EventFiringTaskExecuter.execute(EventFiringTa
skExecuter.java:52)
		at 
org.gradle.execution.plan.LocalTaskNodeExecutor.execute(LocalTaskNodeExecutor.java:42)
		at org.gradle.execution.taskgraph.DefaultTaskExecutionGraph$InvokeNodeExecutorsAction.ex
ecute(DefaultTaskExecutionGraph.java:331)
		at org.gradle.execution.taskgraph.DefaultTaskExecutionGraph$InvokeNodeExecutorsAction.ex
ecute(DefaultTaskExecutionGraph.java:318)
		at org.gradle.execution.taskgraph.DefaultTaskExecutionGraph$BuildOperationAwareExecution
Action.lambda$execute$0(DefaultTaskExecutionGraph.java:314)
		at org.gradle.internal.operations.CurrentBuildOperationRef.with(CurrentBuildOperationRef
.java:85)
		at org.gradle.execution.taskgraph.DefaultTaskExecutionGraph$BuildOperationAwareExecution
Action.execute(DefaultTaskExecutionGraph.java:314)
		at org.gradle.execution.taskgraph.DefaultTaskExecutionGraph$BuildOperationAwareExecution
Action.execute(DefaultTaskExecutionGraph.java:303)
		at org.gradle.execution.plan.DefaultPlanExecutor$ExecutorWorker.execute(DefaultPlanExecu
tor.java:459)
		at org.gradle.execution.plan.DefaultPlanExecutor$ExecutorWorker.run(DefaultPlanExecutor.
java:376)
		at org.gradle.internal.concurrent.ExecutorPolicy$CatchAndRecordFailures.onExecute(Execut
orPolicy.java:64)
		at org.gradle.internal.concurrent.AbstractManagedExecutor$1.run(AbstractManagedExecutor.
java:48)
		at java.base/java.util.concurrent.ThreadPoolExecutor.runWorker(Unknown Source)
		at java.base/java.util.concurrent.ThreadPoolExecutor$Worker.run(Unknown Source)
		at java.base/java.lang.Thread.run(Unknown Source)
	Suppressed: java.nio.file.AccessDeniedException: C:\Users\roger\OneDrive\Desktop\Backup S
ynaptica-AppFin\synaptica-next\android\app\build\intermediates\assets\debug\mergeDebugAsse
ts\public\_next\static\lPGr78JG9zons13NvZgby
		at java.base/sun.nio.fs.WindowsException.translateToIOException(Unknown Source)
		at java.base/sun.nio.fs.WindowsException.rethrowAsIOException(Unknown Source)
		at java.base/sun.nio.fs.WindowsException.rethrowAsIOException(Unknown Source)
		at java.base/sun.nio.fs.WindowsFileSystemProvider.implDelete(Unknown Source)
		at java.base/sun.nio.fs.AbstractFileSystemProvider.deleteIfExists(Unknown Source)
		at java.base/java.nio.file.Files.deleteIfExists(Unknown Source)
		at org.gradle.internal.file.impl.DefaultDeleter.deleteFile(DefaultDeleter.java:198)
		at org.gradle.internal.file.impl.DefaultDeleter.tryHardToDelete(DefaultDeleter.java:186)
		at 
org.gradle.internal.file.impl.DefaultDeleter.deleteRecursively(DefaultDeleter.java:143)
		at 
org.gradle.internal.file.impl.DefaultDeleter.deleteRecursively(DefaultDeleter.java:134)
		at 
org.gradle.internal.file.impl.DefaultDeleter.deleteRecursively(DefaultDeleter.java:134)
		at 
org.gradle.internal.file.impl.DefaultDeleter.deleteRecursively(DefaultDeleter.java:134)
		at 
org.gradle.internal.file.impl.DefaultDeleter.deleteRecursively(DefaultDeleter.java:134)
		at 
org.gradle.internal.file.impl.DefaultDeleter.deleteRecursively(DefaultDeleter.java:115)
		at 
org.gradle.internal.file.impl.DefaultDeleter.ensureEmptyDirectory(DefaultDeleter.java:90)
		at 
org.gradle.internal.file.impl.DefaultDeleter.ensureEmptyDirectory(DefaultDeleter.java:82)
		at org.gradle.internal.execution.steps.RemovePreviousOutputsStep$2.visitOutputProperty(R
emovePreviousOutputsStep.java:121)
		at 
org.gradle.api.internal.tasks.execution.TaskExecution.visitOutputs(TaskExecution.java:344)
		at org.gradle.internal.execution.steps.RemovePreviousOutputsStep.cleanupExclusivelyOwned
Outputs(RemovePreviousOutputsStep.java:110)
		at org.gradle.internal.execution.steps.RemovePreviousOutputsStep.execute(RemovePreviousO
utputsStep.java:63)
		at org.gradle.internal.execution.steps.RemovePreviousOutputsStep.execute(RemovePreviousO
utputsStep.java:37)
		at org.gradle.internal.execution.steps.BroadcastChangingOutputsStep.execute(BroadcastCha
ngingOutputsStep.java:61)
		at org.gradle.internal.execution.steps.BroadcastChangingOutputsStep.execute(BroadcastCha
ngingOutputsStep.java:26)
		at org.gradle.internal.execution.steps.CaptureOutputsAfterExecutionStep.execute(CaptureO
utputsAfterExecutionStep.java:69)
		at org.gradle.internal.execution.steps.CaptureOutputsAfterExecutionStep.execute(CaptureO
utputsAfterExecutionStep.java:46)
		at org.gradle.internal.execution.steps.ResolveInputChangesStep.execute(ResolveInputChang
esStep.java:40)
		at org.gradle.internal.execution.steps.ResolveInputChangesStep.execute(ResolveInputChang
esStep.java:29)
		at org.gradle.internal.execution.steps.BuildCacheStep.executeWithoutCache(BuildCacheStep
.java:189)
		at org.gradle.internal.execution.steps.BuildCacheStep.lambda$execute$1(BuildCacheStep.ja
va:75)
		at org.gradle.internal.Either$Right.fold(Either.java:175)
		at org.gradle.internal.execution.caching.CachingState.fold(CachingState.java:62)
		at org.gradle.internal.execution.steps.BuildCacheStep.execute(BuildCacheStep.java:73)
		at org.gradle.internal.execution.steps.BuildCacheStep.execute(BuildCacheStep.java:48)
		at org.gradle.internal.execution.steps.StoreExecutionStateStep.execute(StoreExecutionSta
teStep.java:46)
		at org.gradle.internal.execution.steps.StoreExecutionStateStep.execute(StoreExecutionSta
teStep.java:35)
		at org.gradle.internal.execution.steps.SkipUpToDateStep.executeBecause(SkipUpToDateStep.
java:75)
		at org.gradle.internal.execution.steps.SkipUpToDateStep.lambda$execute$2(SkipUpToDateSte
p.java:53)
		at java.base/java.util.Optional.orElseGet(Unknown Source)
		at 
org.gradle.internal.execution.steps.SkipUpToDateStep.execute(SkipUpToDateStep.java:53)
		at 
org.gradle.internal.execution.steps.SkipUpToDateStep.execute(SkipUpToDateStep.java:35)
		at org.gradle.internal.execution.steps.legacy.MarkSnapshottingInputsFinishedStep.execute
(MarkSnapshottingInputsFinishedStep.java:37)
		at org.gradle.internal.execution.steps.legacy.MarkSnapshottingInputsFinishedStep.execute
(MarkSnapshottingInputsFinishedStep.java:27)
		at org.gradle.internal.execution.steps.ResolveIncrementalCachingStateStep.executeDelegat
e(ResolveIncrementalCachingStateStep.java:49)
		at org.gradle.internal.execution.steps.ResolveIncrementalCachingStateStep.executeDelegat
e(ResolveIncrementalCachingStateStep.java:27)
		at org.gradle.internal.execution.steps.AbstractResolveCachingStateStep.execute(AbstractR
esolveCachingStateStep.java:71)
		at org.gradle.internal.execution.steps.AbstractResolveCachingStateStep.execute(AbstractR
esolveCachingStateStep.java:39)
		at 
org.gradle.internal.execution.steps.ResolveChangesStep.execute(ResolveChangesStep.java:65)
		at 
org.gradle.internal.execution.steps.ResolveChangesStep.execute(ResolveChangesStep.java:36)
		at org.gradle.internal.execution.steps.ValidateStep.execute(ValidateStep.java:107)
		at org.gradle.internal.execution.steps.ValidateStep.execute(ValidateStep.java:56)
		at org.gradle.internal.execution.steps.AbstractCaptureStateBeforeExecutionStep.execute(A
bstractCaptureStateBeforeExecutionStep.java:64)
		at org.gradle.internal.execution.steps.AbstractCaptureStateBeforeExecutionStep.execute(A
bstractCaptureStateBeforeExecutionStep.java:43)
		at org.gradle.internal.execution.steps.AbstractSkipEmptyWorkStep.executeWithNonEmptySour
ces(AbstractSkipEmptyWorkStep.java:125)
		at org.gradle.internal.execution.steps.AbstractSkipEmptyWorkStep.execute(AbstractSkipEmp
tyWorkStep.java:56)
		at org.gradle.internal.execution.steps.AbstractSkipEmptyWorkStep.execute(AbstractSkipEmp
tyWorkStep.java:36)
		at org.gradle.internal.execution.steps.legacy.MarkSnapshottingInputsStartedStep.execute(
MarkSnapshottingInputsStartedStep.java:38)
		at org.gradle.internal.execution.steps.LoadPreviousExecutionStateStep.execute(LoadPrevio
usExecutionStateStep.java:36)
		at org.gradle.internal.execution.steps.LoadPreviousExecutionStateStep.execute(LoadPrevio
usExecutionStateStep.java:23)
		at org.gradle.internal.execution.steps.HandleStaleOutputsStep.execute(HandleStaleOutputs
Step.java:75)
		at org.gradle.internal.execution.steps.HandleStaleOutputsStep.execute(HandleStaleOutputs
Step.java:41)
		at org.gradle.internal.execution.steps.AssignMutableWorkspaceStep.lambda$execute$0(Assig
nMutableWorkspaceStep.java:35)
		at org.gradle.api.internal.tasks.execution.TaskExecution$4.withWorkspace(TaskExecution.j
ava:289)
		at org.gradle.internal.execution.steps.AssignMutableWorkspaceStep.execute(AssignMutableW
orkspaceStep.java:31)
		at org.gradle.internal.execution.steps.AssignMutableWorkspaceStep.execute(AssignMutableW
orkspaceStep.java:22)
		at 
org.gradle.internal.execution.steps.ChoosePipelineStep.execute(ChoosePipelineStep.java:40)
		at 
org.gradle.internal.execution.steps.ChoosePipelineStep.execute(ChoosePipelineStep.java:23)
		at org.gradle.internal.execution.steps.ExecuteWorkBuildOperationFiringStep.lambda$execut
e$2(ExecuteWorkBuildOperationFiringStep.java:67)
		at java.base/java.util.Optional.orElseGet(Unknown Source)
		at org.gradle.internal.execution.steps.ExecuteWorkBuildOperationFiringStep.execute(Execu
teWorkBuildOperationFiringStep.java:67)
		at org.gradle.internal.execution.steps.ExecuteWorkBuildOperationFiringStep.execute(Execu
teWorkBuildOperationFiringStep.java:39)
		at 
org.gradle.internal.execution.steps.IdentityCacheStep.execute(IdentityCacheStep.java:46)
		at 
org.gradle.internal.execution.steps.IdentityCacheStep.execute(IdentityCacheStep.java:34)
		at org.gradle.internal.execution.steps.IdentifyStep.execute(IdentifyStep.java:48)
		at org.gradle.internal.execution.steps.IdentifyStep.execute(IdentifyStep.java:35)
		at org.gradle.internal.execution.impl.DefaultExecutionEngine$1.execute(DefaultExecutionE
ngine.java:64)
		at org.gradle.api.internal.tasks.execution.ExecuteActionsTaskExecuter.executeIfValid(Exe
cuteActionsTaskExecuter.java:127)
		at org.gradle.api.internal.tasks.execution.ExecuteActionsTaskExecuter.execute(ExecuteAct
ionsTaskExecuter.java:116)
		at org.gradle.api.internal.tasks.execution.ProblemsTaskPathTrackingTaskExecuter.execute(
ProblemsTaskPathTrackingTaskExecuter.java:41)
		at org.gradle.api.internal.tasks.execution.FinalizePropertiesTaskExecuter.execute(Finali
zePropertiesTaskExecuter.java:46)
		at org.gradle.api.internal.tasks.execution.ResolveTaskExecutionModeExecuter.execute(Reso
lveTaskExecutionModeExecuter.java:51)
		at org.gradle.api.internal.tasks.execution.SkipTaskWithNoActionsExecuter.execute(SkipTas
kWithNoActionsExecuter.java:57)
		at org.gradle.api.internal.tasks.execution.SkipOnlyIfTaskExecuter.execute(SkipOnlyIfTask
Executer.java:74)
		at org.gradle.api.internal.tasks.execution.CatchExceptionTaskExecuter.execute(CatchExcep
tionTaskExecuter.java:36)
		at org.gradle.api.internal.tasks.execution.EventFiringTaskExecuter$1.executeTask(EventFi
ringTaskExecuter.java:77)
		at org.gradle.api.internal.tasks.execution.EventFiringTaskExecuter$1.call(EventFiringTas
kExecuter.java:55)
		at org.gradle.api.internal.tasks.execution.EventFiringTaskExecuter$1.call(EventFiringTas
kExecuter.java:52)
		at org.gradle.internal.operations.DefaultBuildOperationRunner$CallableBuildOperationWork
er.execute(DefaultBuildOperationRunner.java:210)
		at org.gradle.internal.operations.DefaultBuildOperationRunner$CallableBuildOperationWork
er.execute(DefaultBuildOperationRunner.java:205)
		at org.gradle.internal.operations.DefaultBuildOperationRunner$2.execute(DefaultBuildOper
ationRunner.java:67)
		at org.gradle.internal.operations.DefaultBuildOperationRunner$2.execute(DefaultBuildOper
ationRunner.java:60)
		at org.gradle.internal.operations.DefaultBuildOperationRunner.execute(DefaultBuildOperat
ionRunner.java:167)
		at org.gradle.internal.operations.DefaultBuildOperationRunner.execute(DefaultBuildOperat
ionRunner.java:60)
		at org.gradle.internal.operations.DefaultBuildOperationRunner.call(DefaultBuildOperation
Runner.java:54)
		at org.gradle.api.internal.tasks.execution.EventFiringTaskExecuter.execute(EventFiringTa
skExecuter.java:52)
		at 
org.gradle.execution.plan.LocalTaskNodeExecutor.execute(LocalTaskNodeExecutor.java:42)
		at org.gradle.execution.taskgraph.DefaultTaskExecutionGraph$InvokeNodeExecutorsAction.ex
ecute(DefaultTaskExecutionGraph.java:331)
		at org.gradle.execution.taskgraph.DefaultTaskExecutionGraph$InvokeNodeExecutorsAction.ex
ecute(DefaultTaskExecutionGraph.java:318)
		at org.gradle.execution.taskgraph.DefaultTaskExecutionGraph$BuildOperationAwareExecution
Action.lambda$execute$0(DefaultTaskExecutionGraph.java:314)
		at org.gradle.internal.operations.CurrentBuildOperationRef.with(CurrentBuildOperationRef
.java:85)
		at org.gradle.execution.taskgraph.DefaultTaskExecutionGraph$BuildOperationAwareExecution
Action.execute(DefaultTaskExecutionGraph.java:314)
		at org.gradle.execution.taskgraph.DefaultTaskExecutionGraph$BuildOperationAwareExecution
Action.execute(DefaultTaskExecutionGraph.java:303)
		at org.gradle.execution.plan.DefaultPlanExecutor$ExecutorWorker.execute(DefaultPlanExecu
tor.java:459)
		at org.gradle.execution.plan.DefaultPlanExecutor$ExecutorWorker.run(DefaultPlanExecutor.
java:376)
		at org.gradle.internal.concurrent.ExecutorPolicy$CatchAndRecordFailures.onExecute(Execut
orPolicy.java:64)
		at org.gradle.internal.concurrent.AbstractManagedExecutor$1.run(AbstractManagedExecutor.
java:48)
		at java.base/java.util.concurrent.ThreadPoolExecutor.runWorker(Unknown Source)
		at java.base/java.util.concurrent.ThreadPoolExecutor$Worker.run(Unknown Source)
		at java.base/java.lang.Thread.run(Unknown Source)
	Suppressed: java.nio.file.AccessDeniedException: C:\Users\roger\OneDrive\Desktop\Backup S
ynaptica-AppFin\synaptica-next\android\app\build\intermediates\assets\debug\mergeDebugAsse
ts\public\_next\static\MhnJk-UaBEnLF-MXW61O5
		at java.base/sun.nio.fs.WindowsException.translateToIOException(Unknown Source)
		at java.base/sun.nio.fs.WindowsException.rethrowAsIOException(Unknown Source)
		at java.base/sun.nio.fs.WindowsException.rethrowAsIOException(Unknown Source)
		at java.base/sun.nio.fs.WindowsFileSystemProvider.implDelete(Unknown Source)
		at java.base/sun.nio.fs.AbstractFileSystemProvider.deleteIfExists(Unknown Source)
		at java.base/java.nio.file.Files.deleteIfExists(Unknown Source)
		at org.gradle.internal.file.impl.DefaultDeleter.deleteFile(DefaultDeleter.java:198)
		at org.gradle.internal.file.impl.DefaultDeleter.tryHardToDelete(DefaultDeleter.java:186)
		at 
org.gradle.internal.file.impl.DefaultDeleter.deleteRecursively(DefaultDeleter.java:143)
		at 
org.gradle.internal.file.impl.DefaultDeleter.deleteRecursively(DefaultDeleter.java:134)
		at 
org.gradle.internal.file.impl.DefaultDeleter.deleteRecursively(DefaultDeleter.java:134)
		at 
org.gradle.internal.file.impl.DefaultDeleter.deleteRecursively(DefaultDeleter.java:134)
		at 
org.gradle.internal.file.impl.DefaultDeleter.deleteRecursively(DefaultDeleter.java:134)
		at 
org.gradle.internal.file.impl.DefaultDeleter.deleteRecursively(DefaultDeleter.java:115)
		at 
org.gradle.internal.file.impl.DefaultDeleter.ensureEmptyDirectory(DefaultDeleter.java:90)
		at 
org.gradle.internal.file.impl.DefaultDeleter.ensureEmptyDirectory(DefaultDeleter.java:82)
		at org.gradle.internal.execution.steps.RemovePreviousOutputsStep$2.visitOutputProperty(R
emovePreviousOutputsStep.java:121)
		at 
org.gradle.api.internal.tasks.execution.TaskExecution.visitOutputs(TaskExecution.java:344)
		at org.gradle.internal.execution.steps.RemovePreviousOutputsStep.cleanupExclusivelyOwned
Outputs(RemovePreviousOutputsStep.java:110)
		at org.gradle.internal.execution.steps.RemovePreviousOutputsStep.execute(RemovePreviousO
utputsStep.java:63)
		at org.gradle.internal.execution.steps.RemovePreviousOutputsStep.execute(RemovePreviousO
utputsStep.java:37)
		at org.gradle.internal.execution.steps.BroadcastChangingOutputsStep.execute(BroadcastCha
ngingOutputsStep.java:61)
		at org.gradle.internal.execution.steps.BroadcastChangingOutputsStep.execute(BroadcastCha
ngingOutputsStep.java:26)
		at org.gradle.internal.execution.steps.CaptureOutputsAfterExecutionStep.execute(CaptureO
utputsAfterExecutionStep.java:69)
		at org.gradle.internal.execution.steps.CaptureOutputsAfterExecutionStep.execute(CaptureO
utputsAfterExecutionStep.java:46)
		at org.gradle.internal.execution.steps.ResolveInputChangesStep.execute(ResolveInputChang
esStep.java:40)
		at org.gradle.internal.execution.steps.ResolveInputChangesStep.execute(ResolveInputChang
esStep.java:29)
		at org.gradle.internal.execution.steps.BuildCacheStep.executeWithoutCache(BuildCacheStep
.java:189)
		at org.gradle.internal.execution.steps.BuildCacheStep.lambda$execute$1(BuildCacheStep.ja
va:75)
		at org.gradle.internal.Either$Right.fold(Either.java:175)
		at org.gradle.internal.execution.caching.CachingState.fold(CachingState.java:62)
		at org.gradle.internal.execution.steps.BuildCacheStep.execute(BuildCacheStep.java:73)
		at org.gradle.internal.execution.steps.BuildCacheStep.execute(BuildCacheStep.java:48)
		at org.gradle.internal.execution.steps.StoreExecutionStateStep.execute(StoreExecutionSta
teStep.java:46)
		at org.gradle.internal.execution.steps.StoreExecutionStateStep.execute(StoreExecutionSta
teStep.java:35)
		at org.gradle.internal.execution.steps.SkipUpToDateStep.executeBecause(SkipUpToDateStep.
java:75)
		at org.gradle.internal.execution.steps.SkipUpToDateStep.lambda$execute$2(SkipUpToDateSte
p.java:53)
		at java.base/java.util.Optional.orElseGet(Unknown Source)
		at 
org.gradle.internal.execution.steps.SkipUpToDateStep.execute(SkipUpToDateStep.java:53)
		at 
org.gradle.internal.execution.steps.SkipUpToDateStep.execute(SkipUpToDateStep.java:35)
		at org.gradle.internal.execution.steps.legacy.MarkSnapshottingInputsFinishedStep.execute
(MarkSnapshottingInputsFinishedStep.java:37)
		at org.gradle.internal.execution.steps.legacy.MarkSnapshottingInputsFinishedStep.execute
(MarkSnapshottingInputsFinishedStep.java:27)
		at org.gradle.internal.execution.steps.ResolveIncrementalCachingStateStep.executeDelegat
e(ResolveIncrementalCachingStateStep.java:49)
		at org.gradle.internal.execution.steps.ResolveIncrementalCachingStateStep.executeDelegat
e(ResolveIncrementalCachingStateStep.java:27)
		at org.gradle.internal.execution.steps.AbstractResolveCachingStateStep.execute(AbstractR
esolveCachingStateStep.java:71)
		at org.gradle.internal.execution.steps.AbstractResolveCachingStateStep.execute(AbstractR
esolveCachingStateStep.java:39)
		at 
org.gradle.internal.execution.steps.ResolveChangesStep.execute(ResolveChangesStep.java:65)
		at 
org.gradle.internal.execution.steps.ResolveChangesStep.execute(ResolveChangesStep.java:36)
		at org.gradle.internal.execution.steps.ValidateStep.execute(ValidateStep.java:107)
		at org.gradle.internal.execution.steps.ValidateStep.execute(ValidateStep.java:56)
		at org.gradle.internal.execution.steps.AbstractCaptureStateBeforeExecutionStep.execute(A
bstractCaptureStateBeforeExecutionStep.java:64)
		at org.gradle.internal.execution.steps.AbstractCaptureStateBeforeExecutionStep.execute(A
bstractCaptureStateBeforeExecutionStep.java:43)
		at org.gradle.internal.execution.steps.AbstractSkipEmptyWorkStep.executeWithNonEmptySour
ces(AbstractSkipEmptyWorkStep.java:125)
		at org.gradle.internal.execution.steps.AbstractSkipEmptyWorkStep.execute(AbstractSkipEmp
tyWorkStep.java:56)
		at org.gradle.internal.execution.steps.AbstractSkipEmptyWorkStep.execute(AbstractSkipEmp
tyWorkStep.java:36)
		at org.gradle.internal.execution.steps.legacy.MarkSnapshottingInputsStartedStep.execute(
MarkSnapshottingInputsStartedStep.java:38)
		at org.gradle.internal.execution.steps.LoadPreviousExecutionStateStep.execute(LoadPrevio
usExecutionStateStep.java:36)
		at org.gradle.internal.execution.steps.LoadPreviousExecutionStateStep.execute(LoadPrevio
usExecutionStateStep.java:23)
		at org.gradle.internal.execution.steps.HandleStaleOutputsStep.execute(HandleStaleOutputs
Step.java:75)
		at org.gradle.internal.execution.steps.HandleStaleOutputsStep.execute(HandleStaleOutputs
Step.java:41)
		at org.gradle.internal.execution.steps.AssignMutableWorkspaceStep.lambda$execute$0(Assig
nMutableWorkspaceStep.java:35)
		at org.gradle.api.internal.tasks.execution.TaskExecution$4.withWorkspace(TaskExecution.j
ava:289)
		at org.gradle.internal.execution.steps.AssignMutableWorkspaceStep.execute(AssignMutableW
orkspaceStep.java:31)
		at org.gradle.internal.execution.steps.AssignMutableWorkspaceStep.execute(AssignMutableW
orkspaceStep.java:22)
		at 
org.gradle.internal.execution.steps.ChoosePipelineStep.execute(ChoosePipelineStep.java:40)
		at 
org.gradle.internal.execution.steps.ChoosePipelineStep.execute(ChoosePipelineStep.java:23)
		at org.gradle.internal.execution.steps.ExecuteWorkBuildOperationFiringStep.lambda$execut
e$2(ExecuteWorkBuildOperationFiringStep.java:67)
		at java.base/java.util.Optional.orElseGet(Unknown Source)
		at org.gradle.internal.execution.steps.ExecuteWorkBuildOperationFiringStep.execute(Execu
teWorkBuildOperationFiringStep.java:67)
		at org.gradle.internal.execution.steps.ExecuteWorkBuildOperationFiringStep.execute(Execu
teWorkBuildOperationFiringStep.java:39)
		at 
org.gradle.internal.execution.steps.IdentityCacheStep.execute(IdentityCacheStep.java:46)
		at 
org.gradle.internal.execution.steps.IdentityCacheStep.execute(IdentityCacheStep.java:34)
		at org.gradle.internal.execution.steps.IdentifyStep.execute(IdentifyStep.java:48)
		at org.gradle.internal.execution.steps.IdentifyStep.execute(IdentifyStep.java:35)
		at org.gradle.internal.execution.impl.DefaultExecutionEngine$1.execute(DefaultExecutionE
ngine.java:64)
		at org.gradle.api.internal.tasks.execution.ExecuteActionsTaskExecuter.executeIfValid(Exe
cuteActionsTaskExecuter.java:127)
		at org.gradle.api.internal.tasks.execution.ExecuteActionsTaskExecuter.execute(ExecuteAct
ionsTaskExecuter.java:116)
		at org.gradle.api.internal.tasks.execution.ProblemsTaskPathTrackingTaskExecuter.execute(
ProblemsTaskPathTrackingTaskExecuter.java:41)
		at org.gradle.api.internal.tasks.execution.FinalizePropertiesTaskExecuter.execute(Finali
zePropertiesTaskExecuter.java:46)
		at org.gradle.api.internal.tasks.execution.ResolveTaskExecutionModeExecuter.execute(Reso
lveTaskExecutionModeExecuter.java:51)
		at org.gradle.api.internal.tasks.execution.SkipTaskWithNoActionsExecuter.execute(SkipTas
kWithNoActionsExecuter.java:57)
		at org.gradle.api.internal.tasks.execution.SkipOnlyIfTaskExecuter.execute(SkipOnlyIfTask
Executer.java:74)
		at org.gradle.api.internal.tasks.execution.CatchExceptionTaskExecuter.execute(CatchExcep
tionTaskExecuter.java:36)
		at org.gradle.api.internal.tasks.execution.EventFiringTaskExecuter$1.executeTask(EventFi
ringTaskExecuter.java:77)
		at org.gradle.api.internal.tasks.execution.EventFiringTaskExecuter$1.call(EventFiringTas
kExecuter.java:55)
		at org.gradle.api.internal.tasks.execution.EventFiringTaskExecuter$1.call(EventFiringTas
kExecuter.java:52)
		at org.gradle.internal.operations.DefaultBuildOperationRunner$CallableBuildOperationWork
er.execute(DefaultBuildOperationRunner.java:210)
		at org.gradle.internal.operations.DefaultBuildOperationRunner$CallableBuildOperationWork
er.execute(DefaultBuildOperationRunner.java:205)
		at org.gradle.internal.operations.DefaultBuildOperationRunner$2.execute(DefaultBuildOper
ationRunner.java:67)
		at org.gradle.internal.operations.DefaultBuildOperationRunner$2.execute(DefaultBuildOper
ationRunner.java:60)
		at org.gradle.internal.operations.DefaultBuildOperationRunner.execute(DefaultBuildOperat
ionRunner.java:167)
		at org.gradle.internal.operations.DefaultBuildOperationRunner.execute(DefaultBuildOperat
ionRunner.java:60)
		at org.gradle.internal.operations.DefaultBuildOperationRunner.call(DefaultBuildOperation
Runner.java:54)
		at org.gradle.api.internal.tasks.execution.EventFiringTaskExecuter.execute(EventFiringTa
skExecuter.java:52)
		at 
org.gradle.execution.plan.LocalTaskNodeExecutor.execute(LocalTaskNodeExecutor.java:42)
		at org.gradle.execution.taskgraph.DefaultTaskExecutionGraph$InvokeNodeExecutorsAction.ex
ecute(DefaultTaskExecutionGraph.java:331)
		at org.gradle.execution.taskgraph.DefaultTaskExecutionGraph$InvokeNodeExecutorsAction.ex
ecute(DefaultTaskExecutionGraph.java:318)
		at org.gradle.execution.taskgraph.DefaultTaskExecutionGraph$BuildOperationAwareExecution
Action.lambda$execute$0(DefaultTaskExecutionGraph.java:314)
		at org.gradle.internal.operations.CurrentBuildOperationRef.with(CurrentBuildOperationRef
.java:85)
		at org.gradle.execution.taskgraph.DefaultTaskExecutionGraph$BuildOperationAwareExecution
Action.execute(DefaultTaskExecutionGraph.java:314)
		at org.gradle.execution.taskgraph.DefaultTaskExecutionGraph$BuildOperationAwareExecution
Action.execute(DefaultTaskExecutionGraph.java:303)
		at org.gradle.execution.plan.DefaultPlanExecutor$ExecutorWorker.execute(DefaultPlanExecu
tor.java:459)
		at org.gradle.execution.plan.DefaultPlanExecutor$ExecutorWorker.run(DefaultPlanExecutor.
java:376)
		at org.gradle.internal.concurrent.ExecutorPolicy$CatchAndRecordFailures.onExecute(Execut
orPolicy.java:64)
		at org.gradle.internal.concurrent.AbstractManagedExecutor$1.run(AbstractManagedExecutor.
java:48)
		at java.base/java.util.concurrent.ThreadPoolExecutor.runWorker(Unknown Source)
		at java.base/java.util.concurrent.ThreadPoolExecutor$Worker.run(Unknown Source)
		at java.base/java.lang.Thread.run(Unknown Source)
	Suppressed: java.nio.file.AccessDeniedException: C:\Users\roger\OneDrive\Desktop\Backup S
ynaptica-AppFin\synaptica-next\android\app\build\intermediates\assets\debug\mergeDebugAsse
ts\public\_next\static\mmNBIhpwJ27ZHzvT27RJS
		at java.base/sun.nio.fs.WindowsException.translateToIOException(Unknown Source)
		at java.base/sun.nio.fs.WindowsException.rethrowAsIOException(Unknown Source)
		at java.base/sun.nio.fs.WindowsException.rethrowAsIOException(Unknown Source)
		at java.base/sun.nio.fs.WindowsFileSystemProvider.implDelete(Unknown Source)
		at java.base/sun.nio.fs.AbstractFileSystemProvider.deleteIfExists(Unknown Source)
		at java.base/java.nio.file.Files.deleteIfExists(Unknown Source)
		at org.gradle.internal.file.impl.DefaultDeleter.deleteFile(DefaultDeleter.java:198)
		at org.gradle.internal.file.impl.DefaultDeleter.tryHardToDelete(DefaultDeleter.java:186)
		at 
org.gradle.internal.file.impl.DefaultDeleter.deleteRecursively(DefaultDeleter.java:143)
		at 
org.gradle.internal.file.impl.DefaultDeleter.deleteRecursively(DefaultDeleter.java:134)
		at 
org.gradle.internal.file.impl.DefaultDeleter.deleteRecursively(DefaultDeleter.java:134)
		at 
org.gradle.internal.file.impl.DefaultDeleter.deleteRecursively(DefaultDeleter.java:134)
		at 
org.gradle.internal.file.impl.DefaultDeleter.deleteRecursively(DefaultDeleter.java:134)
		at 
org.gradle.internal.file.impl.DefaultDeleter.deleteRecursively(DefaultDeleter.java:115)
		at 
org.gradle.internal.file.impl.DefaultDeleter.ensureEmptyDirectory(DefaultDeleter.java:90)
		at 
org.gradle.internal.file.impl.DefaultDeleter.ensureEmptyDirectory(DefaultDeleter.java:82)
		at org.gradle.internal.execution.steps.RemovePreviousOutputsStep$2.visitOutputProperty(R
emovePreviousOutputsStep.java:121)
		at 
org.gradle.api.internal.tasks.execution.TaskExecution.visitOutputs(TaskExecution.java:344)
		at org.gradle.internal.execution.steps.RemovePreviousOutputsStep.cleanupExclusivelyOwned
Outputs(RemovePreviousOutputsStep.java:110)
		at org.gradle.internal.execution.steps.RemovePreviousOutputsStep.execute(RemovePreviousO
utputsStep.java:63)
		at org.gradle.internal.execution.steps.RemovePreviousOutputsStep.execute(RemovePreviousO
utputsStep.java:37)
		at org.gradle.internal.execution.steps.BroadcastChangingOutputsStep.execute(BroadcastCha
ngingOutputsStep.java:61)
		at org.gradle.internal.execution.steps.BroadcastChangingOutputsStep.execute(BroadcastCha
ngingOutputsStep.java:26)
		at org.gradle.internal.execution.steps.CaptureOutputsAfterExecutionStep.execute(CaptureO
utputsAfterExecutionStep.java:69)
		at org.gradle.internal.execution.steps.CaptureOutputsAfterExecutionStep.execute(CaptureO
utputsAfterExecutionStep.java:46)
		at org.gradle.internal.execution.steps.ResolveInputChangesStep.execute(ResolveInputChang
esStep.java:40)
		at org.gradle.internal.execution.steps.ResolveInputChangesStep.execute(ResolveInputChang
esStep.java:29)
		at org.gradle.internal.execution.steps.BuildCacheStep.executeWithoutCache(BuildCacheStep
.java:189)
		at org.gradle.internal.execution.steps.BuildCacheStep.lambda$execute$1(BuildCacheStep.ja
va:75)
		at org.gradle.internal.Either$Right.fold(Either.java:175)
		at org.gradle.internal.execution.caching.CachingState.fold(CachingState.java:62)
		at org.gradle.internal.execution.steps.BuildCacheStep.execute(BuildCacheStep.java:73)
		at org.gradle.internal.execution.steps.BuildCacheStep.execute(BuildCacheStep.java:48)
		at org.gradle.internal.execution.steps.StoreExecutionStateStep.execute(StoreExecutionSta
teStep.java:46)
		at org.gradle.internal.execution.steps.StoreExecutionStateStep.execute(StoreExecutionSta
teStep.java:35)
		at org.gradle.internal.execution.steps.SkipUpToDateStep.executeBecause(SkipUpToDateStep.
java:75)
		at org.gradle.internal.execution.steps.SkipUpToDateStep.lambda$execute$2(SkipUpToDateSte
p.java:53)
		at java.base/java.util.Optional.orElseGet(Unknown Source)
		at 
org.gradle.internal.execution.steps.SkipUpToDateStep.execute(SkipUpToDateStep.java:53)
		at 
org.gradle.internal.execution.steps.SkipUpToDateStep.execute(SkipUpToDateStep.java:35)
		at org.gradle.internal.execution.steps.legacy.MarkSnapshottingInputsFinishedStep.execute
(MarkSnapshottingInputsFinishedStep.java:37)
		at org.gradle.internal.execution.steps.legacy.MarkSnapshottingInputsFinishedStep.execute
(MarkSnapshottingInputsFinishedStep.java:27)
		at org.gradle.internal.execution.steps.ResolveIncrementalCachingStateStep.executeDelegat
e(ResolveIncrementalCachingStateStep.java:49)
		at org.gradle.internal.execution.steps.ResolveIncrementalCachingStateStep.executeDelegat
e(ResolveIncrementalCachingStateStep.java:27)
		at org.gradle.internal.execution.steps.AbstractResolveCachingStateStep.execute(AbstractR
esolveCachingStateStep.java:71)
		at org.gradle.internal.execution.steps.AbstractResolveCachingStateStep.execute(AbstractR
esolveCachingStateStep.java:39)
		at 
org.gradle.internal.execution.steps.ResolveChangesStep.execute(ResolveChangesStep.java:65)
		at 
org.gradle.internal.execution.steps.ResolveChangesStep.execute(ResolveChangesStep.java:36)
		at org.gradle.internal.execution.steps.ValidateStep.execute(ValidateStep.java:107)
		at org.gradle.internal.execution.steps.ValidateStep.execute(ValidateStep.java:56)
		at org.gradle.internal.execution.steps.AbstractCaptureStateBeforeExecutionStep.execute(A
bstractCaptureStateBeforeExecutionStep.java:64)
		at org.gradle.internal.execution.steps.AbstractCaptureStateBeforeExecutionStep.execute(A
bstractCaptureStateBeforeExecutionStep.java:43)
		at org.gradle.internal.execution.steps.AbstractSkipEmptyWorkStep.executeWithNonEmptySour
ces(AbstractSkipEmptyWorkStep.java:125)
		at org.gradle.internal.execution.steps.AbstractSkipEmptyWorkStep.execute(AbstractSkipEmp
tyWorkStep.java:56)
		at org.gradle.internal.execution.steps.AbstractSkipEmptyWorkStep.execute(AbstractSkipEmp
tyWorkStep.java:36)
		at org.gradle.internal.execution.steps.legacy.MarkSnapshottingInputsStartedStep.execute(
MarkSnapshottingInputsStartedStep.java:38)
		at org.gradle.internal.execution.steps.LoadPreviousExecutionStateStep.execute(LoadPrevio
usExecutionStateStep.java:36)
		at org.gradle.internal.execution.steps.LoadPreviousExecutionStateStep.execute(LoadPrevio
usExecutionStateStep.java:23)
		at org.gradle.internal.execution.steps.HandleStaleOutputsStep.execute(HandleStaleOutputs
Step.java:75)
		at org.gradle.internal.execution.steps.HandleStaleOutputsStep.execute(HandleStaleOutputs
Step.java:41)
		at org.gradle.internal.execution.steps.AssignMutableWorkspaceStep.lambda$execute$0(Assig
nMutableWorkspaceStep.java:35)
		at org.gradle.api.internal.tasks.execution.TaskExecution$4.withWorkspace(TaskExecution.j
ava:289)
		at org.gradle.internal.execution.steps.AssignMutableWorkspaceStep.execute(AssignMutableW
orkspaceStep.java:31)
		at org.gradle.internal.execution.steps.AssignMutableWorkspaceStep.execute(AssignMutableW
orkspaceStep.java:22)
		at 
org.gradle.internal.execution.steps.ChoosePipelineStep.execute(ChoosePipelineStep.java:40)
		at 
org.gradle.internal.execution.steps.ChoosePipelineStep.execute(ChoosePipelineStep.java:23)
		at org.gradle.internal.execution.steps.ExecuteWorkBuildOperationFiringStep.lambda$execut
e$2(ExecuteWorkBuildOperationFiringStep.java:67)
		at java.base/java.util.Optional.orElseGet(Unknown Source)
		at org.gradle.internal.execution.steps.ExecuteWorkBuildOperationFiringStep.execute(Execu
teWorkBuildOperationFiringStep.java:67)
		at org.gradle.internal.execution.steps.ExecuteWorkBuildOperationFiringStep.execute(Execu
teWorkBuildOperationFiringStep.java:39)
		at 
org.gradle.internal.execution.steps.IdentityCacheStep.execute(IdentityCacheStep.java:46)
		at 
org.gradle.internal.execution.steps.IdentityCacheStep.execute(IdentityCacheStep.java:34)
		at org.gradle.internal.execution.steps.IdentifyStep.execute(IdentifyStep.java:48)
		at org.gradle.internal.execution.steps.IdentifyStep.execute(IdentifyStep.java:35)
		at org.gradle.internal.execution.impl.DefaultExecutionEngine$1.execute(DefaultExecutionE
ngine.java:64)
		at org.gradle.api.internal.tasks.execution.ExecuteActionsTaskExecuter.executeIfValid(Exe
cuteActionsTaskExecuter.java:127)
		at org.gradle.api.internal.tasks.execution.ExecuteActionsTaskExecuter.execute(ExecuteAct
ionsTaskExecuter.java:116)
		at org.gradle.api.internal.tasks.execution.ProblemsTaskPathTrackingTaskExecuter.execute(
ProblemsTaskPathTrackingTaskExecuter.java:41)
		at org.gradle.api.internal.tasks.execution.FinalizePropertiesTaskExecuter.execute(Finali
zePropertiesTaskExecuter.java:46)
		at org.gradle.api.internal.tasks.execution.ResolveTaskExecutionModeExecuter.execute(Reso
lveTaskExecutionModeExecuter.java:51)
		at org.gradle.api.internal.tasks.execution.SkipTaskWithNoActionsExecuter.execute(SkipTas
kWithNoActionsExecuter.java:57)
		at org.gradle.api.internal.tasks.execution.SkipOnlyIfTaskExecuter.execute(SkipOnlyIfTask
Executer.java:74)
		at org.gradle.api.internal.tasks.execution.CatchExceptionTaskExecuter.execute(CatchExcep
tionTaskExecuter.java:36)
		at org.gradle.api.internal.tasks.execution.EventFiringTaskExecuter$1.executeTask(EventFi
ringTaskExecuter.java:77)
		at org.gradle.api.internal.tasks.execution.EventFiringTaskExecuter$1.call(EventFiringTas
kExecuter.java:55)
		at org.gradle.api.internal.tasks.execution.EventFiringTaskExecuter$1.call(EventFiringTas
kExecuter.java:52)
		at org.gradle.internal.operations.DefaultBuildOperationRunner$CallableBuildOperationWork
er.execute(DefaultBuildOperationRunner.java:210)
		at org.gradle.internal.operations.DefaultBuildOperationRunner$CallableBuildOperationWork
er.execute(DefaultBuildOperationRunner.java:205)
		at org.gradle.internal.operations.DefaultBuildOperationRunner$2.execute(DefaultBuildOper
ationRunner.java:67)
		at org.gradle.internal.operations.DefaultBuildOperationRunner$2.execute(DefaultBuildOper
ationRunner.java:60)
		at org.gradle.internal.operations.DefaultBuildOperationRunner.execute(DefaultBuildOperat
ionRunner.java:167)
		at org.gradle.internal.operations.DefaultBuildOperationRunner.execute(DefaultBuildOperat
ionRunner.java:60)
		at org.gradle.internal.operations.DefaultBuildOperationRunner.call(DefaultBuildOperation
Runner.java:54)
		at org.gradle.api.internal.tasks.execution.EventFiringTaskExecuter.execute(EventFiringTa
skExecuter.java:52)
		at 
org.gradle.execution.plan.LocalTaskNodeExecutor.execute(LocalTaskNodeExecutor.java:42)
		at org.gradle.execution.taskgraph.DefaultTaskExecutionGraph$InvokeNodeExecutorsAction.ex
ecute(DefaultTaskExecutionGraph.java:331)
		at org.gradle.execution.taskgraph.DefaultTaskExecutionGraph$InvokeNodeExecutorsAction.ex
ecute(DefaultTaskExecutionGraph.java:318)
		at org.gradle.execution.taskgraph.DefaultTaskExecutionGraph$BuildOperationAwareExecution
Action.lambda$execute$0(DefaultTaskExecutionGraph.java:314)
		at org.gradle.internal.operations.CurrentBuildOperationRef.with(CurrentBuildOperationRef
.java:85)
		at org.gradle.execution.taskgraph.DefaultTaskExecutionGraph$BuildOperationAwareExecution
Action.execute(DefaultTaskExecutionGraph.java:314)
		at org.gradle.execution.taskgraph.DefaultTaskExecutionGraph$BuildOperationAwareExecution
Action.execute(DefaultTaskExecutionGraph.java:303)
		at org.gradle.execution.plan.DefaultPlanExecutor$ExecutorWorker.execute(DefaultPlanExecu
tor.java:459)
		at org.gradle.execution.plan.DefaultPlanExecutor$ExecutorWorker.run(DefaultPlanExecutor.
java:376)
		at org.gradle.internal.concurrent.ExecutorPolicy$CatchAndRecordFailures.onExecute(Execut
orPolicy.java:64)
		at org.gradle.internal.concurrent.AbstractManagedExecutor$1.run(AbstractManagedExecutor.
java:48)
		at java.base/java.util.concurrent.ThreadPoolExecutor.runWorker(Unknown Source)
		at java.base/java.util.concurrent.ThreadPoolExecutor$Worker.run(Unknown Source)
		at java.base/java.lang.Thread.run(Unknown Source)
	Suppressed: java.nio.file.AccessDeniedException: C:\Users\roger\OneDrive\Desktop\Backup S
ynaptica-AppFin\synaptica-next\android\app\build\intermediates\assets\debug\mergeDebugAsse
ts\public\_next\static\moj2V7A-Y7AtjK1d911vn
		at java.base/sun.nio.fs.WindowsException.translateToIOException(Unknown Source)
		at java.base/sun.nio.fs.WindowsException.rethrowAsIOException(Unknown Source)
		at java.base/sun.nio.fs.WindowsException.rethrowAsIOException(Unknown Source)
		at java.base/sun.nio.fs.WindowsFileSystemProvider.implDelete(Unknown Source)
		at java.base/sun.nio.fs.AbstractFileSystemProvider.deleteIfExists(Unknown Source)
		at java.base/java.nio.file.Files.deleteIfExists(Unknown Source)
		at org.gradle.internal.file.impl.DefaultDeleter.deleteFile(DefaultDeleter.java:198)
		at org.gradle.internal.file.impl.DefaultDeleter.tryHardToDelete(DefaultDeleter.java:186)
		at 
org.gradle.internal.file.impl.DefaultDeleter.deleteRecursively(DefaultDeleter.java:143)
		at 
org.gradle.internal.file.impl.DefaultDeleter.deleteRecursively(DefaultDeleter.java:134)
		at 
org.gradle.internal.file.impl.DefaultDeleter.deleteRecursively(DefaultDeleter.java:134)
		at 
org.gradle.internal.file.impl.DefaultDeleter.deleteRecursively(DefaultDeleter.java:134)
		at 
org.gradle.internal.file.impl.DefaultDeleter.deleteRecursively(DefaultDeleter.java:134)
		at 
org.gradle.internal.file.impl.DefaultDeleter.deleteRecursively(DefaultDeleter.java:115)
		at 
org.gradle.internal.file.impl.DefaultDeleter.ensureEmptyDirectory(DefaultDeleter.java:90)
		at 
org.gradle.internal.file.impl.DefaultDeleter.ensureEmptyDirectory(DefaultDeleter.java:82)
		at org.gradle.internal.execution.steps.RemovePreviousOutputsStep$2.visitOutputProperty(R
emovePreviousOutputsStep.java:121)
		at 
org.gradle.api.internal.tasks.execution.TaskExecution.visitOutputs(TaskExecution.java:344)
		at org.gradle.internal.execution.steps.RemovePreviousOutputsStep.cleanupExclusivelyOwned
Outputs(RemovePreviousOutputsStep.java:110)
		at org.gradle.internal.execution.steps.RemovePreviousOutputsStep.execute(RemovePreviousO
utputsStep.java:63)
		at org.gradle.internal.execution.steps.RemovePreviousOutputsStep.execute(RemovePreviousO
utputsStep.java:37)
		at org.gradle.internal.execution.steps.BroadcastChangingOutputsStep.execute(BroadcastCha
ngingOutputsStep.java:61)
		at org.gradle.internal.execution.steps.BroadcastChangingOutputsStep.execute(BroadcastCha
ngingOutputsStep.java:26)
		at org.gradle.internal.execution.steps.CaptureOutputsAfterExecutionStep.execute(CaptureO
utputsAfterExecutionStep.java:69)
		at org.gradle.internal.execution.steps.CaptureOutputsAfterExecutionStep.execute(CaptureO
utputsAfterExecutionStep.java:46)
		at org.gradle.internal.execution.steps.ResolveInputChangesStep.execute(ResolveInputChang
esStep.java:40)
		at org.gradle.internal.execution.steps.ResolveInputChangesStep.execute(ResolveInputChang
esStep.java:29)
		at org.gradle.internal.execution.steps.BuildCacheStep.executeWithoutCache(BuildCacheStep
.java:189)
		at org.gradle.internal.execution.steps.BuildCacheStep.lambda$execute$1(BuildCacheStep.ja
va:75)
		at org.gradle.internal.Either$Right.fold(Either.java:175)
		at org.gradle.internal.execution.caching.CachingState.fold(CachingState.java:62)
		at org.gradle.internal.execution.steps.BuildCacheStep.execute(BuildCacheStep.java:73)
		at org.gradle.internal.execution.steps.BuildCacheStep.execute(BuildCacheStep.java:48)
		at org.gradle.internal.execution.steps.StoreExecutionStateStep.execute(StoreExecutionSta
teStep.java:46)
		at org.gradle.internal.execution.steps.StoreExecutionStateStep.execute(StoreExecutionSta
teStep.java:35)
		at org.gradle.internal.execution.steps.SkipUpToDateStep.executeBecause(SkipUpToDateStep.
java:75)
		at org.gradle.internal.execution.steps.SkipUpToDateStep.lambda$execute$2(SkipUpToDateSte
p.java:53)
		at java.base/java.util.Optional.orElseGet(Unknown Source)
		at 
org.gradle.internal.execution.steps.SkipUpToDateStep.execute(SkipUpToDateStep.java:53)
		at 
org.gradle.internal.execution.steps.SkipUpToDateStep.execute(SkipUpToDateStep.java:35)
		at org.gradle.internal.execution.steps.legacy.MarkSnapshottingInputsFinishedStep.execute
(MarkSnapshottingInputsFinishedStep.java:37)
		at org.gradle.internal.execution.steps.legacy.MarkSnapshottingInputsFinishedStep.execute
(MarkSnapshottingInputsFinishedStep.java:27)
		at org.gradle.internal.execution.steps.ResolveIncrementalCachingStateStep.executeDelegat
e(ResolveIncrementalCachingStateStep.java:49)
		at org.gradle.internal.execution.steps.ResolveIncrementalCachingStateStep.executeDelegat
e(ResolveIncrementalCachingStateStep.java:27)
		at org.gradle.internal.execution.steps.AbstractResolveCachingStateStep.execute(AbstractR
esolveCachingStateStep.java:71)
		at org.gradle.internal.execution.steps.AbstractResolveCachingStateStep.execute(AbstractR
esolveCachingStateStep.java:39)
		at 
org.gradle.internal.execution.steps.ResolveChangesStep.execute(ResolveChangesStep.java:65)
		at 
org.gradle.internal.execution.steps.ResolveChangesStep.execute(ResolveChangesStep.java:36)
		at org.gradle.internal.execution.steps.ValidateStep.execute(ValidateStep.java:107)
		at org.gradle.internal.execution.steps.ValidateStep.execute(ValidateStep.java:56)
		at org.gradle.internal.execution.steps.AbstractCaptureStateBeforeExecutionStep.execute(A
bstractCaptureStateBeforeExecutionStep.java:64)
		at org.gradle.internal.execution.steps.AbstractCaptureStateBeforeExecutionStep.execute(A
bstractCaptureStateBeforeExecutionStep.java:43)
		at org.gradle.internal.execution.steps.AbstractSkipEmptyWorkStep.executeWithNonEmptySour
ces(AbstractSkipEmptyWorkStep.java:125)
		at org.gradle.internal.execution.steps.AbstractSkipEmptyWorkStep.execute(AbstractSkipEmp
tyWorkStep.java:56)
		at org.gradle.internal.execution.steps.AbstractSkipEmptyWorkStep.execute(AbstractSkipEmp
tyWorkStep.java:36)
		at org.gradle.internal.execution.steps.legacy.MarkSnapshottingInputsStartedStep.execute(
MarkSnapshottingInputsStartedStep.java:38)
		at org.gradle.internal.execution.steps.LoadPreviousExecutionStateStep.execute(LoadPrevio
usExecutionStateStep.java:36)
		at org.gradle.internal.execution.steps.LoadPreviousExecutionStateStep.execute(LoadPrevio
usExecutionStateStep.java:23)
		at org.gradle.internal.execution.steps.HandleStaleOutputsStep.execute(HandleStaleOutputs
Step.java:75)
		at org.gradle.internal.execution.steps.HandleStaleOutputsStep.execute(HandleStaleOutputs
Step.java:41)
		at org.gradle.internal.execution.steps.AssignMutableWorkspaceStep.lambda$execute$0(Assig
nMutableWorkspaceStep.java:35)
		at org.gradle.api.internal.tasks.execution.TaskExecution$4.withWorkspace(TaskExecution.j
ava:289)
		at org.gradle.internal.execution.steps.AssignMutableWorkspaceStep.execute(AssignMutableW
orkspaceStep.java:31)
		at org.gradle.internal.execution.steps.AssignMutableWorkspaceStep.execute(AssignMutableW
orkspaceStep.java:22)
		at 
org.gradle.internal.execution.steps.ChoosePipelineStep.execute(ChoosePipelineStep.java:40)
		at 
org.gradle.internal.execution.steps.ChoosePipelineStep.execute(ChoosePipelineStep.java:23)
		at org.gradle.internal.execution.steps.ExecuteWorkBuildOperationFiringStep.lambda$execut
e$2(ExecuteWorkBuildOperationFiringStep.java:67)
		at java.base/java.util.Optional.orElseGet(Unknown Source)
		at org.gradle.internal.execution.steps.ExecuteWorkBuildOperationFiringStep.execute(Execu
teWorkBuildOperationFiringStep.java:67)
		at org.gradle.internal.execution.steps.ExecuteWorkBuildOperationFiringStep.execute(Execu
teWorkBuildOperationFiringStep.java:39)
		at 
org.gradle.internal.execution.steps.IdentityCacheStep.execute(IdentityCacheStep.java:46)
		at 
org.gradle.internal.execution.steps.IdentityCacheStep.execute(IdentityCacheStep.java:34)
		at org.gradle.internal.execution.steps.IdentifyStep.execute(IdentifyStep.java:48)
		at org.gradle.internal.execution.steps.IdentifyStep.execute(IdentifyStep.java:35)
		at org.gradle.internal.execution.impl.DefaultExecutionEngine$1.execute(DefaultExecutionE
ngine.java:64)
		at org.gradle.api.internal.tasks.execution.ExecuteActionsTaskExecuter.executeIfValid(Exe
cuteActionsTaskExecuter.java:127)
		at org.gradle.api.internal.tasks.execution.ExecuteActionsTaskExecuter.execute(ExecuteAct
ionsTaskExecuter.java:116)
		at org.gradle.api.internal.tasks.execution.ProblemsTaskPathTrackingTaskExecuter.execute(
ProblemsTaskPathTrackingTaskExecuter.java:41)
		at org.gradle.api.internal.tasks.execution.FinalizePropertiesTaskExecuter.execute(Finali
zePropertiesTaskExecuter.java:46)
		at org.gradle.api.internal.tasks.execution.ResolveTaskExecutionModeExecuter.execute(Reso
lveTaskExecutionModeExecuter.java:51)
		at org.gradle.api.internal.tasks.execution.SkipTaskWithNoActionsExecuter.execute(SkipTas
kWithNoActionsExecuter.java:57)
		at org.gradle.api.internal.tasks.execution.SkipOnlyIfTaskExecuter.execute(SkipOnlyIfTask
Executer.java:74)
		at org.gradle.api.internal.tasks.execution.CatchExceptionTaskExecuter.execute(CatchExcep
tionTaskExecuter.java:36)
		at org.gradle.api.internal.tasks.execution.EventFiringTaskExecuter$1.executeTask(EventFi
ringTaskExecuter.java:77)
		at org.gradle.api.internal.tasks.execution.EventFiringTaskExecuter$1.call(EventFiringTas
kExecuter.java:55)
		at org.gradle.api.internal.tasks.execution.EventFiringTaskExecuter$1.call(EventFiringTas
kExecuter.java:52)
		at org.gradle.internal.operations.DefaultBuildOperationRunner$CallableBuildOperationWork
er.execute(DefaultBuildOperationRunner.java:210)
		at org.gradle.internal.operations.DefaultBuildOperationRunner$CallableBuildOperationWork
er.execute(DefaultBuildOperationRunner.java:205)
		at org.gradle.internal.operations.DefaultBuildOperationRunner$2.execute(DefaultBuildOper
ationRunner.java:67)
		at org.gradle.internal.operations.DefaultBuildOperationRunner$2.execute(DefaultBuildOper
ationRunner.java:60)
		at org.gradle.internal.operations.DefaultBuildOperationRunner.execute(DefaultBuildOperat
ionRunner.java:167)
		at org.gradle.internal.operations.DefaultBuildOperationRunner.execute(DefaultBuildOperat
ionRunner.java:60)
		at org.gradle.internal.operations.DefaultBuildOperationRunner.call(DefaultBuildOperation
Runner.java:54)
		at org.gradle.api.internal.tasks.execution.EventFiringTaskExecuter.execute(EventFiringTa
skExecuter.java:52)
		at 
org.gradle.execution.plan.LocalTaskNodeExecutor.execute(LocalTaskNodeExecutor.java:42)
		at org.gradle.execution.taskgraph.DefaultTaskExecutionGraph$InvokeNodeExecutorsAction.ex
ecute(DefaultTaskExecutionGraph.java:331)
		at org.gradle.execution.taskgraph.DefaultTaskExecutionGraph$InvokeNodeExecutorsAction.ex
ecute(DefaultTaskExecutionGraph.java:318)
		at org.gradle.execution.taskgraph.DefaultTaskExecutionGraph$BuildOperationAwareExecution
Action.lambda$execute$0(DefaultTaskExecutionGraph.java:314)
		at org.gradle.internal.operations.CurrentBuildOperationRef.with(CurrentBuildOperationRef
.java:85)
		at org.gradle.execution.taskgraph.DefaultTaskExecutionGraph$BuildOperationAwareExecution
Action.execute(DefaultTaskExecutionGraph.java:314)
		at org.gradle.execution.taskgraph.DefaultTaskExecutionGraph$BuildOperationAwareExecution
Action.execute(DefaultTaskExecutionGraph.java:303)
		at org.gradle.execution.plan.DefaultPlanExecutor$ExecutorWorker.execute(DefaultPlanExecu
tor.java:459)
		at org.gradle.execution.plan.DefaultPlanExecutor$ExecutorWorker.run(DefaultPlanExecutor.
java:376)
		at org.gradle.internal.concurrent.ExecutorPolicy$CatchAndRecordFailures.onExecute(Execut
orPolicy.java:64)
		at org.gradle.internal.concurrent.AbstractManagedExecutor$1.run(AbstractManagedExecutor.
java:48)
		at java.base/java.util.concurrent.ThreadPoolExecutor.runWorker(Unknown Source)
		at java.base/java.util.concurrent.ThreadPoolExecutor$Worker.run(Unknown Source)
		at java.base/java.lang.Thread.run(Unknown Source)
	Suppressed: java.nio.file.AccessDeniedException: C:\Users\roger\OneDrive\Desktop\Backup S
ynaptica-AppFin\synaptica-next\android\app\build\intermediates\assets\debug\mergeDebugAsse
ts\public\_next\static\OcuPYfsW000JfAXFYurv4
		at java.base/sun.nio.fs.WindowsException.translateToIOException(Unknown Source)
		at java.base/sun.nio.fs.WindowsException.rethrowAsIOException(Unknown Source)
		at java.base/sun.nio.fs.WindowsException.rethrowAsIOException(Unknown Source)
		at java.base/sun.nio.fs.WindowsFileSystemProvider.implDelete(Unknown Source)
		at java.base/sun.nio.fs.AbstractFileSystemProvider.deleteIfExists(Unknown Source)
		at java.base/java.nio.file.Files.deleteIfExists(Unknown Source)
		at org.gradle.internal.file.impl.DefaultDeleter.deleteFile(DefaultDeleter.java:198)
		at org.gradle.internal.file.impl.DefaultDeleter.tryHardToDelete(DefaultDeleter.java:186)
		at 
org.gradle.internal.file.impl.DefaultDeleter.deleteRecursively(DefaultDeleter.java:143)
		at 
org.gradle.internal.file.impl.DefaultDeleter.deleteRecursively(DefaultDeleter.java:134)
		at 
org.gradle.internal.file.impl.DefaultDeleter.deleteRecursively(DefaultDeleter.java:134)
		at 
org.gradle.internal.file.impl.DefaultDeleter.deleteRecursively(DefaultDeleter.java:134)
		at 
org.gradle.internal.file.impl.DefaultDeleter.deleteRecursively(DefaultDeleter.java:134)
		at 
org.gradle.internal.file.impl.DefaultDeleter.deleteRecursively(DefaultDeleter.java:115)
		at 
org.gradle.internal.file.impl.DefaultDeleter.ensureEmptyDirectory(DefaultDeleter.java:90)
		at 
org.gradle.internal.file.impl.DefaultDeleter.ensureEmptyDirectory(DefaultDeleter.java:82)
		at org.gradle.internal.execution.steps.RemovePreviousOutputsStep$2.visitOutputProperty(R
emovePreviousOutputsStep.java:121)
		at 
org.gradle.api.internal.tasks.execution.TaskExecution.visitOutputs(TaskExecution.java:344)
		at org.gradle.internal.execution.steps.RemovePreviousOutputsStep.cleanupExclusivelyOwned
Outputs(RemovePreviousOutputsStep.java:110)
		at org.gradle.internal.execution.steps.RemovePreviousOutputsStep.execute(RemovePreviousO
utputsStep.java:63)
		at org.gradle.internal.execution.steps.RemovePreviousOutputsStep.execute(RemovePreviousO
utputsStep.java:37)
		at org.gradle.internal.execution.steps.BroadcastChangingOutputsStep.execute(BroadcastCha
ngingOutputsStep.java:61)
		at org.gradle.internal.execution.steps.BroadcastChangingOutputsStep.execute(BroadcastCha
ngingOutputsStep.java:26)
		at org.gradle.internal.execution.steps.CaptureOutputsAfterExecutionStep.execute(CaptureO
utputsAfterExecutionStep.java:69)
		at org.gradle.internal.execution.steps.CaptureOutputsAfterExecutionStep.execute(CaptureO
utputsAfterExecutionStep.java:46)
		at org.gradle.internal.execution.steps.ResolveInputChangesStep.execute(ResolveInputChang
esStep.java:40)
		at org.gradle.internal.execution.steps.ResolveInputChangesStep.execute(ResolveInputChang
esStep.java:29)
		at org.gradle.internal.execution.steps.BuildCacheStep.executeWithoutCache(BuildCacheStep
.java:189)
		at org.gradle.internal.execution.steps.BuildCacheStep.lambda$execute$1(BuildCacheStep.ja
va:75)
		at org.gradle.internal.Either$Right.fold(Either.java:175)
		at org.gradle.internal.execution.caching.CachingState.fold(CachingState.java:62)
		at org.gradle.internal.execution.steps.BuildCacheStep.execute(BuildCacheStep.java:73)
		at org.gradle.internal.execution.steps.BuildCacheStep.execute(BuildCacheStep.java:48)
		at org.gradle.internal.execution.steps.StoreExecutionStateStep.execute(StoreExecutionSta
teStep.java:46)
		at org.gradle.internal.execution.steps.StoreExecutionStateStep.execute(StoreExecutionSta
teStep.java:35)
		at org.gradle.internal.execution.steps.SkipUpToDateStep.executeBecause(SkipUpToDateStep.
java:75)
		at org.gradle.internal.execution.steps.SkipUpToDateStep.lambda$execute$2(SkipUpToDateSte
p.java:53)
		at java.base/java.util.Optional.orElseGet(Unknown Source)
		at 
org.gradle.internal.execution.steps.SkipUpToDateStep.execute(SkipUpToDateStep.java:53)
		at 
org.gradle.internal.execution.steps.SkipUpToDateStep.execute(SkipUpToDateStep.java:35)
		at org.gradle.internal.execution.steps.legacy.MarkSnapshottingInputsFinishedStep.execute
(MarkSnapshottingInputsFinishedStep.java:37)
		at org.gradle.internal.execution.steps.legacy.MarkSnapshottingInputsFinishedStep.execute
(MarkSnapshottingInputsFinishedStep.java:27)
		at org.gradle.internal.execution.steps.ResolveIncrementalCachingStateStep.executeDelegat
e(ResolveIncrementalCachingStateStep.java:49)
		at org.gradle.internal.execution.steps.ResolveIncrementalCachingStateStep.executeDelegat
e(ResolveIncrementalCachingStateStep.java:27)
		at org.gradle.internal.execution.steps.AbstractResolveCachingStateStep.execute(AbstractR
esolveCachingStateStep.java:71)
		at org.gradle.internal.execution.steps.AbstractResolveCachingStateStep.execute(AbstractR
esolveCachingStateStep.java:39)
		at 
org.gradle.internal.execution.steps.ResolveChangesStep.execute(ResolveChangesStep.java:65)
		at 
org.gradle.internal.execution.steps.ResolveChangesStep.execute(ResolveChangesStep.java:36)
		at org.gradle.internal.execution.steps.ValidateStep.execute(ValidateStep.java:107)
		at org.gradle.internal.execution.steps.ValidateStep.execute(ValidateStep.java:56)
		at org.gradle.internal.execution.steps.AbstractCaptureStateBeforeExecutionStep.execute(A
bstractCaptureStateBeforeExecutionStep.java:64)
		at org.gradle.internal.execution.steps.AbstractCaptureStateBeforeExecutionStep.execute(A
bstractCaptureStateBeforeExecutionStep.java:43)
		at org.gradle.internal.execution.steps.AbstractSkipEmptyWorkStep.executeWithNonEmptySour
ces(AbstractSkipEmptyWorkStep.java:125)
		at org.gradle.internal.execution.steps.AbstractSkipEmptyWorkStep.execute(AbstractSkipEmp
tyWorkStep.java:56)
		at org.gradle.internal.execution.steps.AbstractSkipEmptyWorkStep.execute(AbstractSkipEmp
tyWorkStep.java:36)
		at org.gradle.internal.execution.steps.legacy.MarkSnapshottingInputsStartedStep.execute(
MarkSnapshottingInputsStartedStep.java:38)
		at org.gradle.internal.execution.steps.LoadPreviousExecutionStateStep.execute(LoadPrevio
usExecutionStateStep.java:36)
		at org.gradle.internal.execution.steps.LoadPreviousExecutionStateStep.execute(LoadPrevio
usExecutionStateStep.java:23)
		at org.gradle.internal.execution.steps.HandleStaleOutputsStep.execute(HandleStaleOutputs
Step.java:75)
		at org.gradle.internal.execution.steps.HandleStaleOutputsStep.execute(HandleStaleOutputs
Step.java:41)
		at org.gradle.internal.execution.steps.AssignMutableWorkspaceStep.lambda$execute$0(Assig
nMutableWorkspaceStep.java:35)
		at org.gradle.api.internal.tasks.execution.TaskExecution$4.withWorkspace(TaskExecution.j
ava:289)
		at org.gradle.internal.execution.steps.AssignMutableWorkspaceStep.execute(AssignMutableW
orkspaceStep.java:31)
		at org.gradle.internal.execution.steps.AssignMutableWorkspaceStep.execute(AssignMutableW
orkspaceStep.java:22)
		at 
org.gradle.internal.execution.steps.ChoosePipelineStep.execute(ChoosePipelineStep.java:40)
		at 
org.gradle.internal.execution.steps.ChoosePipelineStep.execute(ChoosePipelineStep.java:23)
		at org.gradle.internal.execution.steps.ExecuteWorkBuildOperationFiringStep.lambda$execut
e$2(ExecuteWorkBuildOperationFiringStep.java:67)
		at java.base/java.util.Optional.orElseGet(Unknown Source)
		at org.gradle.internal.execution.steps.ExecuteWorkBuildOperationFiringStep.execute(Execu
teWorkBuildOperationFiringStep.java:67)
		at org.gradle.internal.execution.steps.ExecuteWorkBuildOperationFiringStep.execute(Execu
teWorkBuildOperationFiringStep.java:39)
		at 
org.gradle.internal.execution.steps.IdentityCacheStep.execute(IdentityCacheStep.java:46)
		at 
org.gradle.internal.execution.steps.IdentityCacheStep.execute(IdentityCacheStep.java:34)
		at org.gradle.internal.execution.steps.IdentifyStep.execute(IdentifyStep.java:48)
		at org.gradle.internal.execution.steps.IdentifyStep.execute(IdentifyStep.java:35)
		at org.gradle.internal.execution.impl.DefaultExecutionEngine$1.execute(DefaultExecutionE
ngine.java:64)
		at org.gradle.api.internal.tasks.execution.ExecuteActionsTaskExecuter.executeIfValid(Exe
cuteActionsTaskExecuter.java:127)
		at org.gradle.api.internal.tasks.execution.ExecuteActionsTaskExecuter.execute(ExecuteAct
ionsTaskExecuter.java:116)
		at org.gradle.api.internal.tasks.execution.ProblemsTaskPathTrackingTaskExecuter.execute(
ProblemsTaskPathTrackingTaskExecuter.java:41)
		at org.gradle.api.internal.tasks.execution.FinalizePropertiesTaskExecuter.execute(Finali
zePropertiesTaskExecuter.java:46)
		at org.gradle.api.internal.tasks.execution.ResolveTaskExecutionModeExecuter.execute(Reso
lveTaskExecutionModeExecuter.java:51)
		at org.gradle.api.internal.tasks.execution.SkipTaskWithNoActionsExecuter.execute(SkipTas
kWithNoActionsExecuter.java:57)
		at org.gradle.api.internal.tasks.execution.SkipOnlyIfTaskExecuter.execute(SkipOnlyIfTask
Executer.java:74)
		at org.gradle.api.internal.tasks.execution.CatchExceptionTaskExecuter.execute(CatchExcep
tionTaskExecuter.java:36)
		at org.gradle.api.internal.tasks.execution.EventFiringTaskExecuter$1.executeTask(EventFi
ringTaskExecuter.java:77)
		at org.gradle.api.internal.tasks.execution.EventFiringTaskExecuter$1.call(EventFiringTas
kExecuter.java:55)
		at org.gradle.api.internal.tasks.execution.EventFiringTaskExecuter$1.call(EventFiringTas
kExecuter.java:52)
		at org.gradle.internal.operations.DefaultBuildOperationRunner$CallableBuildOperationWork
er.execute(DefaultBuildOperationRunner.java:210)
		at org.gradle.internal.operations.DefaultBuildOperationRunner$CallableBuildOperationWork
er.execute(DefaultBuildOperationRunner.java:205)
		at org.gradle.internal.operations.DefaultBuildOperationRunner$2.execute(DefaultBuildOper
ationRunner.java:67)
		at org.gradle.internal.operations.DefaultBuildOperationRunner$2.execute(DefaultBuildOper
ationRunner.java:60)
		at org.gradle.internal.operations.DefaultBuildOperationRunner.execute(DefaultBuildOperat
ionRunner.java:167)
		at org.gradle.internal.operations.DefaultBuildOperationRunner.execute(DefaultBuildOperat
ionRunner.java:60)
		at org.gradle.internal.operations.DefaultBuildOperationRunner.call(DefaultBuildOperation
Runner.java:54)
		at org.gradle.api.internal.tasks.execution.EventFiringTaskExecuter.execute(EventFiringTa
skExecuter.java:52)
		at 
org.gradle.execution.plan.LocalTaskNodeExecutor.execute(LocalTaskNodeExecutor.java:42)
		at org.gradle.execution.taskgraph.DefaultTaskExecutionGraph$InvokeNodeExecutorsAction.ex
ecute(DefaultTaskExecutionGraph.java:331)
		at org.gradle.execution.taskgraph.DefaultTaskExecutionGraph$InvokeNodeExecutorsAction.ex
ecute(DefaultTaskExecutionGraph.java:318)
		at org.gradle.execution.taskgraph.DefaultTaskExecutionGraph$BuildOperationAwareExecution
Action.lambda$execute$0(DefaultTaskExecutionGraph.java:314)
		at org.gradle.internal.operations.CurrentBuildOperationRef.with(CurrentBuildOperationRef
.java:85)
		at org.gradle.execution.taskgraph.DefaultTaskExecutionGraph$BuildOperationAwareExecution
Action.execute(DefaultTaskExecutionGraph.java:314)
		at org.gradle.execution.taskgraph.DefaultTaskExecutionGraph$BuildOperationAwareExecution
Action.execute(DefaultTaskExecutionGraph.java:303)
		at org.gradle.execution.plan.DefaultPlanExecutor$ExecutorWorker.execute(DefaultPlanExecu
tor.java:459)
		at org.gradle.execution.plan.DefaultPlanExecutor$ExecutorWorker.run(DefaultPlanExecutor.
java:376)
		at org.gradle.internal.concurrent.ExecutorPolicy$CatchAndRecordFailures.onExecute(Execut
orPolicy.java:64)
		at org.gradle.internal.concurrent.AbstractManagedExecutor$1.run(AbstractManagedExecutor.
java:48)
		at java.base/java.util.concurrent.ThreadPoolExecutor.runWorker(Unknown Source)
		at java.base/java.util.concurrent.ThreadPoolExecutor$Worker.run(Unknown Source)
		at java.base/java.lang.Thread.run(Unknown Source)
	Suppressed: java.nio.file.AccessDeniedException: C:\Users\roger\OneDrive\Desktop\Backup S
ynaptica-AppFin\synaptica-next\android\app\build\intermediates\assets\debug\mergeDebugAsse
ts\public\_next\static\Rd37ejhCbUETv13elmOJ_
		at java.base/sun.nio.fs.WindowsException.translateToIOException(Unknown Source)
		at java.base/sun.nio.fs.WindowsException.rethrowAsIOException(Unknown Source)
		at java.base/sun.nio.fs.WindowsException.rethrowAsIOException(Unknown Source)
		at java.base/sun.nio.fs.WindowsFileSystemProvider.implDelete(Unknown Source)
		at java.base/sun.nio.fs.AbstractFileSystemProvider.deleteIfExists(Unknown Source)
		at java.base/java.nio.file.Files.deleteIfExists(Unknown Source)
		at org.gradle.internal.file.impl.DefaultDeleter.deleteFile(DefaultDeleter.java:198)
		at org.gradle.internal.file.impl.DefaultDeleter.tryHardToDelete(DefaultDeleter.java:186)
		at 
org.gradle.internal.file.impl.DefaultDeleter.deleteRecursively(DefaultDeleter.java:143)
		at 
org.gradle.internal.file.impl.DefaultDeleter.deleteRecursively(DefaultDeleter.java:134)
		at 
org.gradle.internal.file.impl.DefaultDeleter.deleteRecursively(DefaultDeleter.java:134)
		at 
org.gradle.internal.file.impl.DefaultDeleter.deleteRecursively(DefaultDeleter.java:134)
		at 
org.gradle.internal.file.impl.DefaultDeleter.deleteRecursively(DefaultDeleter.java:134)
		at 
org.gradle.internal.file.impl.DefaultDeleter.deleteRecursively(DefaultDeleter.java:115)
		at 
org.gradle.internal.file.impl.DefaultDeleter.ensureEmptyDirectory(DefaultDeleter.java:90)
		at 
org.gradle.internal.file.impl.DefaultDeleter.ensureEmptyDirectory(DefaultDeleter.java:82)
		at org.gradle.internal.execution.steps.RemovePreviousOutputsStep$2.visitOutputProperty(R
emovePreviousOutputsStep.java:121)
		at 
org.gradle.api.internal.tasks.execution.TaskExecution.visitOutputs(TaskExecution.java:344)
		at org.gradle.internal.execution.steps.RemovePreviousOutputsStep.cleanupExclusivelyOwned
Outputs(RemovePreviousOutputsStep.java:110)
		at org.gradle.internal.execution.steps.RemovePreviousOutputsStep.execute(RemovePreviousO
utputsStep.java:63)
		at org.gradle.internal.execution.steps.RemovePreviousOutputsStep.execute(RemovePreviousO
utputsStep.java:37)
		at org.gradle.internal.execution.steps.BroadcastChangingOutputsStep.execute(BroadcastCha
ngingOutputsStep.java:61)
		at org.gradle.internal.execution.steps.BroadcastChangingOutputsStep.execute(BroadcastCha
ngingOutputsStep.java:26)
		at org.gradle.internal.execution.steps.CaptureOutputsAfterExecutionStep.execute(CaptureO
utputsAfterExecutionStep.java:69)
		at org.gradle.internal.execution.steps.CaptureOutputsAfterExecutionStep.execute(CaptureO
utputsAfterExecutionStep.java:46)
		at org.gradle.internal.execution.steps.ResolveInputChangesStep.execute(ResolveInputChang
esStep.java:40)
		at org.gradle.internal.execution.steps.ResolveInputChangesStep.execute(ResolveInputChang
esStep.java:29)
		at org.gradle.internal.execution.steps.BuildCacheStep.executeWithoutCache(BuildCacheStep
.java:189)
		at org.gradle.internal.execution.steps.BuildCacheStep.lambda$execute$1(BuildCacheStep.ja
va:75)
		at org.gradle.internal.Either$Right.fold(Either.java:175)
		at org.gradle.internal.execution.caching.CachingState.fold(CachingState.java:62)
		at org.gradle.internal.execution.steps.BuildCacheStep.execute(BuildCacheStep.java:73)
		at org.gradle.internal.execution.steps.BuildCacheStep.execute(BuildCacheStep.java:48)
		at org.gradle.internal.execution.steps.StoreExecutionStateStep.execute(StoreExecutionSta
teStep.java:46)
		at org.gradle.internal.execution.steps.StoreExecutionStateStep.execute(StoreExecutionSta
teStep.java:35)
		at org.gradle.internal.execution.steps.SkipUpToDateStep.executeBecause(SkipUpToDateStep.
java:75)
		at org.gradle.internal.execution.steps.SkipUpToDateStep.lambda$execute$2(SkipUpToDateSte
p.java:53)
		at java.base/java.util.Optional.orElseGet(Unknown Source)
		at 
org.gradle.internal.execution.steps.SkipUpToDateStep.execute(SkipUpToDateStep.java:53)
		at 
org.gradle.internal.execution.steps.SkipUpToDateStep.execute(SkipUpToDateStep.java:35)
		at org.gradle.internal.execution.steps.legacy.MarkSnapshottingInputsFinishedStep.execute
(MarkSnapshottingInputsFinishedStep.java:37)
		at org.gradle.internal.execution.steps.legacy.MarkSnapshottingInputsFinishedStep.execute
(MarkSnapshottingInputsFinishedStep.java:27)
		at org.gradle.internal.execution.steps.ResolveIncrementalCachingStateStep.executeDelegat
e(ResolveIncrementalCachingStateStep.java:49)
		at org.gradle.internal.execution.steps.ResolveIncrementalCachingStateStep.executeDelegat
e(ResolveIncrementalCachingStateStep.java:27)
		at org.gradle.internal.execution.steps.AbstractResolveCachingStateStep.execute(AbstractR
esolveCachingStateStep.java:71)
		at org.gradle.internal.execution.steps.AbstractResolveCachingStateStep.execute(AbstractR
esolveCachingStateStep.java:39)
		at 
org.gradle.internal.execution.steps.ResolveChangesStep.execute(ResolveChangesStep.java:65)
		at 
org.gradle.internal.execution.steps.ResolveChangesStep.execute(ResolveChangesStep.java:36)
		at org.gradle.internal.execution.steps.ValidateStep.execute(ValidateStep.java:107)
		at org.gradle.internal.execution.steps.ValidateStep.execute(ValidateStep.java:56)
		at org.gradle.internal.execution.steps.AbstractCaptureStateBeforeExecutionStep.execute(A
bstractCaptureStateBeforeExecutionStep.java:64)
		at org.gradle.internal.execution.steps.AbstractCaptureStateBeforeExecutionStep.execute(A
bstractCaptureStateBeforeExecutionStep.java:43)
		at org.gradle.internal.execution.steps.AbstractSkipEmptyWorkStep.executeWithNonEmptySour
ces(AbstractSkipEmptyWorkStep.java:125)
		at org.gradle.internal.execution.steps.AbstractSkipEmptyWorkStep.execute(AbstractSkipEmp
tyWorkStep.java:56)
		at org.gradle.internal.execution.steps.AbstractSkipEmptyWorkStep.execute(AbstractSkipEmp
tyWorkStep.java:36)
		at org.gradle.internal.execution.steps.legacy.MarkSnapshottingInputsStartedStep.execute(
MarkSnapshottingInputsStartedStep.java:38)
		at org.gradle.internal.execution.steps.LoadPreviousExecutionStateStep.execute(LoadPrevio
usExecutionStateStep.java:36)
		at org.gradle.internal.execution.steps.LoadPreviousExecutionStateStep.execute(LoadPrevio
usExecutionStateStep.java:23)
		at org.gradle.internal.execution.steps.HandleStaleOutputsStep.execute(HandleStaleOutputs
Step.java:75)
		at org.gradle.internal.execution.steps.HandleStaleOutputsStep.execute(HandleStaleOutputs
Step.java:41)
		at org.gradle.internal.execution.steps.AssignMutableWorkspaceStep.lambda$execute$0(Assig
nMutableWorkspaceStep.java:35)
		at org.gradle.api.internal.tasks.execution.TaskExecution$4.withWorkspace(TaskExecution.j
ava:289)
		at org.gradle.internal.execution.steps.AssignMutableWorkspaceStep.execute(AssignMutableW
orkspaceStep.java:31)
		at org.gradle.internal.execution.steps.AssignMutableWorkspaceStep.execute(AssignMutableW
orkspaceStep.java:22)
		at 
org.gradle.internal.execution.steps.ChoosePipelineStep.execute(ChoosePipelineStep.java:40)
		at 
org.gradle.internal.execution.steps.ChoosePipelineStep.execute(ChoosePipelineStep.java:23)
		at org.gradle.internal.execution.steps.ExecuteWorkBuildOperationFiringStep.lambda$execut
e$2(ExecuteWorkBuildOperationFiringStep.java:67)
		at java.base/java.util.Optional.orElseGet(Unknown Source)
		at org.gradle.internal.execution.steps.ExecuteWorkBuildOperationFiringStep.execute(Execu
teWorkBuildOperationFiringStep.java:67)
		at org.gradle.internal.execution.steps.ExecuteWorkBuildOperationFiringStep.execute(Execu
teWorkBuildOperationFiringStep.java:39)
		at 
org.gradle.internal.execution.steps.IdentityCacheStep.execute(IdentityCacheStep.java:46)
		at 
org.gradle.internal.execution.steps.IdentityCacheStep.execute(IdentityCacheStep.java:34)
		at org.gradle.internal.execution.steps.IdentifyStep.execute(IdentifyStep.java:48)
		at org.gradle.internal.execution.steps.IdentifyStep.execute(IdentifyStep.java:35)
		at org.gradle.internal.execution.impl.DefaultExecutionEngine$1.execute(DefaultExecutionE
ngine.java:64)
		at org.gradle.api.internal.tasks.execution.ExecuteActionsTaskExecuter.executeIfValid(Exe
cuteActionsTaskExecuter.java:127)
		at org.gradle.api.internal.tasks.execution.ExecuteActionsTaskExecuter.execute(ExecuteAct
ionsTaskExecuter.java:116)
		at org.gradle.api.internal.tasks.execution.ProblemsTaskPathTrackingTaskExecuter.execute(
ProblemsTaskPathTrackingTaskExecuter.java:41)
		at org.gradle.api.internal.tasks.execution.FinalizePropertiesTaskExecuter.execute(Finali
zePropertiesTaskExecuter.java:46)
		at org.gradle.api.internal.tasks.execution.ResolveTaskExecutionModeExecuter.execute(Reso
lveTaskExecutionModeExecuter.java:51)
		at org.gradle.api.internal.tasks.execution.SkipTaskWithNoActionsExecuter.execute(SkipTas
kWithNoActionsExecuter.java:57)
		at org.gradle.api.internal.tasks.execution.SkipOnlyIfTaskExecuter.execute(SkipOnlyIfTask
Executer.java:74)
		at org.gradle.api.internal.tasks.execution.CatchExceptionTaskExecuter.execute(CatchExcep
tionTaskExecuter.java:36)
63 actionable tasks: 1 executed, 62 up-to-date
		at org.gradle.api.internal.tasks.execution.EventFiringTaskExecuter$1.executeTask(EventFi
ringTaskExecuter.java:77)
		at org.gradle.api.internal.tasks.execution.EventFiringTaskExecuter$1.call(EventFiringTas
kExecuter.java:55)
		at org.gradle.api.internal.tasks.execution.EventFiringTaskExecuter$1.call(EventFiringTas
kExecuter.java:52)
		at org.gradle.internal.operations.DefaultBuildOperationRunner$CallableBuildOperationWork
er.execute(DefaultBuildOperationRunner.java:210)
		at org.gradle.internal.operations.DefaultBuildOperationRunner$CallableBuildOperationWork
er.execute(DefaultBuildOperationRunner.java:205)
		at org.gradle.internal.operations.DefaultBuildOperationRunner$2.execute(DefaultBuildOper
ationRunner.java:67)
		at org.gradle.internal.operations.DefaultBuildOperationRunner$2.execute(DefaultBuildOper
ationRunner.java:60)
		at org.gradle.internal.operations.DefaultBuildOperationRunner.execute(DefaultBuildOperat
ionRunner.java:167)
		at org.gradle.internal.operations.DefaultBuildOperationRunner.execute(DefaultBuildOperat
ionRunner.java:60)
		at org.gradle.internal.operations.DefaultBuildOperationRunner.call(DefaultBuildOperation
Runner.java:54)
		at org.gradle.api.internal.tasks.execution.EventFiringTaskExecuter.execute(EventFiringTa
skExecuter.java:52)
		at 
org.gradle.execution.plan.LocalTaskNodeExecutor.execute(LocalTaskNodeExecutor.java:42)
		at org.gradle.execution.taskgraph.DefaultTaskExecutionGraph$InvokeNodeExecutorsAction.ex
ecute(DefaultTaskExecutionGraph.java:331)
		at org.gradle.execution.taskgraph.DefaultTaskExecutionGraph$InvokeNodeExecutorsAction.ex
ecute(DefaultTaskExecutionGraph.java:318)
		at org.gradle.execution.taskgraph.DefaultTaskExecutionGraph$BuildOperationAwareExecution
Action.lambda$execute$0(DefaultTaskExecutionGraph.java:314)
		at org.gradle.internal.operations.CurrentBuildOperationRef.with(CurrentBuildOperationRef
.java:85)
		at org.gradle.execution.taskgraph.DefaultTaskExecutionGraph$BuildOperationAwareExecution
Action.execute(DefaultTaskExecutionGraph.java:314)
		at org.gradle.execution.taskgraph.DefaultTaskExecutionGraph$BuildOperationAwareExecution
Action.execute(DefaultTaskExecutionGraph.java:303)
		at org.gradle.execution.plan.DefaultPlanExecutor$ExecutorWorker.execute(DefaultPlanExecu
tor.java:459)
		at org.gradle.execution.plan.DefaultPlanExecutor$ExecutorWorker.run(DefaultPlanExecutor.
java:376)
		at org.gradle.internal.concurrent.ExecutorPolicy$CatchAndRecordFailures.onExecute(Execut
orPolicy.java:64)
		at org.gradle.internal.concurrent.AbstractManagedExecutor$1.run(AbstractManagedExecutor.
java:48)
		at java.base/java.util.concurrent.ThreadPoolExecutor.runWorker(Unknown Source)
		at java.base/java.util.concurrent.ThreadPoolExecutor$Worker.run(Unknown Source)
		at java.base/java.lang.Thread.run(Unknown Source)


BUILD FAILED in 5s
